<html>
<body>
<pre>
<h1>�Vision Build Log</h1>
<h2>Tool Versions:</h2>
IDE-Version: ��Vision V5.38.0.0
Copyright (C) 2022 ARM Ltd and ARM Germany GmbH. All rights reserved.
License Information: 1 1, 1, LIC=KRMW3-ASLPY-LQ80Q-N6WG8-TK5DW-4SB27
 
Tool Versions:
Toolchain:       MDK-ARM Plus  Version: 5.38.0.0
Toolchain Path:  D:\Program Files\KEIL5\ARM\ARMCC\Bin
C Compiler:      Armcc.exe V5.06 update 6 (build 750)
Assembler:       Armasm.exe V5.06 update 6 (build 750)
Linker/Locator:  ArmLink.exe V5.06 update 6 (build 750)
Library Manager: ArmAr.exe V5.06 update 6 (build 750)
Hex Converter:   FromElf.exe V5.06 update 6 (build 750)
CPU DLL:         SARMCM3.DLL V5.38.0.0
Dialog DLL:      DCM.DLL V1.17.5.0
Target DLL:      CMSIS_AGDI.dll V1.33.15.0
Dialog DLL:      TCM.DLL V1.56.4.0
 
<h2>Project:</h2>
C:\Users\ypwan\Desktop\queen\Smart_home-_security_system\MDK-ARM\Smart_home _security_system.uvprojx
Project File Date:  03/10/2026

<h2>Output:</h2>
*** Using Compiler 'V5.06 update 6 (build 750)', folder: 'D:\Program Files\KEIL5\ARM\ARMCC\Bin'
Build target 'Smart_home _security_system'
compiling delay.c...
..\App\delay.c(4): warning:  #550-D: variable "fac_ms"  was set but never used
  static uint32_t fac_ms = 0;  // 毫秒延时系数
..\App\delay.c: 1 warning, 0 errors
compiling mqtt_publisher.c...
..\App\esp8266.h(57): warning:  #1-D: last line of file ends without a newline
  #endif /* __ESP8266_H */
..\App\mqtt_publisher.c: 1 warning, 0 errors
compiling esp8266.c...
..\App\esp8266.h(57): warning:  #1-D: last line of file ends without a newline
  #endif /* __ESP8266_H */
..\App\esp8266.c(281): warning:  #550-D: variable "got_response"  was set but never used
          bool got_response = false;
..\App\esp8266.c(25): warning:  #177-D: function "ESP8266_WaitForStr"  was declared but never referenced
  static bool ESP8266_WaitForStr(const char *str, uint32_t timeout_ms)
..\App\esp8266.c: 3 warnings, 0 errors
linking...
Program Size: Code=14366 RO-data=6978 RW-data=40 ZI-data=3696  
FromELF: creating hex file...
"Smart_home _security_system\Smart_home _security_system.axf" - 0 Error(s), 5 Warning(s).

<h2>Software Packages used:</h2>

Package Vendor: ARM
                http://www.keil.com/pack/ARM.CMSIS.5.9.0.pack
                ARM.CMSIS.5.9.0
                CMSIS (Common Microcontroller Software Interface Standard)
   * Component: CORE Version: 5.6.0

Package Vendor: Keil
                https://www.keil.com/pack/Keil.STM32F1xx_DFP.2.4.1.pack
                Keil.STM32F1xx_DFP.2.4.1
                STMicroelectronics STM32F1 Series Device Support, Drivers and Examples

<h2>Collection of Component include folders:</h2>
  ./RTE/_Smart_home__security_system
  C:/Users/ypwan/AppData/Local/Arm/Packs/ARM/CMSIS/5.9.0/CMSIS/Core/Include
  C:/Users/ypwan/AppData/Local/Arm/Packs/Keil/STM32F1xx_DFP/2.4.1/Device/Include

<h2>Collection of Component Files used:</h2>

   * Component: ARM::CMSIS:CORE:5.6.0
      Include file:  CMSIS/Core/Include/tz_context.h
Build Time Elapsed:  00:00:01
</pre>
</body>
</html>
