Component: ARM Compiler 5.06 update 6 (build 750) Tool: armlink [4d35ed]

==============================================================================

Section Cross References

    startup_stm32f103xb.o(STACK) refers (Special) to heapauxi.o(.text) for __use_two_region_memory
    startup_stm32f103xb.o(HEAP) refers (Special) to heapauxi.o(.text) for __use_two_region_memory
    startup_stm32f103xb.o(RESET) refers (Special) to heapauxi.o(.text) for __use_two_region_memory
    startup_stm32f103xb.o(RESET) refers to startup_stm32f103xb.o(STACK) for __initial_sp
    startup_stm32f103xb.o(RESET) refers to startup_stm32f103xb.o(.text) for Reset_Handler
    startup_stm32f103xb.o(RESET) refers to stm32f1xx_it.o(i.NMI_Handler) for NMI_Handler
    startup_stm32f103xb.o(RESET) refers to stm32f1xx_it.o(i.HardFault_Handler) for HardFault_Handler
    startup_stm32f103xb.o(RESET) refers to stm32f1xx_it.o(i.MemManage_Handler) for MemManage_Handler
    startup_stm32f103xb.o(RESET) refers to stm32f1xx_it.o(i.BusFault_Handler) for BusFault_Handler
    startup_stm32f103xb.o(RESET) refers to stm32f1xx_it.o(i.UsageFault_Handler) for UsageFault_Handler
    startup_stm32f103xb.o(RESET) refers to stm32f1xx_it.o(i.SVC_Handler) for SVC_Handler
    startup_stm32f103xb.o(RESET) refers to stm32f1xx_it.o(i.DebugMon_Handler) for DebugMon_Handler
    startup_stm32f103xb.o(RESET) refers to stm32f1xx_it.o(i.PendSV_Handler) for PendSV_Handler
    startup_stm32f103xb.o(RESET) refers to stm32f1xx_it.o(i.SysTick_Handler) for SysTick_Handler
    startup_stm32f103xb.o(RESET) refers to stm32f1xx_it.o(i.DMA1_Channel6_IRQHandler) for DMA1_Channel6_IRQHandler
    startup_stm32f103xb.o(RESET) refers to stm32f1xx_it.o(i.DMA1_Channel7_IRQHandler) for DMA1_Channel7_IRQHandler
    startup_stm32f103xb.o(RESET) refers to stm32f1xx_it.o(i.USART1_IRQHandler) for USART1_IRQHandler
    startup_stm32f103xb.o(RESET) refers to stm32f1xx_it.o(i.USART2_IRQHandler) for USART2_IRQHandler
    startup_stm32f103xb.o(RESET) refers to stm32f1xx_it.o(i.EXTI15_10_IRQHandler) for EXTI15_10_IRQHandler
    startup_stm32f103xb.o(.text) refers (Special) to heapauxi.o(.text) for __use_two_region_memory
    startup_stm32f103xb.o(.text) refers to system_stm32f1xx.o(i.SystemInit) for SystemInit
    startup_stm32f103xb.o(.text) refers to __main.o(!!!main) for __main
    startup_stm32f103xb.o(.text) refers to startup_stm32f103xb.o(HEAP) for Heap_Mem
    startup_stm32f103xb.o(.text) refers to startup_stm32f103xb.o(STACK) for Stack_Mem
    main.o(i.FLASH_Write_Thresholds) refers to stm32f1xx_hal_flash.o(i.HAL_FLASH_Unlock) for HAL_FLASH_Unlock
    main.o(i.FLASH_Write_Thresholds) refers to stm32f1xx_hal_flash_ex.o(i.HAL_FLASHEx_Erase) for HAL_FLASHEx_Erase
    main.o(i.FLASH_Write_Thresholds) refers to stm32f1xx_hal_flash.o(i.HAL_FLASH_Program) for HAL_FLASH_Program
    main.o(i.FLASH_Write_Thresholds) refers to stm32f1xx_hal_flash.o(i.HAL_FLASH_Lock) for HAL_FLASH_Lock
    main.o(i.HAL_GPIO_EXTI_Callback) refers to main.o(.data) for .data
    main.o(i.SystemClock_Config) refers to rt_memclr_w.o(.text) for __aeabi_memclr4
    main.o(i.SystemClock_Config) refers to stm32f1xx_hal_rcc.o(i.HAL_RCC_OscConfig) for HAL_RCC_OscConfig
    main.o(i.SystemClock_Config) refers to stm32f1xx_hal_rcc.o(i.HAL_RCC_ClockConfig) for HAL_RCC_ClockConfig
    main.o(i.SystemClock_Config) refers to stm32f1xx_hal_rcc_ex.o(i.HAL_RCCEx_PeriphCLKConfig) for HAL_RCCEx_PeriphCLKConfig
    main.o(i.Update_Setting_Display) refers to _printf_percent.o(.ARM.Collect$$_printf_percent$$00000000) for _printf_percent
    main.o(i.Update_Setting_Display) refers to _printf_d.o(.ARM.Collect$$_printf_percent$$00000009) for _printf_d
    main.o(i.Update_Setting_Display) refers to _printf_dec.o(.text) for _printf_int_dec
    main.o(i.Update_Setting_Display) refers to __2sprintf.o(.text) for __2sprintf
    main.o(i.Update_Setting_Display) refers to oled.o(i.OLED_ShowString) for OLED_ShowString
    main.o(i.Update_Setting_Display) refers to oled.o(i.OLED_Refresh) for OLED_Refresh
    main.o(i.Update_Setting_Display) refers to oled.o(i.OLED_Clear) for OLED_Clear
    main.o(i.Update_Setting_Display) refers to dht11.o(i.DHT11_Read_Data) for DHT11_Read_Data
    main.o(i.Update_Setting_Display) refers to oled.o(i.OLED_ShowTempHumidity) for OLED_ShowTempHumidity
    main.o(i.Update_Setting_Display) refers to main.o(.data) for .data
    main.o(i.Update_Setting_Display) refers to oled.o(.bss) for OLED_GRAM
    main.o(i.main) refers to _printf_percent.o(.ARM.Collect$$_printf_percent$$00000000) for _printf_percent
    main.o(i.main) refers to _printf_d.o(.ARM.Collect$$_printf_percent$$00000009) for _printf_d
    main.o(i.main) refers to _printf_dec.o(.text) for _printf_int_dec
    main.o(i.main) refers to stm32f1xx_hal.o(i.HAL_Init) for HAL_Init
    main.o(i.main) refers to main.o(i.SystemClock_Config) for SystemClock_Config
    main.o(i.main) refers to gpio.o(i.MX_GPIO_Init) for MX_GPIO_Init
[...]
    ..\App\cJSON.c                           0x00000000   Number         0  cjson.o ABSOLUTE
    ..\App\delay.c                           0x00000000   Number         0  delay.o ABSOLUTE
    ..\App\dht11.c                           0x00000000   Number         0  dht11.o ABSOLUTE
    ..\App\esp8266.c                         0x00000000   Number         0  esp8266.o ABSOLUTE
    ..\App\mqtt_publisher.c                  0x00000000   Number         0  mqtt_publisher.o ABSOLUTE
    ..\App\oled.c                            0x00000000   Number         0  oled.o ABSOLUTE
    ..\Core\Src\adc.c                        0x00000000   Number         0  adc.o ABSOLUTE
    ..\Core\Src\dma.c                        0x00000000   Number         0  dma.o ABSOLUTE
    ..\Core\Src\gpio.c                       0x00000000   Number         0  gpio.o ABSOLUTE
    ..\Core\Src\main.c                       0x00000000   Number         0  main.o ABSOLUTE
    ..\Core\Src\stm32f1xx_hal_msp.c          0x00000000   Number         0  stm32f1xx_hal_msp.o ABSOLUTE
    ..\Core\Src\stm32f1xx_it.c               0x00000000   Number         0  stm32f1xx_it.o ABSOLUTE
    ..\Core\Src\system_stm32f1xx.c           0x00000000   Number         0  system_stm32f1xx.o ABSOLUTE
    ..\Core\Src\usart.c                      0x00000000   Number         0  usart.o ABSOLUTE
    ..\Drivers\STM32F1xx_HAL_Driver\Src\stm32f1xx_hal.c 0x00000000   Number         0  stm32f1xx_hal.o ABSOLUTE
    ..\Drivers\STM32F1xx_HAL_Driver\Src\stm32f1xx_hal_adc.c 0x00000000   Number         0  stm32f1xx_hal_adc.o ABSOLUTE
    ..\Drivers\STM32F1xx_HAL_Driver\Src\stm32f1xx_hal_adc_ex.c 0x00000000   Number         0  stm32f1xx_hal_adc_ex.o ABSOLUTE
    ..\Drivers\STM32F1xx_HAL_Driver\Src\stm32f1xx_hal_cortex.c 0x00000000   Number         0  stm32f1xx_hal_cortex.o ABSOLUTE
    ..\Drivers\STM32F1xx_HAL_Driver\Src\stm32f1xx_hal_dma.c 0x00000000   Number         0  stm32f1xx_hal_dma.o ABSOLUTE
    ..\Drivers\STM32F1xx_HAL_Driver\Src\stm32f1xx_hal_exti.c 0x00000000   Number         0  stm32f1xx_hal_exti.o ABSOLUTE
    ..\Drivers\STM32F1xx_HAL_Driver\Src\stm32f1xx_hal_flash.c 0x00000000   Number         0  stm32f1xx_hal_flash.o ABSOLUTE
    ..\Drivers\STM32F1xx_HAL_Driver\Src\stm32f1xx_hal_flash_ex.c 0x00000000   Number         0  stm32f1xx_hal_flash_ex.o ABSOLUTE
    ..\Drivers\STM32F1xx_HAL_Driver\Src\stm32f1xx_hal_gpio.c 0x00000000   Number         0  stm32f1xx_hal_gpio.o ABSOLUTE
    ..\Drivers\STM32F1xx_HAL_Driver\Src\stm32f1xx_hal_gpio_ex.c 0x00000000   Number         0  stm32f1xx_hal_gpio_ex.o ABSOLUTE
    ..\Drivers\STM32F1xx_HAL_Driver\Src\stm32f1xx_hal_pwr.c 0x00000000   Number         0  stm32f1xx_hal_pwr.o ABSOLUTE
    ..\Drivers\STM32F1xx_HAL_Driver\Src\stm32f1xx_hal_rcc.c 0x00000000   Number         0  stm32f1xx_hal_rcc.o ABSOLUTE
    ..\Drivers\STM32F1xx_HAL_Driver\Src\stm32f1xx_hal_rcc_ex.c 0x00000000   Number         0  stm32f1xx_hal_rcc_ex.o ABSOLUTE
    ..\Drivers\STM32F1xx_HAL_Driver\Src\stm32f1xx_hal_uart.c 0x00000000   Number         0  stm32f1xx_hal_uart.o ABSOLUTE
    ..\\App\\delay.c                         0x00000000   Number         0  delay.o ABSOLUTE
    ..\\App\\dht11.c                         0x00000000   Number         0  dht11.o ABSOLUTE
    ..\\App\\esp8266.c                       0x00000000   Number         0  esp8266.o ABSOLUTE
    ..\\App\\mqtt_publisher.c                0x00000000   Number         0  mqtt_publisher.o ABSOLUTE
    ..\\App\\oled.c                          0x00000000   Number         0  oled.o ABSOLUTE
    dc.s                                     0x00000000   Number         0  dc.o ABSOLUTE
    startup_stm32f103xb.s                    0x00000000   Number         0  startup_stm32f103xb.o ABSOLUTE
    RESET                                    0x08000000   Section      236  startup_stm32f103xb.o(RESET)
    !!!main                                  0x080000ec   Section        8  __main.o(!!!main)
    !!!scatter                               0x080000f4   Section       52  __scatter.o(!!!scatter)
    !!handler_copy                           0x08000128   Section       26  __scatter_copy.o(!!handler_copy)
    !!handler_zi                             0x08000144   Section       28  __scatter_zi.o(!!handler_zi)
    .ARM.Collect$$_printf_percent$$00000000  0x08000160   Section        0  _printf_percent.o(.ARM.Collect$$_printf_percent$$00000000)
    .ARM.Collect$$_printf_percent$$00000009  0x08000160   Section        6  _printf_d.o(.ARM.Collect$$_printf_percent$$00000009)
    .ARM.Collect$$_printf_percent$$00000017  0x08000166   Section        4  _printf_percent_end.o(.ARM.Collect$$_printf_percent$$00000017)
    .ARM.Collect$$libinit$$00000000          0x0800016a   Section        2  libinit.o(.ARM.Collect$$libinit$$00000000)
    .ARM.Collect$$libinit$$00000002          0x0800016c   Section        0  libinit2.o(.ARM.Collect$$libinit$$00000002)
    .ARM.Collect$$libinit$$00000004          0x0800016c   Section        0  libinit2.o(.ARM.Collect$$libinit$$00000004)
    .ARM.Collect$$libinit$$0000000A          0x0800016c   Section        0  libinit2.o(.ARM.Collect$$libinit$$0000000A)
    .ARM.Collect$$libinit$$0000000C          0x0800016c   Section        0  libinit2.o(.ARM.Collect$$libinit$$0000000C)
    .ARM.Collect$$libinit$$0000000E          0x0800016c   Section        0  libinit2.o(.ARM.Collect$$libinit$$0000000E)
    .ARM.Collect$$libinit$$00000011          0x0800016c   Section        0  libinit2.o(.ARM.Collect$$libinit$$00000011)
    .ARM.Collect$$libinit$$00000013          0x0800016c   Section        0  libinit2.o(.ARM.Collect$$libinit$$00000013)
    .ARM.Collect$$libinit$$00000015          0x0800016c   Section        0  libinit2.o(.ARM.Collect$$libinit$$00000015)
    .ARM.Collect$$libinit$$00000017          0x0800016c   Section        0  libinit2.o(.ARM.Collect$$libinit$$00000017)
    .ARM.Collect$$libinit$$00000019          0x0800016c   Section        0  libinit2.o(.ARM.Collect$$libinit$$00000019)
    .ARM.Collect$$libinit$$0000001B          0x0800016c   Section        0  libinit2.o(.ARM.Collect$$libinit$$0000001B)
    .ARM.Collect$$libinit$$0000001D          0x0800016c   Section        0  libinit2.o(.ARM.Collect$$libinit$$0000001D)
    .ARM.Collect$$libinit$$0000001F          0x0800016c   Section        0  libinit2.o(.ARM.Collect$$libinit$$0000001F)
    .ARM.Collect$$libinit$$00000021          0x0800016c   Section        0  libinit2.o(.ARM.Collect$$libinit$$00000021)
    .ARM.Collect$$libinit$$00000023          0x0800016c   Section        0  libinit2.o(.ARM.Collect$$libinit$$00000023)
    .ARM.Collect$$libinit$$00000025          0x0800016c   Section        0  libinit2.o(.ARM.Collect$$libinit$$00000025)
    .ARM.Collect$$libinit$$0000002C          0x0800016c   Section        0  libinit2.o(.ARM.Collect$$libinit$$0000002C)
    .ARM.Collect$$libinit$$0000002E          0x0800016c   Section        0  libinit2.o(.ARM.Collect$$libinit$$0000002E)
    .ARM.Collect$$libinit$$00000030          0x0800016c   Section        0  libinit2.o(.ARM.Collect$$libinit$$00000030)
    .ARM.Collect$$libinit$$00000032          0x0800016c   Section        0  libinit2.o(.ARM.Collect$$libinit$$00000032)
    .ARM.Collect$$libinit$$00000033          0x0800016c   Section        2  libinit2.o(.ARM.Collect$$libinit$$00000033)
    .ARM.Collect$$libshutdown$$00000000      0x0800016e   Section        2  libshutdown.o(.ARM.Collect$$libshutdown$$00000000)
    .ARM.Collect$$libshutdown$$00000002      0x08000170   Section        0  libshutdown2.o(.ARM.Collect$$libshutdown$$00000002)
    .ARM.Collect$$libshutdown$$00000004      0x08000170   Section        0  libshutdown2.o(.ARM.Collect$$libshutdown$$00000004)
    .ARM.Collect$$libshutdown$$00000007      0x08000170   Section        0  libshutdown2.o(.ARM.Collect$$libshutdown$$00000007)
    .ARM.Collect$$libshutdown$$0000000A      0x08000170   Section        0  libshutdown2.o(.ARM.Collect$$libshutdown$$0000000A)
    .ARM.Collect$$libshutdown$$0000000C      0x08000170   Section        0  libshutdown2.o(.ARM.Collect$$libshutdown$$0000000C)
    .ARM.Collect$$libshutdown$$0000000F      0x08000170   Section        0  libshutdown2.o(.ARM.Collect$$libshutdown$$0000000F)
    .ARM.Collect$$libshutdown$$00000010      0x08000170   Section        2  libshutdown2.o(.ARM.Collect$$libshutdown$$00000010)
    .ARM.Collect$$rtentry$$00000000          0x08000172   Section        0  __rtentry.o(.ARM.Collect$$rtentry$$00000000)
    .ARM.Collect$$rtentry$$00000002          0x08000172   Section        0  __rtentry2.o(.ARM.Collect$$rtentry$$00000002)
    .ARM.Collect$$rtentry$$00000004          0x08000172   Section        6  __rtentry4.o(.ARM.Collect$$rtentry$$00000004)
    .ARM.Collect$$rtentry$$00000009          0x08000178   Section        0  __rtentry2.o(.ARM.Collect$$rtentry$$00000009)
    .ARM.Collect$$rtentry$$0000000A          0x08000178   Section        4  __rtentry2.o(.ARM.Collect$$rtentry$$0000000A)
    .ARM.Collect$$rtentry$$0000000C          0x0800017c   Section        0  __rtentry2.o(.ARM.Collect$$rtentry$$0000000C)
    .ARM.Collect$$rtentry$$0000000D          0x0800017c   Section        8  __rtentry2.o(.ARM.Collect$$rtentry$$0000000D)
    .ARM.Collect$$rtexit$$00000000           0x08000184   Section        2  rtexit.o(.ARM.Collect$$rtexit$$00000000)
    .ARM.Collect$$rtexit$$00000002           0x08000186   Section        0  rtexit2.o(.ARM.Collect$$rtexit$$00000002)
    .ARM.Collect$$rtexit$$00000003           0x08000186   Section        4  rtexit2.o(.ARM.Collect$$rtexit$$00000003)
    .ARM.Collect$$rtexit$$00000004           0x0800018a   Section        6  rtexit2.o(.ARM.Collect$$rtexit$$00000004)
    .text                                    0x08000190   Section       64  startup_stm32f103xb.o(.text)
    .text                                    0x080001d0   Section       38  llushr.o(.text)
    .text                                    0x080001f8   Section        0  __2sprintf.o(.text)
    .text                                    0x08000224   Section        0  _printf_dec.o(.text)
    .text                                    0x0800029c   Section        0  __printf_flags_ss_wp.o(.text)
    .text                                    0x08000424   Section       78  rt_memclr_w.o(.text)
    .text                                    0x08000472   Section        0  heapauxi.o(.text)
    .text                                    0x08000478   Section        0  _printf_intcommon.o(.text)
    .text                                    0x0800052c   Section        0  _printf_char_common.o(.text)
    _printf_input_char                       0x0800052d   Thumb Code    10  _printf_char_common.o(.text)
    .text                                    0x0800055c   Section        0  _sputc.o(.text)
    .text                                    0x08000568   Section        8  libspace.o(.text)
    .text                                    0x08000570   Section        2  use_no_semi.o(.text)
    .text                                    0x08000572   Section        0  indicate_semi.o(.text)
    .text                                    0x08000572   Section       74  sys_stackheap_outer.o(.text)
    .text                                    0x080005bc   Section        0  exit.o(.text)
    .text                                    0x080005d0   Section        0  sys_exit.o(.text)
    i.ADC_ConversionStop_Disable             0x080005dc   Section        0  stm32f1xx_hal_adc.o(i.ADC_ConversionStop_Disable)
    i.ADC_Enable                             0x08000634   Section        0  stm32f1xx_hal_adc.o(i.ADC_Enable)
    i.BusFault_Handler                       0x080006b0   Section        0  stm32f1xx_it.o(i.BusFault_Handler)
    i.DHT11_GPIO_Input                       0x080006b4   Section        0  dht11.o(i.DHT11_GPIO_Input)
    i.DHT11_GPIO_Output                      0x080006d4   Section        0  dht11.o(i.DHT11_GPIO_Output)
    i.DHT11_Read_Data                        0x080006f4   Section        0  dht11.o(i.DHT11_Read_Data)
    i.DMA1_Channel6_IRQHandler               0x08000838   Section        0  stm32f1xx_it.o(i.DMA1_Channel6_IRQHandler)
    i.DMA1_Channel7_IRQHandler               0x08000844   Section        0  stm32f1xx_it.o(i.DMA1_Channel7_IRQHandler)
    i.DMA_SetConfig                          0x08000850   Section        0  stm32f1xx_hal_dma.o(i.DMA_SetConfig)
    DMA_SetConfig                            0x08000851   Thumb Code    42  stm32f1xx_hal_dma.o(i.DMA_SetConfig)
    i.DebugMon_Handler                       0x0800087a   Section        0  stm32f1xx_it.o(i.DebugMon_Handler)
    i.EXTI15_10_IRQHandler                   0x0800087c   Section        0  stm32f1xx_it.o(i.EXTI15_10_IRQHandler)
    i.Error_Handler                          0x0800089a   Section        0  main.o(i.Error_Handler)
    i.FLASH_MassErase                        0x080008a0   Section        0  stm32f1xx_hal_flash_ex.o(i.FLASH_MassErase)
    FLASH_MassErase                          0x080008a1   Thumb Code    26  stm32f1xx_hal_flash_ex.o(i.FLASH_MassErase)
    i.FLASH_PageErase                        0x080008c4   Section        0  stm32f1xx_hal_flash_ex.o(i.FLASH_PageErase)
    i.FLASH_Program_HalfWord                 0x080008e8   Section        0  stm32f1xx_hal_flash.o(i.FLASH_Program_HalfWord)
    FLASH_Program_HalfWord                   0x080008e9   Thumb Code    20  stm32f1xx_hal_flash.o(i.FLASH_Program_HalfWord)
    i.FLASH_Read_Thresholds                  0x08000904   Section        0  main.o(i.FLASH_Read_Thresholds)
    i.FLASH_SetErrorCode                     0x0800094c   Section        0  stm32f1xx_hal_flash.o(i.FLASH_SetErrorCode)
    FLASH_SetErrorCode                       0x0800094d   Thumb Code    84  stm32f1xx_hal_flash.o(i.FLASH_SetErrorCode)
    i.FLASH_WaitForLastOperation             0x080009a8   Section        0  stm32f1xx_hal_flash.o(i.FLASH_WaitForLastOperation)
    i.FLASH_Write_Thresholds                 0x080009fc   Section        0  main.o(i.FLASH_Write_Thresholds)
    i.HAL_ADC_ConfigChannel                  0x08000a34   Section        0  stm32f1xx_hal_adc.o(i.HAL_ADC_ConfigChannel)
    i.HAL_ADC_GetValue                       0x08000b30   Section        0  stm32f1xx_hal_adc.o(i.HAL_ADC_GetValue)
    i.HAL_ADC_Init                           0x08000b38   Section        0  stm32f1xx_hal_adc.o(i.HAL_ADC_Init)
    i.HAL_ADC_MspInit                        0x08000c54   Section        0  adc.o(i.HAL_ADC_MspInit)
    i.HAL_ADC_PollForConversion              0x08000cac   Section        0  stm32f1xx_hal_adc.o(i.HAL_ADC_PollForConversion)
    i.HAL_ADC_Start                          0x08000de8   Section        0  stm32f1xx_hal_adc.o(i.HAL_ADC_Start)
    i.HAL_ADC_Stop                           0x08000ea8   Section        0  stm32f1xx_hal_adc.o(i.HAL_ADC_Stop)
    i.HAL_DMA_Abort                          0x08000edc   Section        0  stm32f1xx_hal_dma.o(i.HAL_DMA_Abort)
    i.HAL_DMA_Abort_IT                       0x08000f24   Section        0  stm32f1xx_hal_dma.o(i.HAL_DMA_Abort_IT)
    i.HAL_DMA_IRQHandler                     0x08000fbc   Section        0  stm32f1xx_hal_dma.o(i.HAL_DMA_IRQHandler)
    i.HAL_DMA_Init                           0x08001110   Section        0  stm32f1xx_hal_dma.o(i.HAL_DMA_Init)
    i.HAL_DMA_Start_IT                       0x0800116c   Section        0  stm32f1xx_hal_dma.o(i.HAL_DMA_Start_IT)
    i.HAL_Delay                              0x080011dc   Section        0  stm32f1xx_hal.o(i.HAL_Delay)
    i.HAL_FLASHEx_Erase                      0x08001200   Section        0  stm32f1xx_hal_flash_ex.o(i.HAL_FLASHEx_Erase)
    i.HAL_FLASH_Lock                         0x080012a8   Section        0  stm32f1xx_hal_flash.o(i.HAL_FLASH_Lock)
    i.HAL_FLASH_Program                      0x080012bc   Section        0  stm32f1xx_hal_flash.o(i.HAL_FLASH_Program)
    i.HAL_FLASH_Unlock                       0x0800133c   Section        0  stm32f1xx_hal_flash.o(i.HAL_FLASH_Unlock)
    i.HAL_GPIO_EXTI_Callback                 0x08001364   Section        0  main.o(i.HAL_GPIO_EXTI_Callback)
    i.HAL_GPIO_EXTI_IRQHandler               0x0800138c   Section        0  stm32f1xx_hal_gpio.o(i.HAL_GPIO_EXTI_IRQHandler)
    i.HAL_GPIO_Init                          0x080013a4   Section        0  stm32f1xx_hal_gpio.o(i.HAL_GPIO_Init)
    i.HAL_GPIO_ReadPin                       0x08001584   Section        0  stm32f1xx_hal_gpio.o(i.HAL_GPIO_ReadPin)
    i.HAL_GPIO_WritePin                      0x0800158e   Section        0  stm32f1xx_hal_gpio.o(i.HAL_GPIO_WritePin)
    i.HAL_GetTick                            0x08001598   Section        0  stm32f1xx_hal.o(i.HAL_GetTick)
    i.HAL_IncTick                            0x080015a4   Section        0  stm32f1xx_hal.o(i.HAL_IncTick)
    i.HAL_Init                               0x080015b4   Section        0  stm32f1xx_hal.o(i.HAL_Init)
    i.HAL_InitTick                           0x080015d8   Section        0  stm32f1xx_hal.o(i.HAL_InitTick)
    i.HAL_MspInit                            0x08001618   Section        0  stm32f1xx_hal_msp.o(i.HAL_MspInit)
    i.HAL_NVIC_EnableIRQ                     0x08001654   Section        0  stm32f1xx_hal_cortex.o(i.HAL_NVIC_EnableIRQ)
    i.HAL_NVIC_SetPriority                   0x08001670   Section        0  stm32f1xx_hal_cortex.o(i.HAL_NVIC_SetPriority)
    i.HAL_NVIC_SetPriorityGrouping           0x080016b0   Section        0  stm32f1xx_hal_cortex.o(i.HAL_NVIC_SetPriorityGrouping)
    i.HAL_RCCEx_GetPeriphCLKFreq             0x080016d4   Section        0  stm32f1xx_hal_rcc_ex.o(i.HAL_RCCEx_GetPeriphCLKFreq)
    i.HAL_RCCEx_PeriphCLKConfig              0x08001778   Section        0  stm32f1xx_hal_rcc_ex.o(i.HAL_RCCEx_PeriphCLKConfig)
    i.HAL_RCC_ClockConfig                    0x08001864   Section        0  stm32f1xx_hal_rcc.o(i.HAL_RCC_ClockConfig)
    i.HAL_RCC_GetPCLK1Freq                   0x08001990   Section        0  stm32f1xx_hal_rcc.o(i.HAL_RCC_GetPCLK1Freq)
    i.HAL_RCC_GetPCLK2Freq                   0x080019b0   Section        0  stm32f1xx_hal_rcc.o(i.HAL_RCC_GetPCLK2Freq)
    i.HAL_RCC_GetSysClockFreq                0x080019d0   Section        0  stm32f1xx_hal_rcc.o(i.HAL_RCC_GetSysClockFreq)
    i.HAL_RCC_OscConfig                      0x08001a1c   Section        0  stm32f1xx_hal_rcc.o(i.HAL_RCC_OscConfig)
    i.HAL_SYSTICK_Config                     0x08001d3c   Section        0  stm32f1xx_hal_cortex.o(i.HAL_SYSTICK_Config)
    i.HAL_UARTEx_RxEventCallback             0x08001d64   Section        0  stm32f1xx_hal_uart.o(i.HAL_UARTEx_RxEventCallback)
    i.HAL_UART_ErrorCallback                 0x08001d66   Section        0  stm32f1xx_hal_uart.o(i.HAL_UART_ErrorCallback)
    i.HAL_UART_IRQHandler                    0x08001d68   Section        0  stm32f1xx_hal_uart.o(i.HAL_UART_IRQHandler)
    i.HAL_UART_Init                          0x08001fd4   Section        0  stm32f1xx_hal_uart.o(i.HAL_UART_Init)
    i.HAL_UART_MspInit                       0x08002038   Section        0  usart.o(i.HAL_UART_MspInit)
    i.HAL_UART_Receive_DMA                   0x08002168   Section        0  stm32f1xx_hal_uart.o(i.HAL_UART_Receive_DMA)
    i.HAL_UART_Receive_IT                    0x08002184   Section        0  stm32f1xx_hal_uart.o(i.HAL_UART_Receive_IT)
    i.HAL_UART_RxCpltCallback                0x080021a0   Section        0  stm32f1xx_it.o(i.HAL_UART_RxCpltCallback)
    i.HAL_UART_RxHalfCpltCallback            0x08002210   Section        0  stm32f1xx_hal_uart.o(i.HAL_UART_RxHalfCpltCallback)
    i.HAL_UART_TxCpltCallback                0x08002212   Section        0  stm32f1xx_hal_uart.o(i.HAL_UART_TxCpltCallback)
    i.HardFault_Handler                      0x08002214   Section        0  stm32f1xx_it.o(i.HardFault_Handler)
    i.I2C_Start                              0x08002218   Section        0  oled.o(i.I2C_Start)
    i.I2C_Stop                               0x0800225c   Section        0  oled.o(i.I2C_Stop)
    i.I2C_WaitAck                            0x08002290   Section        0  oled.o(i.I2C_WaitAck)
    i.IIC_delay                              0x080022c8   Section        0  oled.o(i.IIC_delay)
    i.MQ5_Read_Value                         0x080022d4   Section        0  adc.o(i.MQ5_Read_Value)
    i.MX_ADC1_Init                           0x08002300   Section        0  adc.o(i.MX_ADC1_Init)
    i.MX_DMA_Init                            0x08002350   Section        0  dma.o(i.MX_DMA_Init)
    i.MX_GPIO_Init                           0x0800238c   Section        0  gpio.o(i.MX_GPIO_Init)
    i.MX_USART1_UART_Init                    0x08002458   Section        0  usart.o(i.MX_USART1_UART_Init)
    i.MX_USART2_UART_Init                    0x08002490   Section        0  usart.o(i.MX_USART2_UART_Init)
    i.MemManage_Handler                      0x080024c8   Section        0  stm32f1xx_it.o(i.MemManage_Handler)
    i.NMI_Handler                            0x080024ca   Section        0  stm32f1xx_it.o(i.NMI_Handler)
    i.OLED_Clear                             0x080024cc   Section        0  oled.o(i.OLED_Clear)
    i.OLED_DrawPoint                         0x080024f8   Section        0  oled.o(i.OLED_DrawPoint)
    i.OLED_Init                              0x08002524   Section        0  oled.o(i.OLED_Init)
    i.OLED_Pow                               0x080025fe   Section        0  oled.o(i.OLED_Pow)
    i.OLED_Refresh                           0x08002610   Section        0  oled.o(i.OLED_Refresh)
    i.OLED_Refresh_Line                      0x08002678   Section        0  oled.o(i.OLED_Refresh_Line)
    i.OLED_ShowChar                          0x080026d8   Section        0  oled.o(i.OLED_ShowChar)
    i.OLED_ShowGasConcentration              0x080027bc   Section        0  oled.o(i.OLED_ShowGasConcentration)
    i.OLED_ShowMQ5Value                      0x080028e4   Section        0  oled.o(i.OLED_ShowMQ5Value)
    i.OLED_ShowNum                           0x0800294c   Section        0  oled.o(i.OLED_ShowNum)
    i.OLED_ShowString                        0x080029ba   Section        0  oled.o(i.OLED_ShowString)
    i.OLED_ShowTempHumidity                  0x080029f8   Section        0  oled.o(i.OLED_ShowTempHumidity)
    i.OLED_WR_Byte                           0x08002ac8   Section        0  oled.o(i.OLED_WR_Byte)
    i.PendSV_Handler                         0x08002afe   Section        0  stm32f1xx_it.o(i.PendSV_Handler)
    i.SVC_Handler                            0x08002b00   Section        0  stm32f1xx_it.o(i.SVC_Handler)
    i.Send_Byte                              0x08002b04   Section        0  oled.o(i.Send_Byte)
    i.SysTick_Handler                        0x08002b58   Section        0  stm32f1xx_it.o(i.SysTick_Handler)
    i.SystemClock_Config                     0x08002b5c   Section        0  main.o(i.SystemClock_Config)
    i.SystemInit                             0x08002bce   Section        0  system_stm32f1xx.o(i.SystemInit)
    i.UART_DMAAbortOnError                   0x08002bd0   Section        0  stm32f1xx_hal_uart.o(i.UART_DMAAbortOnError)
    UART_DMAAbortOnError                     0x08002bd1   Thumb Code    16  stm32f1xx_hal_uart.o(i.UART_DMAAbortOnError)
    i.UART_DMAError                          0x08002be0   Section        0  stm32f1xx_hal_uart.o(i.UART_DMAError)
    UART_DMAError                            0x08002be1   Thumb Code    74  stm32f1xx_hal_uart.o(i.UART_DMAError)
    i.UART_DMAReceiveCplt                    0x08002c2a   Section        0  stm32f1xx_hal_uart.o(i.UART_DMAReceiveCplt)
    UART_DMAReceiveCplt                      0x08002c2b   Thumb Code   134  stm32f1xx_hal_uart.o(i.UART_DMAReceiveCplt)
    i.UART_DMARxHalfCplt                     0x08002cb0   Section        0  stm32f1xx_hal_uart.o(i.UART_DMARxHalfCplt)
    UART_DMARxHalfCplt                       0x08002cb1   Thumb Code    30  stm32f1xx_hal_uart.o(i.UART_DMARxHalfCplt)
    i.UART_EndRxTransfer                     0x08002cce   Section        0  stm32f1xx_hal_uart.o(i.UART_EndRxTransfer)
    UART_EndRxTransfer                       0x08002ccf   Thumb Code    78  stm32f1xx_hal_uart.o(i.UART_EndRxTransfer)
    i.UART_EndTxTransfer                     0x08002d1c   Section        0  stm32f1xx_hal_uart.o(i.UART_EndTxTransfer)
    UART_EndTxTransfer                       0x08002d1d   Thumb Code    28  stm32f1xx_hal_uart.o(i.UART_EndTxTransfer)
    i.UART_Get_CO2                           0x08002d38   Section        0  usart.o(i.UART_Get_CO2)
    i.UART_Parse_Data                        0x08002d54   Section        0  usart.o(i.UART_Parse_Data)
    i.UART_Receive_IT                        0x08002da0   Section        0  stm32f1xx_hal_uart.o(i.UART_Receive_IT)
    UART_Receive_IT                          0x08002da1   Thumb Code   194  stm32f1xx_hal_uart.o(i.UART_Receive_IT)
    i.UART_SetConfig                         0x08002e64   Section        0  stm32f1xx_hal_uart.o(i.UART_SetConfig)
    UART_SetConfig                           0x08002e65   Thumb Code   178  stm32f1xx_hal_uart.o(i.UART_SetConfig)
    i.UART_Start_Receive                     0x08002f1c   Section        0  usart.o(i.UART_Start_Receive)
    i.UART_Start_Receive_DMA                 0x08002f38   Section        0  stm32f1xx_hal_uart.o(i.UART_Start_Receive_DMA)
    i.UART_Start_Receive_IT                  0x08002fc8   Section        0  stm32f1xx_hal_uart.o(i.UART_Start_Receive_IT)
    i.USART1_IRQHandler                      0x08003000   Section        0  stm32f1xx_it.o(i.USART1_IRQHandler)
    i.USART2_IRQHandler                      0x0800300c   Section        0  stm32f1xx_it.o(i.USART2_IRQHandler)
    i.Update_Setting_Display                 0x08003018   Section        0  main.o(i.Update_Setting_Display)
    i.UsageFault_Handler                     0x080032b0   Section        0  stm32f1xx_it.o(i.UsageFault_Handler)
    i.__NVIC_SetPriority                     0x080032b2   Section        0  stm32f1xx_hal_cortex.o(i.__NVIC_SetPriority)
    __NVIC_SetPriority                       0x080032b3   Thumb Code    32  stm32f1xx_hal_cortex.o(i.__NVIC_SetPriority)
    i._is_digit                              0x080032d2   Section        0  __printf_wp.o(i._is_digit)
    i.main                                   0x080032e0   Section        0  main.o(i.main)
    x$fpl$fadd                               0x08003548   Section      196  faddsub_clz.o(x$fpl$fadd)
    _fadd1                                   0x08003557   Thumb Code     0  faddsub_clz.o(x$fpl$fadd)
    x$fpl$ffixu                              0x0800360c   Section       62  ffixu.o(x$fpl$ffixu)
    x$fpl$ffltu                              0x0800364c   Section       38  fflt_clz.o(x$fpl$ffltu)
    x$fpl$fmul                               0x08003674   Section      258  fmul.o(x$fpl$fmul)
    x$fpl$fnaninf                            0x08003776   Section      140  fnaninf.o(x$fpl$fnaninf)
    x$fpl$fretinf                            0x08003802   Section       10  fretinf.o(x$fpl$fretinf)
    x$fpl$frsb                               0x0800380c   Section       20  faddsub_clz.o(x$fpl$frsb)
    x$fpl$fsub                               0x08003820   Section      234  faddsub_clz.o(x$fpl$fsub)
    _fsub1                                   0x0800382f   Thumb Code     0  faddsub_clz.o(x$fpl$fsub)
    .constdata                               0x0800390a   Section       18  stm32f1xx_hal_rcc.o(.constdata)
    x$fpl$usenofp                            0x0800390a   Section        0  usenofp.o(x$fpl$usenofp)
    aPredivFactorTable                       0x0800390a   Data           2  stm32f1xx_hal_rcc.o(.constdata)
    aPLLMULFactorTable                       0x0800390c   Data          16  stm32f1xx_hal_rcc.o(.constdata)
    .constdata                               0x0800391c   Section       18  stm32f1xx_hal_rcc_ex.o(.constdata)
    aPredivFactorTable                       0x0800391c   Data           2  stm32f1xx_hal_rcc_ex.o(.constdata)
    aPLLMULFactorTable                       0x0800391e   Data          16  stm32f1xx_hal_rcc_ex.o(.constdata)
    .constdata                               0x0800392e   Section       16  system_stm32f1xx.o(.constdata)
    .constdata                               0x0800393e   Section        8  system_stm32f1xx.o(.constdata)
    .constdata                               0x08003946   Section     6632  oled.o(.constdata)
    .constdata                               0x0800532e   Section       17  __printf_flags_ss_wp.o(.constdata)
    maptable                                 0x0800532e   Data          17  __printf_flags_ss_wp.o(.constdata)
    .data                                    0x20000000   Section       20  main.o(.data)
    last_edit                                0x20000006   Data           1  main.o(.data)
    last_thresholds                          0x2000000e   Data           6  main.o(.data)
    .data                                    0x20000014   Section       12  stm32f1xx_hal.o(.data)
    .data                                    0x20000020   Section        4  system_stm32f1xx.o(.data)
    .data                                    0x20000024   Section        4  esp8266.o(.data)
    .bss                                     0x20000028   Section       48  adc.o(.bss)
    .bss                                     0x20000058   Section      320  usart.o(.bss)
    .bss                                     0x20000198   Section       32  stm32f1xx_hal_flash.o(.bss)
    .bss                                     0x200001b8   Section     1152  oled.o(.bss)
    .bss                                     0x20000638   Section      512  esp8266.o(.bss)
    .bss                                     0x20000838   Section       96  libspace.o(.bss)
    HEAP                                     0x20000898   Section      512  startup_stm32f103xb.o(HEAP)
    Heap_Mem                                 0x20000898   Data         512  startup_stm32f103xb.o(HEAP)
    STACK                                    0x20000a98   Section     1024  startup_stm32f103xb.o(STACK)
    Stack_Mem                                0x20000a98   Data        1024  startup_stm32f103xb.o(STACK)
    __initial_sp                             0x20000e98   Data           0  startup_stm32f103xb.o(STACK)

    Global Symbols

    Symbol Name                              Value     Ov Type        Size  Object(Section)

    BuildAttributes$$THM_ISAv4$P$D$K$B$S$PE$A:L22UL41UL21$X:L11$S22US41US21$IEEE1$IW$USESV6$~STKCKD$USESV7$~SHL$OTIME$ROPI$IEEEX$EBA8$UX$STANDARDLIB$REQ8$PRES8$EABIv2 0x00000000   Number         0  anon$$obj.o ABSOLUTE
    __ARM_use_no_argv                        0x00000000   Number         0  main.o ABSOLUTE
    _printf_flags                            0x00000000   Number         0  printf_stubs.o ABSOLUTE
    _printf_return_value                     0x00000000   Number         0  printf_stubs.o ABSOLUTE
    _printf_sizespec                         0x00000000   Number         0  printf_stubs.o ABSOLUTE
    _printf_widthprec                        0x00000000   Number         0  printf_stubs.o ABSOLUTE
    __ARM_exceptions_init                     - Undefined Weak Reference
    __alloca_initialize                       - Undefined Weak Reference
    __arm_preinit_                            - Undefined Weak Reference
    __cpp_initialize__aeabi_                  - Undefined Weak Reference
    __cxa_finalize                            - Undefined Weak Reference
    __sigvec_lookup                           - Undefined Weak Reference
    __user_heap_extent                        - Undefined Weak Reference
    _atexit_init                              - Undefined Weak Reference
    _call_atexit_fns                          - Undefined Weak Reference
    _clock_init                               - Undefined Weak Reference
    _fp_trap_init                             - Undefined Weak Reference
    _fp_trap_shutdown                         - Undefined Weak Reference
    _get_lc_collate                           - Undefined Weak Reference
    _get_lc_monetary                          - Undefined Weak Reference
    _get_lc_time                              - Undefined Weak Reference
    _getenv_init                              - Undefined Weak Reference
    _handle_redirection                       - Undefined Weak Reference
    _initio                                   - Undefined Weak Reference
    _mutex_acquire                            - Undefined Weak Reference
    _mutex_free                               - Undefined Weak Reference
    _mutex_release                            - Undefined Weak Reference
    _printf_mbtowc                            - Undefined Weak Reference
    _printf_truncate_signed                   - Undefined Weak Reference
    _printf_truncate_unsigned                 - Undefined Weak Reference
    _rand_init                                - Undefined Weak Reference
    _scanf_int                                - Undefined Weak Reference
    _scanf_longlong                           - Undefined Weak Reference
    _scanf_mbtowc                             - Undefined Weak Reference
    _scanf_string                             - Undefined Weak Reference
    _scanf_wctomb                             - Undefined Weak Reference
    _scanf_wstring                            - Undefined Weak Reference
    _signal_finish                            - Undefined Weak Reference
    _signal_init                              - Undefined Weak Reference
    _terminateio                              - Undefined Weak Reference
    __Vectors_Size                           0x000000ec   Number         0  startup_stm32f103xb.o ABSOLUTE
    __Vectors                                0x08000000   Data           4  startup_stm32f103xb.o(RESET)
    __Vectors_End                            0x080000ec   Data           0  startup_stm32f103xb.o(RESET)
    __main                                   0x080000ed   Thumb Code     8  __main.o(!!!main)
    __scatterload                            0x080000f5   Thumb Code     0  __scatter.o(!!!scatter)
    __scatterload_rt2                        0x080000f5   Thumb Code    44  __scatter.o(!!!scatter)
    __scatterload_rt2_thumb_only             0x080000f5   Thumb Code     0  __scatter.o(!!!scatter)
    __scatterload_null                       0x08000103   Thumb Code     0  __scatter.o(!!!scatter)
    __scatterload_copy                       0x08000129   Thumb Code    26  __scatter_copy.o(!!handler_copy)
    __scatterload_zeroinit                   0x08000145   Thumb Code    28  __scatter_zi.o(!!handler_zi)
    _printf_d                                0x08000161   Thumb Code     0  _printf_d.o(.ARM.Collect$$_printf_percent$$00000009)
    _printf_percent                          0x08000161   Thumb Code     0  _printf_percent.o(.ARM.Collect$$_printf_percent$$00000000)
    _printf_percent_end                      0x08000167   Thumb Code     0  _printf_percent_end.o(.ARM.Collect$$_printf_percent$$00000017)
    __rt_lib_init                            0x0800016b   Thumb Code     0  libinit.o(.ARM.Collect$$libinit$$00000000)
    __rt_lib_init_alloca_1                   0x0800016d   Thumb Code     0  libinit2.o(.ARM.Collect$$libinit$$0000002E)
    __rt_lib_init_argv_1                     0x0800016d   Thumb Code     0  libinit2.o(.ARM.Collect$$libinit$$0000002C)
    __rt_lib_init_atexit_1                   0x0800016d   Thumb Code     0  libinit2.o(.ARM.Collect$$libinit$$0000001B)
    __rt_lib_init_clock_1                    0x0800016d   Thumb Code     0  libinit2.o(.ARM.Collect$$libinit$$00000021)
    __rt_lib_init_cpp_1                      0x0800016d   Thumb Code     0  libinit2.o(.ARM.Collect$$libinit$$00000032)
    __rt_lib_init_exceptions_1               0x0800016d   Thumb Code     0  libinit2.o(.ARM.Collect$$libinit$$00000030)
    __rt_lib_init_fp_1                       0x0800016d   Thumb Code     0  libinit2.o(.ARM.Collect$$libinit$$00000002)
    __rt_lib_init_fp_trap_1                  0x0800016d   Thumb Code     0  libinit2.o(.ARM.Collect$$libinit$$0000001F)
    __rt_lib_init_getenv_1                   0x0800016d   Thumb Code     0  libinit2.o(.ARM.Collect$$libinit$$00000023)
    __rt_lib_init_heap_1                     0x0800016d   Thumb Code     0  libinit2.o(.ARM.Collect$$libinit$$0000000A)
    __rt_lib_init_lc_collate_1               0x0800016d   Thumb Code     0  libinit2.o(.ARM.Collect$$libinit$$00000011)
    __rt_lib_init_lc_ctype_1                 0x0800016d   Thumb Code     0  libinit2.o(.ARM.Collect$$libinit$$00000013)
    __rt_lib_init_lc_monetary_1              0x0800016d   Thumb Code     0  libinit2.o(.ARM.Collect$$libinit$$00000015)
    __rt_lib_init_lc_numeric_1               0x0800016d   Thumb Code     0  libinit2.o(.ARM.Collect$$libinit$$00000017)
    __rt_lib_init_lc_time_1                  0x0800016d   Thumb Code     0  libinit2.o(.ARM.Collect$$libinit$$00000019)
    __rt_lib_init_preinit_1                  0x0800016d   Thumb Code     0  libinit2.o(.ARM.Collect$$libinit$$00000004)
    __rt_lib_init_rand_1                     0x0800016d   Thumb Code     0  libinit2.o(.ARM.Collect$$libinit$$0000000E)
    __rt_lib_init_return                     0x0800016d   Thumb Code     0  libinit2.o(.ARM.Collect$$libinit$$00000033)
    __rt_lib_init_signal_1                   0x0800016d   Thumb Code     0  libinit2.o(.ARM.Collect$$libinit$$0000001D)
    __rt_lib_init_stdio_1                    0x0800016d   Thumb Code     0  libinit2.o(.ARM.Collect$$libinit$$00000025)
    __rt_lib_init_user_alloc_1               0x0800016d   Thumb Code     0  libinit2.o(.ARM.Collect$$libinit$$0000000C)
    __rt_lib_shutdown                        0x0800016f   Thumb Code     0  libshutdown.o(.ARM.Collect$$libshutdown$$00000000)
    __rt_lib_shutdown_cpp_1                  0x08000171   Thumb Code     0  libshutdown2.o(.ARM.Collect$$libshutdown$$00000002)
    __rt_lib_shutdown_fp_trap_1              0x08000171   Thumb Code     0  libshutdown2.o(.ARM.Collect$$libshutdown$$00000007)
    __rt_lib_shutdown_heap_1                 0x08000171   Thumb Code     0  libshutdown2.o(.ARM.Collect$$libshutdown$$0000000F)
    __rt_lib_shutdown_return                 0x08000171   Thumb Code     0  libshutdown2.o(.ARM.Collect$$libshutdown$$00000010)
    __rt_lib_shutdown_signal_1               0x08000171   Thumb Code     0  libshutdown2.o(.ARM.Collect$$libshutdown$$0000000A)
    __rt_lib_shutdown_stdio_1                0x08000171   Thumb Code     0  libshutdown2.o(.ARM.Collect$$libshutdown$$00000004)
    __rt_lib_shutdown_user_alloc_1           0x08000171   Thumb Code     0  libshutdown2.o(.ARM.Collect$$libshutdown$$0000000C)
    __rt_entry                               0x08000173   Thumb Code     0  __rtentry.o(.ARM.Collect$$rtentry$$00000000)
    __rt_entry_presh_1                       0x08000173   Thumb Code     0  __rtentry2.o(.ARM.Collect$$rtentry$$00000002)
    __rt_entry_sh                            0x08000173   Thumb Code     0  __rtentry4.o(.ARM.Collect$$rtentry$$00000004)
    __rt_entry_li                            0x08000179   Thumb Code     0  __rtentry2.o(.ARM.Collect$$rtentry$$0000000A)
    __rt_entry_postsh_1                      0x08000179   Thumb Code     0  __rtentry2.o(.ARM.Collect$$rtentry$$00000009)
    __rt_entry_main                          0x0800017d   Thumb Code     0  __rtentry2.o(.ARM.Collect$$rtentry$$0000000D)
    __rt_entry_postli_1                      0x0800017d   Thumb Code     0  __rtentry2.o(.ARM.Collect$$rtentry$$0000000C)
    __rt_exit                                0x08000185   Thumb Code     0  rtexit.o(.ARM.Collect$$rtexit$$00000000)
    __rt_exit_ls                             0x08000187   Thumb Code     0  rtexit2.o(.ARM.Collect$$rtexit$$00000003)
    __rt_exit_prels_1                        0x08000187   Thumb Code     0  rtexit2.o(.ARM.Collect$$rtexit$$00000002)
    __rt_exit_exit                           0x0800018b   Thumb Code     0  rtexit2.o(.ARM.Collect$$rtexit$$00000004)
    Reset_Handler                            0x08000191   Thumb Code     8  startup_stm32f103xb.o(.text)
    ADC1_2_IRQHandler                        0x080001ab   Thumb Code     0  startup_stm32f103xb.o(.text)
    CAN1_RX1_IRQHandler                      0x080001ab   Thumb Code     0  startup_stm32f103xb.o(.text)
    CAN1_SCE_IRQHandler                      0x080001ab   Thumb Code     0  startup_stm32f103xb.o(.text)
    DMA1_Channel1_IRQHandler                 0x080001ab   Thumb Code     0  startup_stm32f103xb.o(.text)
    DMA1_Channel2_IRQHandler                 0x080001ab   Thumb Code     0  startup_stm32f103xb.o(.text)
    DMA1_Channel3_IRQHandler                 0x080001ab   Thumb Code     0  startup_stm32f103xb.o(.text)
    DMA1_Channel4_IRQHandler                 0x080001ab   Thumb Code     0  startup_stm32f103xb.o(.text)
    DMA1_Channel5_IRQHandler                 0x080001ab   Thumb Code     0  startup_stm32f103xb.o(.text)
    EXTI0_IRQHandler                         0x080001ab   Thumb Code     0  startup_stm32f103xb.o(.text)
    EXTI1_IRQHandler                         0x080001ab   Thumb Code     0  startup_stm32f103xb.o(.text)
    EXTI2_IRQHandler                         0x080001ab   Thumb Code     0  startup_stm32f103xb.o(.text)
    EXTI3_IRQHandler                         0x080001ab   Thumb Code     0  startup_stm32f103xb.o(.text)
    EXTI4_IRQHandler                         0x080001ab   Thumb Code     0  startup_stm32f103xb.o(.text)
    EXTI9_5_IRQHandler                       0x080001ab   Thumb Code     0  startup_stm32f103xb.o(.text)
    FLASH_IRQHandler                         0x080001ab   Thumb Code     0  startup_stm32f103xb.o(.text)
    I2C1_ER_IRQHandler                       0x080001ab   Thumb Code     0  startup_stm32f103xb.o(.text)
    I2C1_EV_IRQHandler                       0x080001ab   Thumb Code     0  startup_stm32f103xb.o(.text)
    I2C2_ER_IRQHandler                       0x080001ab   Thumb Code     0  startup_stm32f103xb.o(.text)
    I2C2_EV_IRQHandler                       0x080001ab   Thumb Code     0  startup_stm32f103xb.o(.text)
    PVD_IRQHandler                           0x080001ab   Thumb Code     0  startup_stm32f103xb.o(.text)
    RCC_IRQHandler                           0x080001ab   Thumb Code     0  startup_stm32f103xb.o(.text)
    RTC_Alarm_IRQHandler                     0x080001ab   Thumb Code     0  startup_stm32f103xb.o(.text)
    RTC_IRQHandler                           0x080001ab   Thumb Code     0  startup_stm32f103xb.o(.text)
    SPI1_IRQHandler                          0x080001ab   Thumb Code     0  startup_stm32f103xb.o(.text)
    SPI2_IRQHandler                          0x080001ab   Thumb Code     0  startup_stm32f103xb.o(.text)
    TAMPER_IRQHandler                        0x080001ab   Thumb Code     0  startup_stm32f103xb.o(.text)
    TIM1_BRK_IRQHandler                      0x080001ab   Thumb Code     0  startup_stm32f103xb.o(.text)
    TIM1_CC_IRQHandler                       0x080001ab   Thumb Code     0  startup_stm32f103xb.o(.text)
    TIM1_TRG_COM_IRQHandler                  0x080001ab   Thumb Code     0  startup_stm32f103xb.o(.text)
    TIM1_UP_IRQHandler                       0x080001ab   Thumb Code     0  startup_stm32f103xb.o(.text)
    TIM2_IRQHandler                          0x080001ab   Thumb Code     0  startup_stm32f103xb.o(.text)
    TIM3_IRQHandler                          0x080001ab   Thumb Code     0  startup_stm32f103xb.o(.text)
    TIM4_IRQHandler                          0x080001ab   Thumb Code     0  startup_stm32f103xb.o(.text)
    USART3_IRQHandler                        0x080001ab   Thumb Code     0  startup_stm32f103xb.o(.text)
    USBWakeUp_IRQHandler                     0x080001ab   Thumb Code     0  startup_stm32f103xb.o(.text)
    USB_HP_CAN1_TX_IRQHandler                0x080001ab   Thumb Code     0  startup_stm32f103xb.o(.text)
    USB_LP_CAN1_RX0_IRQHandler               0x080001ab   Thumb Code     0  startup_stm32f103xb.o(.text)
    WWDG_IRQHandler                          0x080001ab   Thumb Code     0  startup_stm32f103xb.o(.text)
    __user_initial_stackheap                 0x080001ad   Thumb Code     0  startup_stm32f103xb.o(.text)
    __aeabi_llsr                             0x080001d1   Thumb Code     0  llushr.o(.text)
    _ll_ushift_r                             0x080001d1   Thumb Code    38  llushr.o(.text)
    __2sprintf                               0x080001f9   Thumb Code    38  __2sprintf.o(.text)
    _printf_int_dec                          0x08000225   Thumb Code   104  _printf_dec.o(.text)
    __printf                                 0x0800029d   Thumb Code   388  __printf_flags_ss_wp.o(.text)
    __aeabi_memclr4                          0x08000425   Thumb Code     0  rt_memclr_w.o(.text)
    __aeabi_memclr8                          0x08000425   Thumb Code     0  rt_memclr_w.o(.text)
    __rt_memclr_w                            0x08000425   Thumb Code    78  rt_memclr_w.o(.text)
    _memset_w                                0x08000429   Thumb Code     0  rt_memclr_w.o(.text)
    __use_two_region_memory                  0x08000473   Thumb Code     2  heapauxi.o(.text)
    __rt_heap_escrow                         0x08000475   Thumb Code     2  heapauxi.o(.text)
    __rt_heap_expand                         0x08000477   Thumb Code     2  heapauxi.o(.text)
    _printf_int_common                       0x08000479   Thumb Code   178  _printf_intcommon.o(.text)
    _printf_char_common                      0x08000537   Thumb Code    32  _printf_char_common.o(.text)
    _sputc                                   0x0800055d   Thumb Code    10  _sputc.o(.text)
    __user_libspace                          0x08000569   Thumb Code     8  libspace.o(.text)
    __user_perproc_libspace                  0x08000569   Thumb Code     0  libspace.o(.text)
    __user_perthread_libspace                0x08000569   Thumb Code     0  libspace.o(.text)
    __I$use$semihosting                      0x08000571   Thumb Code     0  use_no_semi.o(.text)
    __use_no_semihosting_swi                 0x08000571   Thumb Code     2  use_no_semi.o(.text)
    __semihosting_library_function           0x08000573   Thumb Code     0  indicate_semi.o(.text)
    __user_setup_stackheap                   0x08000573   Thumb Code    74  sys_stackheap_outer.o(.text)
    exit                                     0x080005bd   Thumb Code    18  exit.o(.text)
    _sys_exit                                0x080005d1   Thumb Code     8  sys_exit.o(.text)
    ADC_ConversionStop_Disable               0x080005dd   Thumb Code    86  stm32f1xx_hal_adc.o(i.ADC_ConversionStop_Disable)
    ADC_Enable                               0x08000635   Thumb Code   114  stm32f1xx_hal_adc.o(i.ADC_Enable)
    BusFault_Handler                         0x080006b1   Thumb Code     2  stm32f1xx_it.o(i.BusFault_Handler)
    DHT11_GPIO_Input                         0x080006b5   Thumb Code    26  dht11.o(i.DHT11_GPIO_Input)
    DHT11_GPIO_Output                        0x080006d5   Thumb Code    28  dht11.o(i.DHT11_GPIO_Output)
    DHT11_Read_Data                          0x080006f5   Thumb Code   312  dht11.o(i.DHT11_Read_Data)
    DMA1_Channel6_IRQHandler                 0x08000839   Thumb Code     6  stm32f1xx_it.o(i.DMA1_Channel6_IRQHandler)
    DMA1_Channel7_IRQHandler                 0x08000845   Thumb Code     6  stm32f1xx_it.o(i.DMA1_Channel7_IRQHandler)
    DebugMon_Handler                         0x0800087b   Thumb Code     2  stm32f1xx_it.o(i.DebugMon_Handler)
    EXTI15_10_IRQHandler                     0x0800087d   Thumb Code    30  stm32f1xx_it.o(i.EXTI15_10_IRQHandler)
    Error_Handler                            0x0800089b   Thumb Code     4  main.o(i.Error_Handler)
    FLASH_PageErase                          0x080008c5   Thumb Code    28  stm32f1xx_hal_flash_ex.o(i.FLASH_PageErase)
    FLASH_Read_Thresholds                    0x08000905   Thumb Code    68  main.o(i.FLASH_Read_Thresholds)
    FLASH_WaitForLastOperation               0x080009a9   Thumb Code    80  stm32f1xx_hal_flash.o(i.FLASH_WaitForLastOperation)
    FLASH_Write_Thresholds                   0x080009fd   Thumb Code    52  main.o(i.FLASH_Write_Thresholds)
    HAL_ADC_ConfigChannel                    0x08000a35   Thumb Code   240  stm32f1xx_hal_adc.o(i.HAL_ADC_ConfigChannel)
    HAL_ADC_GetValue                         0x08000b31   Thumb Code     6  stm32f1xx_hal_adc.o(i.HAL_ADC_GetValue)
    HAL_ADC_Init                             0x08000b39   Thumb Code   272  stm32f1xx_hal_adc.o(i.HAL_ADC_Init)
    HAL_ADC_MspInit                          0x08000c55   Thumb Code    76  adc.o(i.HAL_ADC_MspInit)
    HAL_ADC_PollForConversion                0x08000cad   Thumb Code   304  stm32f1xx_hal_adc.o(i.HAL_ADC_PollForConversion)
    HAL_ADC_Start                            0x08000de9   Thumb Code   184  stm32f1xx_hal_adc.o(i.HAL_ADC_Start)
    HAL_ADC_Stop                             0x08000ea9   Thumb Code    52  stm32f1xx_hal_adc.o(i.HAL_ADC_Stop)
    HAL_DMA_Abort                            0x08000edd   Thumb Code    70  stm32f1xx_hal_dma.o(i.HAL_DMA_Abort)
    HAL_DMA_Abort_IT                         0x08000f25   Thumb Code   148  stm32f1xx_hal_dma.o(i.HAL_DMA_Abort_IT)
    HAL_DMA_IRQHandler                       0x08000fbd   Thumb Code   316  stm32f1xx_hal_dma.o(i.HAL_DMA_IRQHandler)
    HAL_DMA_Init                             0x08001111   Thumb Code    84  stm32f1xx_hal_dma.o(i.HAL_DMA_Init)
    HAL_DMA_Start_IT                         0x0800116d   Thumb Code   112  stm32f1xx_hal_dma.o(i.HAL_DMA_Start_IT)
    HAL_Delay                                0x080011dd   Thumb Code    32  stm32f1xx_hal.o(i.HAL_Delay)
    HAL_FLASHEx_Erase                        0x08001201   Thumb Code   160  stm32f1xx_hal_flash_ex.o(i.HAL_FLASHEx_Erase)
    HAL_FLASH_Lock                           0x080012a9   Thumb Code    14  stm32f1xx_hal_flash.o(i.HAL_FLASH_Lock)
    HAL_FLASH_Program                        0x080012bd   Thumb Code   120  stm32f1xx_hal_flash.o(i.HAL_FLASH_Program)
    HAL_FLASH_Unlock                         0x0800133d   Thumb Code    28  stm32f1xx_hal_flash.o(i.HAL_FLASH_Unlock)
    HAL_GPIO_EXTI_Callback                   0x08001365   Thumb Code    34  main.o(i.HAL_GPIO_EXTI_Callback)
    HAL_GPIO_EXTI_IRQHandler                 0x0800138d   Thumb Code    18  stm32f1xx_hal_gpio.o(i.HAL_GPIO_EXTI_IRQHandler)
    HAL_GPIO_Init                            0x080013a5   Thumb Code   446  stm32f1xx_hal_gpio.o(i.HAL_GPIO_Init)
    HAL_GPIO_ReadPin                         0x08001585   Thumb Code    10  stm32f1xx_hal_gpio.o(i.HAL_GPIO_ReadPin)
    HAL_GPIO_WritePin                        0x0800158f   Thumb Code    10  stm32f1xx_hal_gpio.o(i.HAL_GPIO_WritePin)
    HAL_GetTick                              0x08001599   Thumb Code     6  stm32f1xx_hal.o(i.HAL_GetTick)
    HAL_IncTick                              0x080015a5   Thumb Code    12  stm32f1xx_hal.o(i.HAL_IncTick)
    HAL_Init                                 0x080015b5   Thumb Code    32  stm32f1xx_hal.o(i.HAL_Init)
    HAL_InitTick                             0x080015d9   Thumb Code    54  stm32f1xx_hal.o(i.HAL_InitTick)
    HAL_MspInit                              0x08001619   Thumb Code    52  stm32f1xx_hal_msp.o(i.HAL_MspInit)
    HAL_NVIC_EnableIRQ                       0x08001655   Thumb Code    26  stm32f1xx_hal_cortex.o(i.HAL_NVIC_EnableIRQ)
    HAL_NVIC_SetPriority                     0x08001671   Thumb Code    60  stm32f1xx_hal_cortex.o(i.HAL_NVIC_SetPriority)
    HAL_NVIC_SetPriorityGrouping             0x080016b1   Thumb Code    26  stm32f1xx_hal_cortex.o(i.HAL_NVIC_SetPriorityGrouping)
    HAL_RCCEx_GetPeriphCLKFreq               0x080016d5   Thumb Code   148  stm32f1xx_hal_rcc_ex.o(i.HAL_RCCEx_GetPeriphCLKFreq)
    HAL_RCCEx_PeriphCLKConfig                0x08001779   Thumb Code   224  stm32f1xx_hal_rcc_ex.o(i.HAL_RCCEx_PeriphCLKConfig)
    HAL_RCC_ClockConfig                      0x08001865   Thumb Code   280  stm32f1xx_hal_rcc.o(i.HAL_RCC_ClockConfig)
    HAL_RCC_GetPCLK1Freq                     0x08001991   Thumb Code    20  stm32f1xx_hal_rcc.o(i.HAL_RCC_GetPCLK1Freq)
    HAL_RCC_GetPCLK2Freq                     0x080019b1   Thumb Code    20  stm32f1xx_hal_rcc.o(i.HAL_RCC_GetPCLK2Freq)
    HAL_RCC_GetSysClockFreq                  0x080019d1   Thumb Code    58  stm32f1xx_hal_rcc.o(i.HAL_RCC_GetSysClockFreq)
    HAL_RCC_OscConfig                        0x08001a1d   Thumb Code   778  stm32f1xx_hal_rcc.o(i.HAL_RCC_OscConfig)
    HAL_SYSTICK_Config                       0x08001d3d   Thumb Code    40  stm32f1xx_hal_cortex.o(i.HAL_SYSTICK_Config)
    HAL_UARTEx_RxEventCallback               0x08001d65   Thumb Code     2  stm32f1xx_hal_uart.o(i.HAL_UARTEx_RxEventCallback)
    HAL_UART_ErrorCallback                   0x08001d67   Thumb Code     2  stm32f1xx_hal_uart.o(i.HAL_UART_ErrorCallback)
    HAL_UART_IRQHandler                      0x08001d69   Thumb Code   616  stm32f1xx_hal_uart.o(i.HAL_UART_IRQHandler)
    HAL_UART_Init                            0x08001fd5   Thumb Code   100  stm32f1xx_hal_uart.o(i.HAL_UART_Init)
    HAL_UART_MspInit                         0x08002039   Thumb Code   280  usart.o(i.HAL_UART_MspInit)
    HAL_UART_Receive_DMA                     0x08002169   Thumb Code    28  stm32f1xx_hal_uart.o(i.HAL_UART_Receive_DMA)
    HAL_UART_Receive_IT                      0x08002185   Thumb Code    28  stm32f1xx_hal_uart.o(i.HAL_UART_Receive_IT)
    HAL_UART_RxCpltCallback                  0x080021a1   Thumb Code    88  stm32f1xx_it.o(i.HAL_UART_RxCpltCallback)
    HAL_UART_RxHalfCpltCallback              0x08002211   Thumb Code     2  stm32f1xx_hal_uart.o(i.HAL_UART_RxHalfCpltCallback)
    HAL_UART_TxCpltCallback                  0x08002213   Thumb Code     2  stm32f1xx_hal_uart.o(i.HAL_UART_TxCpltCallback)
    HardFault_Handler                        0x08002215   Thumb Code     2  stm32f1xx_it.o(i.HardFault_Handler)
    I2C_Start                                0x08002219   Thumb Code    64  oled.o(i.I2C_Start)
    I2C_Stop                                 0x0800225d   Thumb Code    46  oled.o(i.I2C_Stop)
    I2C_WaitAck                              0x08002291   Thumb Code    52  oled.o(i.I2C_WaitAck)
    IIC_delay                                0x080022c9   Thumb Code    10  oled.o(i.IIC_delay)
    MQ5_Read_Value                           0x080022d5   Thumb Code    40  adc.o(i.MQ5_Read_Value)
    MX_ADC1_Init                             0x08002301   Thumb Code    70  adc.o(i.MX_ADC1_Init)
    MX_DMA_Init                              0x08002351   Thumb Code    56  dma.o(i.MX_DMA_Init)
    MX_GPIO_Init                             0x0800238d   Thumb Code   186  gpio.o(i.MX_GPIO_Init)
    MX_USART1_UART_Init                      0x08002459   Thumb Code    48  usart.o(i.MX_USART1_UART_Init)
    MX_USART2_UART_Init                      0x08002491   Thumb Code    48  usart.o(i.MX_USART2_UART_Init)
    MemManage_Handler                        0x080024c9   Thumb Code     2  stm32f1xx_it.o(i.MemManage_Handler)
    NMI_Handler                              0x080024cb   Thumb Code     2  stm32f1xx_it.o(i.NMI_Handler)
    OLED_Clear                               0x080024cd   Thumb Code    40  oled.o(i.OLED_Clear)
    OLED_DrawPoint                           0x080024f9   Thumb Code    40  oled.o(i.OLED_DrawPoint)
    OLED_Init                                0x08002525   Thumb Code   218  oled.o(i.OLED_Init)
    OLED_Pow                                 0x080025ff   Thumb Code    16  oled.o(i.OLED_Pow)
    OLED_Refresh                             0x08002611   Thumb Code   100  oled.o(i.OLED_Refresh)
    OLED_Refresh_Line                        0x08002679   Thumb Code    90  oled.o(i.OLED_Refresh_Line)
    OLED_ShowChar                            0x080026d9   Thumb Code   212  oled.o(i.OLED_ShowChar)
    OLED_ShowGasConcentration                0x080027bd   Thumb Code   270  oled.o(i.OLED_ShowGasConcentration)
    OLED_ShowMQ5Value                        0x080028e5   Thumb Code    84  oled.o(i.OLED_ShowMQ5Value)
    OLED_ShowNum                             0x0800294d   Thumb Code   110  oled.o(i.OLED_ShowNum)
    OLED_ShowString                          0x080029bb   Thumb Code    60  oled.o(i.OLED_ShowString)
    OLED_ShowTempHumidity                    0x080029f9   Thumb Code   198  oled.o(i.OLED_ShowTempHumidity)
    OLED_WR_Byte                             0x08002ac9   Thumb Code    54  oled.o(i.OLED_WR_Byte)
    PendSV_Handler                           0x08002aff   Thumb Code     2  stm32f1xx_it.o(i.PendSV_Handler)
    SVC_Handler                              0x08002b01   Thumb Code     2  stm32f1xx_it.o(i.SVC_Handler)
    Send_Byte                                0x08002b05   Thumb Code    78  oled.o(i.Send_Byte)
    SysTick_Handler                          0x08002b59   Thumb Code     4  stm32f1xx_it.o(i.SysTick_Handler)
    SystemClock_Config                       0x08002b5d   Thumb Code   114  main.o(i.SystemClock_Config)
    SystemInit                               0x08002bcf   Thumb Code     2  system_stm32f1xx.o(i.SystemInit)
    UART_Get_CO2                             0x08002d39   Thumb Code    20  usart.o(i.UART_Get_CO2)
    UART_Parse_Data                          0x08002d55   Thumb Code    70  usart.o(i.UART_Parse_Data)
    UART_Start_Receive                       0x08002f1d   Thumb Code    22  usart.o(i.UART_Start_Receive)
    UART_Start_Receive_DMA                   0x08002f39   Thumb Code   130  stm32f1xx_hal_uart.o(i.UART_Start_Receive_DMA)
    UART_Start_Receive_IT                    0x08002fc9   Thumb Code    54  stm32f1xx_hal_uart.o(i.UART_Start_Receive_IT)
    USART1_IRQHandler                        0x08003001   Thumb Code     6  stm32f1xx_it.o(i.USART1_IRQHandler)
    USART2_IRQHandler                        0x0800300d   Thumb Code     6  stm32f1xx_it.o(i.USART2_IRQHandler)
    Update_Setting_Display                   0x08003019   Thumb Code   476  main.o(i.Update_Setting_Display)
    UsageFault_Handler                       0x080032b1   Thumb Code     2  stm32f1xx_it.o(i.UsageFault_Handler)
    _is_digit                                0x080032d3   Thumb Code    14  __printf_wp.o(i._is_digit)
    main                                     0x080032e1   Thumb Code   556  main.o(i.main)
    __aeabi_fadd                             0x08003549   Thumb Code     0  faddsub_clz.o(x$fpl$fadd)
    _fadd                                    0x08003549   Thumb Code   196  faddsub_clz.o(x$fpl$fadd)
    __aeabi_f2uiz                            0x0800360d   Thumb Code     0  ffixu.o(x$fpl$ffixu)
    _ffixu                                   0x0800360d   Thumb Code    62  ffixu.o(x$fpl$ffixu)
    __aeabi_ui2f                             0x0800364d   Thumb Code     0  fflt_clz.o(x$fpl$ffltu)
    _ffltu                                   0x0800364d   Thumb Code    38  fflt_clz.o(x$fpl$ffltu)
    __aeabi_fmul                             0x08003675   Thumb Code     0  fmul.o(x$fpl$fmul)
    _fmul                                    0x08003675   Thumb Code   258  fmul.o(x$fpl$fmul)
    __fpl_fnaninf                            0x08003777   Thumb Code   140  fnaninf.o(x$fpl$fnaninf)
    __fpl_fretinf                            0x08003803   Thumb Code    10  fretinf.o(x$fpl$fretinf)
    __aeabi_frsub                            0x0800380d   Thumb Code     0  faddsub_clz.o(x$fpl$frsb)
    _frsb                                    0x0800380d   Thumb Code    20  faddsub_clz.o(x$fpl$frsb)
    __aeabi_fsub                             0x08003821   Thumb Code     0  faddsub_clz.o(x$fpl$fsub)
    _fsub                                    0x08003821   Thumb Code   234  faddsub_clz.o(x$fpl$fsub)
    __I$use$fp                               0x0800390a   Number         0  usenofp.o(x$fpl$usenofp)
    AHBPrescTable                            0x0800392e   Data          16  system_stm32f1xx.o(.constdata)
    APBPrescTable                            0x0800393e   Data           8  system_stm32f1xx.o(.constdata)
    asc2_0806                                0x08003946   Data         552  oled.o(.constdata)
    asc2_1206                                0x08003b6e   Data        1140  oled.o(.constdata)
    asc2_1608                                0x08003fe2   Data        1520  oled.o(.constdata)
    asc2_2412                                0x080045d2   Data        3420  oled.o(.constdata)
    Region$$Table$$Base                      0x08005340   Number         0  anon$$obj.o(Region$$Table)
    Region$$Table$$Limit                     0x08005360   Number         0  anon$$obj.o(Region$$Table)
    setting_state                            0x20000000   Data           1  main.o(.data)
    current_edit                             0x20000001   Data           1  main.o(.data)
    key1_pressed                             0x20000002   Data           1  main.o(.data)
    key2_pressed                             0x20000003   Data           1  main.o(.data)
    key3_pressed                             0x20000004   Data           1  main.o(.data)
    update_display                           0x20000005   Data           1  main.o(.data)
    thresholds                               0x20000008   Data           6  main.o(.data)
    uwTickFreq                               0x20000014   Data           1  stm32f1xx_hal.o(.data)
    uwTickPrio                               0x20000018   Data           4  stm32f1xx_hal.o(.data)
    uwTick                                   0x2000001c   Data           4  stm32f1xx_hal.o(.data)
    SystemCoreClock                          0x20000020   Data           4  system_stm32f1xx.o(.data)
    esp8266_cnt                              0x20000024   Data           2  esp8266.o(.data)
    esp8266_cntPre                           0x20000026   Data           2  esp8266.o(.data)
    hadc1                                    0x20000028   Data          48  adc.o(.bss)
    uart_data                                0x20000058   Data          40  usart.o(.bss)
    huart1                                   0x20000080   Data          72  usart.o(.bss)
    huart2                                   0x200000c8   Data          72  usart.o(.bss)
    hdma_usart2_rx                           0x20000110   Data          68  usart.o(.bss)
    hdma_usart2_tx                           0x20000154   Data          68  usart.o(.bss)
    pFlash                                   0x20000198   Data          32  stm32f1xx_hal_flash.o(.bss)
    OLED_GRAM                                0x200001b8   Data        1152  oled.o(.bss)
    esp8266_buf                              0x20000638   Data         512  esp8266.o(.bss)
    __libspace_start                         0x20000838   Data          96  libspace.o(.bss)
    __temporary_stack_top$libspace           0x20000898   Data           0  libspace.o(.bss)



==============================================================================

Memory Map of the image

  Image Entry point : 0x080000ed

  Load Region LR_IROM1 (Base: 0x08000000, Size: 0x00005388, Max: 0x00010000, ABSOLUTE)

    Execution Region ER_IROM1 (Exec base: 0x08000000, Load base: 0x08000000, Size: 0x00005360, Max: 0x00010000, ABSOLUTE)

    Exec Addr    Load Addr    Size         Type   Attr      Idx    E Section Name        Object

    0x08000000   0x08000000   0x000000ec   Data   RO            3    RESET               startup_stm32f103xb.o
    0x080000ec   0x080000ec   0x00000008   Code   RO         3413  * !!!main             c_w.l(__main.o)
    0x080000f4   0x080000f4   0x00000034   Code   RO         3826    !!!scatter          c_w.l(__scatter.o)
    0x08000128   0x08000128   0x0000001a   Code   RO         3828    !!handler_copy      c_w.l(__scatter_copy.o)
    0x08000142   0x08000142   0x00000002   PAD
    0x08000144   0x08000144   0x0000001c   Code   RO         3830    !!handler_zi        c_w.l(__scatter_zi.o)
    0x08000160   0x08000160   0x00000000   Code   RO         3388    .ARM.Collect$$_printf_percent$$00000000  c_w.l(_printf_percent.o)
    0x08000160   0x08000160   0x00000006   Code   RO         3385    .ARM.Collect$$_printf_percent$$00000009  c_w.l(_printf_d.o)
    0x08000166   0x08000166   0x00000004   Code   RO         3509    .ARM.Collect$$_printf_percent$$00000017  c_w.l(_printf_percent_end.o)
    0x0800016a   0x0800016a   0x00000002   Code   RO         3720    .ARM.Collect$$libinit$$00000000  c_w.l(libinit.o)
    0x0800016c   0x0800016c   0x00000000   Code   RO         3521    .ARM.Collect$$libinit$$00000002  c_w.l(libinit2.o)
    0x0800016c   0x0800016c   0x00000000   Code   RO         3523    .ARM.Collect$$libinit$$00000004  c_w.l(libinit2.o)
    0x0800016c   0x0800016c   0x00000000   Code   RO         3526    .ARM.Collect$$libinit$$0000000A  c_w.l(libinit2.o)
    0x0800016c   0x0800016c   0x00000000   Code   RO         3528    .ARM.Collect$$libinit$$0000000C  c_w.l(libinit2.o)
    0x0800016c   0x0800016c   0x00000000   Code   RO         3530    .ARM.Collect$$libinit$$0000000E  c_w.l(libinit2.o)
    0x0800016c   0x0800016c   0x00000000   Code   RO         3533    .ARM.Collect$$libinit$$00000011  c_w.l(libinit2.o)
    0x0800016c   0x0800016c   0x00000000   Code   RO         3535    .ARM.Collect$$libinit$$00000013  c_w.l(libinit2.o)
    0x0800016c   0x0800016c   0x00000000   Code   RO         3537    .ARM.Collect$$libinit$$00000015  c_w.l(libinit2.o)
    0x0800016c   0x0800016c   0x00000000   Code   RO         3539    .ARM.Collect$$libinit$$00000017  c_w.l(libinit2.o)
    0x0800016c   0x0800016c   0x00000000   Code   RO         3541    .ARM.Collect$$libinit$$00000019  c_w.l(libinit2.o)
    0x0800016c   0x0800016c   0x00000000   Code   RO         3543    .ARM.Collect$$libinit$$0000001B  c_w.l(libinit2.o)
    0x0800016c   0x0800016c   0x00000000   Code   RO         3545    .ARM.Collect$$libinit$$0000001D  c_w.l(libinit2.o)
    0x0800016c   0x0800016c   0x00000000   Code   RO         3547    .ARM.Collect$$libinit$$0000001F  c_w.l(libinit2.o)
    0x0800016c   0x0800016c   0x00000000   Code   RO         3549    .ARM.Collect$$libinit$$00000021  c_w.l(libinit2.o)
    0x0800016c   0x0800016c   0x00000000   Code   RO         3551    .ARM.Collect$$libinit$$00000023  c_w.l(libinit2.o)
    0x0800016c   0x0800016c   0x00000000   Code   RO         3553    .ARM.Collect$$libinit$$00000025  c_w.l(libinit2.o)
    0x0800016c   0x0800016c   0x00000000   Code   RO         3557    .ARM.Collect$$libinit$$0000002C  c_w.l(libinit2.o)
    0x0800016c   0x0800016c   0x00000000   Code   RO         3559    .ARM.Collect$$libinit$$0000002E  c_w.l(libinit2.o)
    0x0800016c   0x0800016c   0x00000000   Code   RO         3561    .ARM.Collect$$libinit$$00000030  c_w.l(libinit2.o)
    0x0800016c   0x0800016c   0x00000000   Code   RO         3563    .ARM.Collect$$libinit$$00000032  c_w.l(libinit2.o)
    0x0800016c   0x0800016c   0x00000002   Code   RO         3564    .ARM.Collect$$libinit$$00000033  c_w.l(libinit2.o)
    0x0800016e   0x0800016e   0x00000002   Code   RO         3817    .ARM.Collect$$libshutdown$$00000000  c_w.l(libshutdown.o)
    0x08000170   0x08000170   0x00000000   Code   RO         3746    .ARM.Collect$$libshutdown$$00000002  c_w.l(libshutdown2.o)
    0x08000170   0x08000170   0x00000000   Code   RO         3748    .ARM.Collect$$libshutdown$$00000004  c_w.l(libshutdown2.o)
    0x08000170   0x08000170   0x00000000   Code   RO         3751    .ARM.Collect$$libshutdown$$00000007  c_w.l(libshutdown2.o)
    0x08000170   0x08000170   0x00000000   Code   RO         3754    .ARM.Collect$$libshutdown$$0000000A  c_w.l(libshutdown2.o)
    0x08000170   0x08000170   0x00000000   Code   RO         3756    .ARM.Collect$$libshutdown$$0000000C  c_w.l(libshutdown2.o)
    0x08000170   0x08000170   0x00000000   Code   RO         3759    .ARM.Collect$$libshutdown$$0000000F  c_w.l(libshutdown2.o)
    0x08000170   0x08000170   0x00000002   Code   RO         3760    .ARM.Collect$$libshutdown$$00000010  c_w.l(libshutdown2.o)
    0x08000172   0x08000172   0x00000000   Code   RO         3469    .ARM.Collect$$rtentry$$00000000  c_w.l(__rtentry.o)
    0x08000172   0x08000172   0x00000000   Code   RO         3584    .ARM.Collect$$rtentry$$00000002  c_w.l(__rtentry2.o)
    0x08000172   0x08000172   0x00000006   Code   RO         3596    .ARM.Collect$$rtentry$$00000004  c_w.l(__rtentry4.o)
    0x08000178   0x08000178   0x00000000   Code   RO         3586    .ARM.Collect$$rtentry$$00000009  c_w.l(__rtentry2.o)
    0x08000178   0x08000178   0x00000004   Code   RO         3587    .ARM.Collect$$rtentry$$0000000A  c_w.l(__rtentry2.o)
    0x0800017c   0x0800017c   0x00000000   Code   RO         3589    .ARM.Collect$$rtentry$$0000000C  c_w.l(__rtentry2.o)
    0x0800017c   0x0800017c   0x00000008   Code   RO         3590    .ARM.Collect$$rtentry$$0000000D  c_w.l(__rtentry2.o)
    0x08000184   0x08000184   0x00000002   Code   RO         3731    .ARM.Collect$$rtexit$$00000000  c_w.l(rtexit.o)
    0x08000186   0x08000186   0x00000000   Code   RO         3776    .ARM.Collect$$rtexit$$00000002  c_w.l(rtexit2.o)
    0x08000186   0x08000186   0x00000004   Code   RO         3777    .ARM.Collect$$rtexit$$00000003  c_w.l(rtexit2.o)
    0x0800018a   0x0800018a   0x00000006   Code   RO         3778    .ARM.Collect$$rtexit$$00000004  c_w.l(rtexit2.o)
    0x08000190   0x08000190   0x00000040   Code   RO            4    .text               startup_stm32f103xb.o
    0x080001d0   0x080001d0   0x00000026   Code   RO         3321    .text               c_w.l(llushr.o)
    0x080001f6   0x080001f6   0x00000002   PAD
    0x080001f8   0x080001f8   0x0000002c   Code   RO         3325    .text               c_w.l(__2sprintf.o)
    0x08000224   0x08000224   0x00000078   Code   RO         3339    .text               c_w.l(_printf_dec.o)
    0x0800029c   0x0800029c   0x00000188   Code   RO         3379    .text               c_w.l(__printf_flags_ss_wp.o)
    0x08000424   0x08000424   0x0000004e   Code   RO         3407    .text               c_w.l(rt_memclr_w.o)
    0x08000472   0x08000472   0x00000006   Code   RO         3411    .text               c_w.l(heapauxi.o)
    0x08000478   0x08000478   0x000000b2   Code   RO         3497    .text               c_w.l(_printf_intcommon.o)
    0x0800052a   0x0800052a   0x00000002   PAD
    0x0800052c   0x0800052c   0x00000030   Code   RO         3501    .text               c_w.l(_printf_char_common.o)
    0x0800055c   0x0800055c   0x0000000a   Code   RO         3503    .text               c_w.l(_sputc.o)
    0x08000566   0x08000566   0x00000002   PAD
    0x08000568   0x08000568   0x00000008   Code   RO         3580    .text               c_w.l(libspace.o)
    0x08000570   0x08000570   0x00000002   Code   RO         3690    .text               c_w.l(use_no_semi.o)
    0x08000572   0x08000572   0x00000000   Code   RO         3692    .text               c_w.l(indicate_semi.o)
    0x08000572   0x08000572   0x0000004a   Code   RO         3693    .text               c_w.l(sys_stackheap_outer.o)
    0x080005bc   0x080005bc   0x00000012   Code   RO         3705    .text               c_w.l(exit.o)
    0x080005ce   0x080005ce   0x00000002   PAD
    0x080005d0   0x080005d0   0x0000000c   Code   RO         3729    .text               c_w.l(sys_exit.o)
    0x080005dc   0x080005dc   0x00000056   Code   RO          551    i.ADC_ConversionStop_Disable  stm32f1xx_hal_adc.o
    0x08000632   0x08000632   0x00000002   PAD
    0x08000634   0x08000634   0x0000007c   Code   RO          555    i.ADC_Enable        stm32f1xx_hal_adc.o
    0x080006b0   0x080006b0   0x00000002   Code   RO          369    i.BusFault_Handler  stm32f1xx_it.o
    0x080006b2   0x080006b2   0x00000002   PAD
    0x080006b4   0x080006b4   0x00000020   Code   RO         2387    i.DHT11_GPIO_Input  dht11.o
    0x080006d4   0x080006d4   0x00000020   Code   RO         2388    i.DHT11_GPIO_Output  dht11.o
    0x080006f4   0x080006f4   0x00000144   Code   RO         2389    i.DHT11_Read_Data   dht11.o
    0x08000838   0x08000838   0x0000000c   Code   RO          370    i.DMA1_Channel6_IRQHandler  stm32f1xx_it.o
    0x08000844   0x08000844   0x0000000c   Code   RO          371    i.DMA1_Channel7_IRQHandler  stm32f1xx_it.o
    0x08000850   0x08000850   0x0000002a   Code   RO         1207    i.DMA_SetConfig     stm32f1xx_hal_dma.o
    0x0800087a   0x0800087a   0x00000002   Code   RO          372    i.DebugMon_Handler  stm32f1xx_it.o
    0x0800087c   0x0800087c   0x0000001e   Code   RO          373    i.EXTI15_10_IRQHandler  stm32f1xx_it.o
    0x0800089a   0x0800089a   0x00000004   Code   RO           13    i.Error_Handler     main.o
    0x0800089e   0x0800089e   0x00000002   PAD
    0x080008a0   0x080008a0   0x00000024   Code   RO         1647    i.FLASH_MassErase   stm32f1xx_hal_flash_ex.o
    0x080008c4   0x080008c4   0x00000024   Code   RO         1652    i.FLASH_PageErase   stm32f1xx_hal_flash_ex.o
    0x080008e8   0x080008e8   0x0000001c   Code   RO         1544    i.FLASH_Program_HalfWord  stm32f1xx_hal_flash.o
    0x08000904   0x08000904   0x00000048   Code   RO           14    i.FLASH_Read_Thresholds  main.o
    0x0800094c   0x0800094c   0x0000005c   Code   RO         1545    i.FLASH_SetErrorCode  stm32f1xx_hal_flash.o
    0x080009a8   0x080009a8   0x00000054   Code   RO         1546    i.FLASH_WaitForLastOperation  stm32f1xx_hal_flash.o
    0x080009fc   0x080009fc   0x00000038   Code   RO           15    i.FLASH_Write_Thresholds  main.o
    0x08000a34   0x08000a34   0x000000fc   Code   RO          557    i.HAL_ADC_ConfigChannel  stm32f1xx_hal_adc.o
    0x08000b30   0x08000b30   0x00000006   Code   RO          564    i.HAL_ADC_GetValue  stm32f1xx_hal_adc.o
    0x08000b36   0x08000b36   0x00000002   PAD
    0x08000b38   0x08000b38   0x0000011c   Code   RO          566    i.HAL_ADC_Init      stm32f1xx_hal_adc.o
    0x08000c54   0x08000c54   0x00000058   Code   RO          214    i.HAL_ADC_MspInit   adc.o
    0x08000cac   0x08000cac   0x0000013c   Code   RO          570    i.HAL_ADC_PollForConversion  stm32f1xx_hal_adc.o
    0x08000de8   0x08000de8   0x000000c0   Code   RO          572    i.HAL_ADC_Start     stm32f1xx_hal_adc.o
    0x08000ea8   0x08000ea8   0x00000034   Code   RO          575    i.HAL_ADC_Stop      stm32f1xx_hal_adc.o
    0x08000edc   0x08000edc   0x00000046   Code   RO         1208    i.HAL_DMA_Abort     stm32f1xx_hal_dma.o
    0x08000f22   0x08000f22   0x00000002   PAD
    0x08000f24   0x08000f24   0x00000098   Code   RO         1209    i.HAL_DMA_Abort_IT  stm32f1xx_hal_dma.o
    0x08000fbc   0x08000fbc   0x00000154   Code   RO         1213    i.HAL_DMA_IRQHandler  stm32f1xx_hal_dma.o
    0x08001110   0x08001110   0x0000005c   Code   RO         1214    i.HAL_DMA_Init      stm32f1xx_hal_dma.o
    0x0800116c   0x0800116c   0x00000070   Code   RO         1218    i.HAL_DMA_Start_IT  stm32f1xx_hal_dma.o
    0x080011dc   0x080011dc   0x00000024   Code   RO          834    i.HAL_Delay         stm32f1xx_hal.o
    0x08001200   0x08001200   0x000000a8   Code   RO         1653    i.HAL_FLASHEx_Erase  stm32f1xx_hal_flash_ex.o
    0x080012a8   0x080012a8   0x00000014   Code   RO         1550    i.HAL_FLASH_Lock    stm32f1xx_hal_flash.o
    0x080012bc   0x080012bc   0x00000080   Code   RO         1555    i.HAL_FLASH_Program  stm32f1xx_hal_flash.o
    0x0800133c   0x0800133c   0x00000028   Code   RO         1557    i.HAL_FLASH_Unlock  stm32f1xx_hal_flash.o
    0x08001364   0x08001364   0x00000028   Code   RO           16    i.HAL_GPIO_EXTI_Callback  main.o
    0x0800138c   0x0800138c   0x00000018   Code   RO         1143    i.HAL_GPIO_EXTI_IRQHandler  stm32f1xx_hal_gpio.o
    0x080013a4   0x080013a4   0x000001e0   Code   RO         1144    i.HAL_GPIO_Init     stm32f1xx_hal_gpio.o
    0x08001584   0x08001584   0x0000000a   Code   RO         1146    i.HAL_GPIO_ReadPin  stm32f1xx_hal_gpio.o
    0x0800158e   0x0800158e   0x0000000a   Code   RO         1148    i.HAL_GPIO_WritePin  stm32f1xx_hal_gpio.o
    0x08001598   0x08001598   0x0000000c   Code   RO          838    i.HAL_GetTick       stm32f1xx_hal.o
    0x080015a4   0x080015a4   0x00000010   Code   RO          844    i.HAL_IncTick       stm32f1xx_hal.o
    0x080015b4   0x080015b4   0x00000024   Code   RO          845    i.HAL_Init          stm32f1xx_hal.o
    0x080015d8   0x080015d8   0x00000040   Code   RO          846    i.HAL_InitTick      stm32f1xx_hal.o
    0x08001618   0x08001618   0x0000003c   Code   RO          491    i.HAL_MspInit       stm32f1xx_hal_msp.o
    0x08001654   0x08001654   0x0000001a   Code   RO         1304    i.HAL_NVIC_EnableIRQ  stm32f1xx_hal_cortex.o
    0x0800166e   0x0800166e   0x00000002   PAD
    0x08001670   0x08001670   0x00000040   Code   RO         1310    i.HAL_NVIC_SetPriority  stm32f1xx_hal_cortex.o
    0x080016b0   0x080016b0   0x00000024   Code   RO         1311    i.HAL_NVIC_SetPriorityGrouping  stm32f1xx_hal_cortex.o
    0x080016d4   0x080016d4   0x000000a4   Code   RO         1105    i.HAL_RCCEx_GetPeriphCLKFreq  stm32f1xx_hal_rcc_ex.o
    0x08001778   0x08001778   0x000000ec   Code   RO         1106    i.HAL_RCCEx_PeriphCLKConfig  stm32f1xx_hal_rcc_ex.o
    0x08001864   0x08001864   0x0000012c   Code   RO         1002    i.HAL_RCC_ClockConfig  stm32f1xx_hal_rcc.o
    0x08001990   0x08001990   0x00000020   Code   RO         1009    i.HAL_RCC_GetPCLK1Freq  stm32f1xx_hal_rcc.o
    0x080019b0   0x080019b0   0x00000020   Code   RO         1010    i.HAL_RCC_GetPCLK2Freq  stm32f1xx_hal_rcc.o
    0x080019d0   0x080019d0   0x0000004c   Code   RO         1011    i.HAL_RCC_GetSysClockFreq  stm32f1xx_hal_rcc.o
    0x08001a1c   0x08001a1c   0x00000320   Code   RO         1014    i.HAL_RCC_OscConfig  stm32f1xx_hal_rcc.o
    0x08001d3c   0x08001d3c   0x00000028   Code   RO         1315    i.HAL_SYSTICK_Config  stm32f1xx_hal_cortex.o
    0x08001d64   0x08001d64   0x00000002   Code   RO         1816    i.HAL_UARTEx_RxEventCallback  stm32f1xx_hal_uart.o
    0x08001d66   0x08001d66   0x00000002   Code   RO         1830    i.HAL_UART_ErrorCallback  stm32f1xx_hal_uart.o
    0x08001d68   0x08001d68   0x0000026c   Code   RO         1833    i.HAL_UART_IRQHandler  stm32f1xx_hal_uart.o
    0x08001fd4   0x08001fd4   0x00000064   Code   RO         1834    i.HAL_UART_Init     stm32f1xx_hal_uart.o
    0x08002038   0x08002038   0x00000130   Code   RO          286    i.HAL_UART_MspInit  usart.o
    0x08002168   0x08002168   0x0000001c   Code   RO         1838    i.HAL_UART_Receive_DMA  stm32f1xx_hal_uart.o
    0x08002184   0x08002184   0x0000001c   Code   RO         1839    i.HAL_UART_Receive_IT  stm32f1xx_hal_uart.o
    0x080021a0   0x080021a0   0x00000070   Code   RO          374    i.HAL_UART_RxCpltCallback  stm32f1xx_it.o
    0x08002210   0x08002210   0x00000002   Code   RO         1841    i.HAL_UART_RxHalfCpltCallback  stm32f1xx_hal_uart.o
    0x08002212   0x08002212   0x00000002   Code   RO         1845    i.HAL_UART_TxCpltCallback  stm32f1xx_hal_uart.o
    0x08002214   0x08002214   0x00000002   Code   RO          375    i.HardFault_Handler  stm32f1xx_it.o
    0x08002216   0x08002216   0x00000002   PAD
    0x08002218   0x08002218   0x00000044   Code   RO         2205    i.I2C_Start         oled.o
    0x0800225c   0x0800225c   0x00000034   Code   RO         2206    i.I2C_Stop          oled.o
    0x08002290   0x08002290   0x00000038   Code   RO         2207    i.I2C_WaitAck       oled.o
    0x080022c8   0x080022c8   0x0000000a   Code   RO         2208    i.IIC_delay         oled.o
    0x080022d2   0x080022d2   0x00000002   PAD
    0x080022d4   0x080022d4   0x0000002c   Code   RO          215    i.MQ5_Read_Value    adc.o
    0x08002300   0x08002300   0x00000050   Code   RO          216    i.MX_ADC1_Init      adc.o
    0x08002350   0x08002350   0x0000003c   Code   RO          261    i.MX_DMA_Init       dma.o
    0x0800238c   0x0800238c   0x000000cc   Code   RO          189    i.MX_GPIO_Init      gpio.o
    0x08002458   0x08002458   0x00000038   Code   RO          287    i.MX_USART1_UART_Init  usart.o
    0x08002490   0x08002490   0x00000038   Code   RO          288    i.MX_USART2_UART_Init  usart.o
    0x080024c8   0x080024c8   0x00000002   Code   RO          376    i.MemManage_Handler  stm32f1xx_it.o
    0x080024ca   0x080024ca   0x00000002   Code   RO          377    i.NMI_Handler       stm32f1xx_it.o
    0x080024cc   0x080024cc   0x0000002c   Code   RO         2209    i.OLED_Clear        oled.o
    0x080024f8   0x080024f8   0x0000002c   Code   RO         2216    i.OLED_DrawPoint    oled.o
    0x08002524   0x08002524   0x000000da   Code   RO         2217    i.OLED_Init         oled.o
    0x080025fe   0x080025fe   0x00000010   Code   RO         2218    i.OLED_Pow          oled.o
    0x0800260e   0x0800260e   0x00000002   PAD
    0x08002610   0x08002610   0x00000068   Code   RO         2219    i.OLED_Refresh      oled.o
    0x08002678   0x08002678   0x00000060   Code   RO         2220    i.OLED_Refresh_Line  oled.o
    0x080026d8   0x080026d8   0x000000e4   Code   RO         2221    i.OLED_ShowChar     oled.o
    0x080027bc   0x080027bc   0x00000128   Code   RO         2222    i.OLED_ShowGasConcentration  oled.o
    0x080028e4   0x080028e4   0x00000068   Code   RO         2223    i.OLED_ShowMQ5Value  oled.o
    0x0800294c   0x0800294c   0x0000006e   Code   RO         2224    i.OLED_ShowNum      oled.o
    0x080029ba   0x080029ba   0x0000003c   Code   RO         2226    i.OLED_ShowString   oled.o
    0x080029f6   0x080029f6   0x00000002   PAD
    0x080029f8   0x080029f8   0x000000d0   Code   RO         2227    i.OLED_ShowTempHumidity  oled.o
    0x08002ac8   0x08002ac8   0x00000036   Code   RO         2228    i.OLED_WR_Byte      oled.o
    0x08002afe   0x08002afe   0x00000002   Code   RO          378    i.PendSV_Handler    stm32f1xx_it.o
    0x08002b00   0x08002b00   0x00000002   Code   RO          379    i.SVC_Handler       stm32f1xx_it.o
    0x08002b02   0x08002b02   0x00000002   PAD
    0x08002b04   0x08002b04   0x00000054   Code   RO         2229    i.Send_Byte         oled.o
    0x08002b58   0x08002b58   0x00000004   Code   RO          380    i.SysTick_Handler   stm32f1xx_it.o
    0x08002b5c   0x08002b5c   0x00000072   Code   RO           17    i.SystemClock_Config  main.o
    0x08002bce   0x08002bce   0x00000002   Code   RO         2168    i.SystemInit        system_stm32f1xx.o
    0x08002bd0   0x08002bd0   0x00000010   Code   RO         1847    i.UART_DMAAbortOnError  stm32f1xx_hal_uart.o
    0x08002be0   0x08002be0   0x0000004a   Code   RO         1848    i.UART_DMAError     stm32f1xx_hal_uart.o
    0x08002c2a   0x08002c2a   0x00000086   Code   RO         1849    i.UART_DMAReceiveCplt  stm32f1xx_hal_uart.o
    0x08002cb0   0x08002cb0   0x0000001e   Code   RO         1851    i.UART_DMARxHalfCplt  stm32f1xx_hal_uart.o
    0x08002cce   0x08002cce   0x0000004e   Code   RO         1857    i.UART_EndRxTransfer  stm32f1xx_hal_uart.o
    0x08002d1c   0x08002d1c   0x0000001c   Code   RO         1858    i.UART_EndTxTransfer  stm32f1xx_hal_uart.o
    0x08002d38   0x08002d38   0x0000001c   Code   RO          290    i.UART_Get_CO2      usart.o
    0x08002d54   0x08002d54   0x0000004c   Code   RO          292    i.UART_Parse_Data   usart.o
    0x08002da0   0x08002da0   0x000000c2   Code   RO         1859    i.UART_Receive_IT   stm32f1xx_hal_uart.o
    0x08002e62   0x08002e62   0x00000002   PAD
    0x08002e64   0x08002e64   0x000000b8   Code   RO         1860    i.UART_SetConfig    stm32f1xx_hal_uart.o
    0x08002f1c   0x08002f1c   0x0000001c   Code   RO          294    i.UART_Start_Receive  usart.o
    0x08002f38   0x08002f38   0x00000090   Code   RO         1861    i.UART_Start_Receive_DMA  stm32f1xx_hal_uart.o
    0x08002fc8   0x08002fc8   0x00000036   Code   RO         1862    i.UART_Start_Receive_IT  stm32f1xx_hal_uart.o
    0x08002ffe   0x08002ffe   0x00000002   PAD
    0x08003000   0x08003000   0x0000000c   Code   RO          381    i.USART1_IRQHandler  stm32f1xx_it.o
    0x0800300c   0x0800300c   0x0000000c   Code   RO          382    i.USART2_IRQHandler  stm32f1xx_it.o
    0x08003018   0x08003018   0x00000298   Code   RO           18    i.Update_Setting_Display  main.o
    0x080032b0   0x080032b0   0x00000002   Code   RO          383    i.UsageFault_Handler  stm32f1xx_it.o
    0x080032b2   0x080032b2   0x00000020   Code   RO         1317    i.__NVIC_SetPriority  stm32f1xx_hal_cortex.o
    0x080032d2   0x080032d2   0x0000000e   Code   RO         3372    i._is_digit         c_w.l(__printf_wp.o)
    0x080032e0   0x080032e0   0x00000268   Code   RO           19    i.main              main.o
    0x08003548   0x08003548   0x000000c4   Code   RO         3439    x$fpl$fadd          fz_ws.l(faddsub_clz.o)
    0x0800360c   0x0800360c   0x0000003e   Code   RO         3445    x$fpl$ffixu         fz_ws.l(ffixu.o)
    0x0800364a   0x0800364a   0x00000002   PAD
    0x0800364c   0x0800364c   0x00000026   Code   RO         3449    x$fpl$ffltu         fz_ws.l(fflt_clz.o)
    0x08003672   0x08003672   0x00000002   PAD
    0x08003674   0x08003674   0x00000102   Code   RO         3455    x$fpl$fmul          fz_ws.l(fmul.o)
    0x08003776   0x08003776   0x0000008c   Code   RO         3573    x$fpl$fnaninf       fz_ws.l(fnaninf.o)
    0x08003802   0x08003802   0x0000000a   Code   RO         3575    x$fpl$fretinf       fz_ws.l(fretinf.o)
    0x0800380c   0x0800380c   0x00000014   Code   RO         3440    x$fpl$frsb          fz_ws.l(faddsub_clz.o)
    0x08003820   0x08003820   0x000000ea   Code   RO         3441    x$fpl$fsub          fz_ws.l(faddsub_clz.o)
    0x0800390a   0x0800390a   0x00000000   Code   RO         3577    x$fpl$usenofp       fz_ws.l(usenofp.o)
    0x0800390a   0x0800390a   0x00000012   Data   RO         1015    .constdata          stm32f1xx_hal_rcc.o
    0x0800391c   0x0800391c   0x00000012   Data   RO         1107    .constdata          stm32f1xx_hal_rcc_ex.o
    0x0800392e   0x0800392e   0x00000010   Data   RO         2169    .constdata          system_stm32f1xx.o
    0x0800393e   0x0800393e   0x00000008   Data   RO         2170    .constdata          system_stm32f1xx.o
    0x08003946   0x08003946   0x000019e8   Data   RO         2231    .constdata          oled.o
    0x0800532e   0x0800532e   0x00000011   Data   RO         3380    .constdata          c_w.l(__printf_flags_ss_wp.o)
    0x0800533f   0x0800533f   0x00000001   PAD
    0x08005340   0x08005340   0x00000020   Data   RO         3824    Region$$Table       anon$$obj.o


    Execution Region RW_IRAM1 (Exec base: 0x20000000, Load base: 0x08005360, Size: 0x00000e98, Max: 0x00005000, ABSOLUTE)

    Exec Addr    Load Addr    Size         Type   Attr      Idx    E Section Name        Object

    0x20000000   0x08005360   0x00000014   Data   RW           20    .data               main.o
    0x20000014   0x08005374   0x0000000c   Data   RW          852    .data               stm32f1xx_hal.o
    0x20000020   0x08005380   0x00000004   Data   RW         2171    .data               system_stm32f1xx.o
    0x20000024   0x08005384   0x00000004   Data   RW         3096    .data               esp8266.o
    0x20000028        -       0x00000030   Zero   RW          217    .bss                adc.o
    0x20000058        -       0x00000140   Zero   RW          295    .bss                usart.o
    0x20000198        -       0x00000020   Zero   RW         1558    .bss                stm32f1xx_hal_flash.o
    0x200001b8        -       0x00000480   Zero   RW         2230    .bss                oled.o
    0x20000638        -       0x00000200   Zero   RW         3094    .bss                esp8266.o
    0x20000838        -       0x00000060   Zero   RW         3581    .bss                c_w.l(libspace.o)
    0x20000898        -       0x00000200   Zero   RW            2    HEAP                startup_stm32f103xb.o
    0x20000a98        -       0x00000400   Zero   RW            1    STACK               startup_stm32f103xb.o


==============================================================================

Image component sizes


      Code (inc. data)   RO Data    RW Data    ZI Data      Debug   Object Name

       212         26          0          0         48       2170   adc.o
       388         22          0          0          0       2567   dht11.o
        60          4          0          0          0        774   dma.o
         0          0          0          4        512       1205   esp8266.o
       204         18          0          0          0        987   gpio.o
      1566        262          0         20          0     423201   main.o
      1852        110       6632          0       1152      12595   oled.o
        64         26        236          0       1536        816   startup_stm32f103xb.o
       164         28          0         12          0       5941   stm32f1xx_hal.o
      1312         54          0          0          0       7271   stm32f1xx_hal_adc.o
       198         14          0          0          0      28983   stm32f1xx_hal_cortex.o
       808         36          0          0          0       5022   stm32f1xx_hal_dma.o
       392         46          0          0         32       4770   stm32f1xx_hal_flash.o
       240         26          0          0          0       3269   stm32f1xx_hal_flash_ex.o
       524         40          0          0          0       4134   stm32f1xx_hal_gpio.o
        60          8          0          0          0        886   stm32f1xx_hal_msp.o
      1240         84         18          0          0       5140   stm32f1xx_hal_rcc.o
       400         28         18          0          0       2485   stm32f1xx_hal_rcc_ex.o
      1720         24          0          0          0      13450   stm32f1xx_hal_uart.o
       210         48          0          0          0       7285   stm32f1xx_it.o
         2          0         24          4          0       1131   system_stm32f1xx.o
       548         60          0          0        320       4201   usart.o

    ----------------------------------------------------------------------
     12190        964       6960         40       3600     538283   Object Totals
         0          0         32          0          0          0   (incl. Generated)
        26          0          0          0          0          0   (incl. Padding)

    ----------------------------------------------------------------------

      Code (inc. data)   RO Data    RW Data    ZI Data      Debug   Library Member Name

        44          6          0          0          0         84   __2sprintf.o
         8          0          0          0          0         68   __main.o
       392          4         17          0          0         92   __printf_flags_ss_wp.o
        14          0          0          0          0         68   __printf_wp.o
         0          0          0          0          0          0   __rtentry.o
        12          0          0          0          0          0   __rtentry2.o
         6          0          0          0          0          0   __rtentry4.o
        52          8          0          0          0          0   __scatter.o
        26          0          0          0          0          0   __scatter_copy.o
        28          0          0          0          0          0   __scatter_zi.o
        48          6          0          0          0         96   _printf_char_common.o
         6          0          0          0          0          0   _printf_d.o
       120         16          0          0          0         92   _printf_dec.o
       178          0          0          0          0         88   _printf_intcommon.o
         0          0          0          0          0          0   _printf_percent.o
         4          0          0          0          0          0   _printf_percent_end.o
        10          0          0          0          0         68   _sputc.o
        18          0          0          0          0         80   exit.o
         6          0          0          0          0        152   heapauxi.o
         0          0          0          0          0          0   indicate_semi.o
         2          0          0          0          0          0   libinit.o
         2          0          0          0          0          0   libinit2.o
         2          0          0          0          0          0   libshutdown.o
         2          0          0          0          0          0   libshutdown2.o
         8          4          0          0         96         68   libspace.o
        38          0          0          0          0         68   llushr.o
        78          0          0          0          0         80   rt_memclr_w.o
         2          0          0          0          0          0   rtexit.o
        10          0          0          0          0          0   rtexit2.o
        12          4          0          0          0         68   sys_exit.o
        74          0          0          0          0         80   sys_stackheap_outer.o
         2          0          0          0          0         68   use_no_semi.o
       450          8          0          0          0        236   faddsub_clz.o
        62          4          0          0          0         84   ffixu.o
        38          0          0          0          0         68   fflt_clz.o
       258          4          0          0          0         84   fmul.o
       140          4          0          0          0         84   fnaninf.o
        10          0          0          0          0         68   fretinf.o
         0          0          0          0          0          0   usenofp.o

    ----------------------------------------------------------------------
      2176         68         18          0         96       1944   Library Totals
        14          0          1          0          0          0   (incl. Padding)

    ----------------------------------------------------------------------

      Code (inc. data)   RO Data    RW Data    ZI Data      Debug   Library Name

      1204         48         17          0         96       1320   c_w.l
       958         20          0          0          0        624   fz_ws.l

    ----------------------------------------------------------------------
      2176         68         18          0         96       1944   Library Totals

    ----------------------------------------------------------------------

==============================================================================


      Code (inc. data)   RO Data    RW Data    ZI Data      Debug   

     14366       1032       6978         40       3696     533359   Grand Totals
     14366       1032       6978         40       3696     533359   ELF Image Totals
     14366       1032       6978         40          0          0   ROM Totals

==============================================================================

    Total RO  Size (Code + RO Data)                21344 (  20.84kB)
    Total RW  Size (RW Data + ZI Data)              3736 (   3.65kB)
    Total ROM Size (Code + RO Data + RW Data)      21384 (  20.88kB)

==============================================================================

