Component: ARM Compiler 5.06 update 6 (build 750) Tool: armlink [4d35ed]

==============================================================================

Section Cross References

    startup_stm32f103xb.o(STACK) refers (Special) to heapauxi.o(.text) for __use_two_region_memory
    startup_stm32f103xb.o(HEAP) refers (Special) to heapauxi.o(.text) for __use_two_region_memory
    startup_stm32f103xb.o(RESET) refers (Special) to heapauxi.o(.text) for __use_two_region_memory
    startup_stm32f103xb.o(RESET) refers to startup_stm32f103xb.o(STACK) for __initial_sp
    startup_stm32f103xb.o(RESET) refers to startup_stm32f103xb.o(.text) for Reset_Handler
    startup_stm32f103xb.o(RESET) refers to stm32f1xx_it.o(i.NMI_Handler) for NMI_Handler
    startup_stm32f103xb.o(RESET) refers to stm32f1xx_it.o(i.HardFault_Handler) for HardFault_Handler
    startup_stm32f103xb.o(RESET) refers to stm32f1xx_it.o(i.MemManage_Handler) for MemManage_Handler
    startup_stm32f103xb.o(RESET) refers to stm32f1xx_it.o(i.BusFault_Handler) for BusFault_Handler
    startup_stm32f103xb.o(RESET) refers to stm32f1xx_it.o(i.UsageFault_Handler) for UsageFault_Handler
    startup_stm32f103xb.o(RESET) refers to stm32f1xx_it.o(i.SVC_Handler) for SVC_Handler
    startup_stm32f103xb.o(RESET) refers to stm32f1xx_it.o(i.DebugMon_Handler) for DebugMon_Handler
    startup_stm32f103xb.o(RESET) refers to stm32f1xx_it.o(i.PendSV_Handler) for PendSV_Handler
    startup_stm32f103xb.o(RESET) refers to stm32f1xx_it.o(i.SysTick_Handler) for SysTick_Handler
    startup_stm32f103xb.o(RESET) refers to stm32f1xx_it.o(i.DMA1_Channel6_IRQHandler) for DMA1_Channel6_IRQHandler
    startup_stm32f103xb.o(RESET) refers to stm32f1xx_it.o(i.DMA1_Channel7_IRQHandler) for DMA1_Channel7_IRQHandler
    startup_stm32f103xb.o(RESET) refers to stm32f1xx_it.o(i.USART1_IRQHandler) for USART1_IRQHandler
    startup_stm32f103xb.o(RESET) refers to stm32f1xx_it.o(i.USART2_IRQHandler) for USART2_IRQHandler
    startup_stm32f103xb.o(RESET) refers to stm32f1xx_it.o(i.EXTI15_10_IRQHandler) for EXTI15_10_IRQHandler
    startup_stm32f103xb.o(.text) refers (Special) to heapauxi.o(.text) for __use_two_region_memory
    startup_stm32f103xb.o(.text) refers to system_stm32f1xx.o(i.SystemInit) for SystemInit
    startup_stm32f103xb.o(.text) refers to __main.o(!!!main) for __main
    startup_stm32f103xb.o(.text) refers to startup_stm32f103xb.o(HEAP) for Heap_Mem
    startup_stm32f103xb.o(.text) refers to startup_stm32f103xb.o(STACK) for Stack_Mem
    main.o(i.SystemClock_Config) refers to rt_memclr_w.o(.text) for __aeabi_memclr4
    main.o(i.SystemClock_Config) refers to stm32f1xx_hal_rcc.o(i.HAL_RCC_OscConfig) for HAL_RCC_OscConfig
    main.o(i.SystemClock_Config) refers to stm32f1xx_hal_rcc.o(i.HAL_RCC_ClockConfig) for HAL_RCC_ClockConfig
    main.o(i.SystemClock_Config) refers to stm32f1xx_hal_rcc_ex.o(i.HAL_RCCEx_PeriphCLKConfig) for HAL_RCCEx_PeriphCLKConfig
    main.o(i.main) refers to stm32f1xx_hal.o(i.HAL_Init) for HAL_Init
    main.o(i.main) refers to main.o(i.SystemClock_Config) for SystemClock_Config
    main.o(i.main) refers to gpio.o(i.MX_GPIO_Init) for MX_GPIO_Init
    main.o(i.main) refers to dma.o(i.MX_DMA_Init) for MX_DMA_Init
    main.o(i.main) refers to usart.o(i.MX_USART1_UART_Init) for MX_USART1_UART_Init
    main.o(i.main) refers to adc.o(i.MX_ADC1_Init) for MX_ADC1_Init
    main.o(i.main) refers to usart.o(i.MX_USART2_UART_Init) for MX_USART2_UART_Init
    main.o(i.main) refers to usart.o(i.UART_Start_Receive) for UART_Start_Receive
    main.o(i.main) refers to ui.o(i.UI_Init) for UI_Init
    main.o(i.main) refers to ui.o(i.UI_Update) for UI_Update
    main.o(i.main) refers to stm32f1xx_hal.o(i.HAL_Delay) for HAL_Delay
    gpio.o(i.MX_GPIO_Init) refers to stm32f1xx_hal_gpio.o(i.HAL_GPIO_WritePin) for HAL_GPIO_WritePin
    gpio.o(i.MX_GPIO_Init) refers to stm32f1xx_hal_gpio.o(i.HAL_GPIO_Init) for HAL_GPIO_Init
    gpio.o(i.MX_GPIO_Init) refers to stm32f1xx_hal_cortex.o(i.HAL_NVIC_SetPriority) for HAL_NVIC_SetPriority
    gpio.o(i.MX_GPIO_Init) refers to stm32f1xx_hal_cortex.o(i.HAL_NVIC_EnableIRQ) for HAL_NVIC_EnableIRQ
    adc.o(i.HAL_ADC_MspDeInit) refers to stm32f1xx_hal_gpio.o(i.HAL_GPIO_DeInit) for HAL_GPIO_DeInit
    adc.o(i.HAL_ADC_MspInit) refers to stm32f1xx_hal_gpio.o(i.HAL_GPIO_Init) for HAL_GPIO_Init
    adc.o(i.MQ5_Read_Value) refers to stm32f1xx_hal_adc.o(i.HAL_ADC_Start) for HAL_ADC_Start
    adc.o(i.MQ5_Read_Value) refers to stm32f1xx_hal_adc.o(i.HAL_ADC_PollForConversion) for HAL_ADC_PollForConversion
    adc.o(i.MQ5_Read_Value) refers to stm32f1xx_hal_adc.o(i.HAL_ADC_GetValue) for HAL_ADC_GetValue
    adc.o(i.MQ5_Read_Value) refers to stm32f1xx_hal_adc.o(i.HAL_ADC_Stop) for HAL_ADC_Stop
    adc.o(i.MQ5_Read_Value) refers to adc.o(.bss) for .bss
    adc.o(i.MX_ADC1_Init) refers to stm32f1xx_hal_adc.o(i.HAL_ADC_Init) for HAL_ADC_Init
    adc.o(i.MX_ADC1_Init) refers to main.o(i.Error_Handler) for Error_Handler
[...]
    ../clib/printf.c                         0x00000000   Number         0  __printf_nopercent.o ABSOLUTE
    ../clib/printf.c                         0x00000000   Number         0  _sputc.o ABSOLUTE
    ../clib/printf.c                         0x00000000   Number         0  _printf_char_common.o ABSOLUTE
    ../clib/printf.c                         0x00000000   Number         0  __printf_flags_ss_wp.o ABSOLUTE
    ../clib/printf.c                         0x00000000   Number         0  __printf_ss_wp.o ABSOLUTE
    ../clib/printf.c                         0x00000000   Number         0  __2sprintf.o ABSOLUTE
    ../clib/printf.c                         0x00000000   Number         0  _printf_intcommon.o ABSOLUTE
    ../clib/printf.c                         0x00000000   Number         0  noretval__2sprintf.o ABSOLUTE
    ../clib/printf.c                         0x00000000   Number         0  __printf_flags_wp.o ABSOLUTE
    ../clib/printf.c                         0x00000000   Number         0  __printf_wp.o ABSOLUTE
    ../clib/printf.c                         0x00000000   Number         0  __printf_flags_ss.o ABSOLUTE
    ../clib/printf_percent.s                 0x00000000   Number         0  _printf_percent.o ABSOLUTE
    ../clib/printf_percent.s                 0x00000000   Number         0  _printf_percent_end.o ABSOLUTE
    ../clib/printf_percent.s                 0x00000000   Number         0  _printf_d.o ABSOLUTE
    ../clib/signal.c                         0x00000000   Number         0  __raise.o ABSOLUTE
    ../clib/signal.c                         0x00000000   Number         0  defsig_rtmem_inner.o ABSOLUTE
    ../clib/signal.c                         0x00000000   Number         0  defsig_rtmem_formal.o ABSOLUTE
    ../clib/signal.c                         0x00000000   Number         0  defsig_rtmem_outer.o ABSOLUTE
    ../clib/signal.c                         0x00000000   Number         0  defsig_exit.o ABSOLUTE
    ../clib/signal.c                         0x00000000   Number         0  defsig_other.o ABSOLUTE
    ../clib/signal.c                         0x00000000   Number         0  defsig_segv_inner.o ABSOLUTE
    ../clib/signal.c                         0x00000000   Number         0  defsig_cppl_inner.o ABSOLUTE
    ../clib/signal.c                         0x00000000   Number         0  defsig_pvfn_inner.o ABSOLUTE
    ../clib/signal.c                         0x00000000   Number         0  defsig_stak_inner.o ABSOLUTE
    ../clib/signal.c                         0x00000000   Number         0  defsig_rtred_inner.o ABSOLUTE
    ../clib/signal.c                         0x00000000   Number         0  defsig_fpe_inner.o ABSOLUTE
    ../clib/signal.c                         0x00000000   Number         0  defsig_abrt_inner.o ABSOLUTE
    ../clib/signal.c                         0x00000000   Number         0  defsig_general.o ABSOLUTE
    ../clib/signal.s                         0x00000000   Number         0  defsig.o ABSOLUTE
    ../clib/stdlib.c                         0x00000000   Number         0  exit.o ABSOLUTE
    ../fplib/faddsub.s                       0x00000000   Number         0  faddsub_clz.o ABSOLUTE
    ../fplib/ffixu.s                         0x00000000   Number         0  ffixu.o ABSOLUTE
    ../fplib/fflt.s                          0x00000000   Number         0  fflt_clz.o ABSOLUTE
    ../fplib/fmul.s                          0x00000000   Number         0  fmul.o ABSOLUTE
    ../fplib/fnaninf.s                       0x00000000   Number         0  fnaninf.o ABSOLUTE
    ../fplib/fpinit.s                        0x00000000   Number         0  fpinit.o ABSOLUTE
    ../fplib/fretinf.s                       0x00000000   Number         0  fretinf.o ABSOLUTE
    ../fplib/usenofp.s                       0x00000000   Number         0  usenofp.o ABSOLUTE
    ..\App\dht11.c                           0x00000000   Number         0  dht11.o ABSOLUTE
    ..\App\flash.c                           0x00000000   Number         0  flash.o ABSOLUTE
    ..\App\oled.c                            0x00000000   Number         0  oled.o ABSOLUTE
    ..\App\ui.c                              0x00000000   Number         0  ui.o ABSOLUTE
    ..\Core\Src\adc.c                        0x00000000   Number         0  adc.o ABSOLUTE
    ..\Core\Src\dma.c                        0x00000000   Number         0  dma.o ABSOLUTE
    ..\Core\Src\gpio.c                       0x00000000   Number         0  gpio.o ABSOLUTE
    ..\Core\Src\main.c                       0x00000000   Number         0  main.o ABSOLUTE
    ..\Core\Src\stm32f1xx_hal_msp.c          0x00000000   Number         0  stm32f1xx_hal_msp.o ABSOLUTE
    ..\Core\Src\stm32f1xx_it.c               0x00000000   Number         0  stm32f1xx_it.o ABSOLUTE
    ..\Core\Src\system_stm32f1xx.c           0x00000000   Number         0  system_stm32f1xx.o ABSOLUTE
    ..\Core\Src\usart.c                      0x00000000   Number         0  usart.o ABSOLUTE
    ..\Drivers\STM32F1xx_HAL_Driver\Src\stm32f1xx_hal.c 0x00000000   Number         0  stm32f1xx_hal.o ABSOLUTE
    ..\Drivers\STM32F1xx_HAL_Driver\Src\stm32f1xx_hal_adc.c 0x00000000   Number         0  stm32f1xx_hal_adc.o ABSOLUTE
    ..\Drivers\STM32F1xx_HAL_Driver\Src\stm32f1xx_hal_adc_ex.c 0x00000000   Number         0  stm32f1xx_hal_adc_ex.o ABSOLUTE
    ..\Drivers\STM32F1xx_HAL_Driver\Src\stm32f1xx_hal_cortex.c 0x00000000   Number         0  stm32f1xx_hal_cortex.o ABSOLUTE
    ..\Drivers\STM32F1xx_HAL_Driver\Src\stm32f1xx_hal_dma.c 0x00000000   Number         0  stm32f1xx_hal_dma.o ABSOLUTE
    ..\Drivers\STM32F1xx_HAL_Driver\Src\stm32f1xx_hal_exti.c 0x00000000   Number         0  stm32f1xx_hal_exti.o ABSOLUTE
    ..\Drivers\STM32F1xx_HAL_Driver\Src\stm32f1xx_hal_flash.c 0x00000000   Number         0  stm32f1xx_hal_flash.o ABSOLUTE
    ..\Drivers\STM32F1xx_HAL_Driver\Src\stm32f1xx_hal_flash_ex.c 0x00000000   Number         0  stm32f1xx_hal_flash_ex.o ABSOLUTE
    ..\Drivers\STM32F1xx_HAL_Driver\Src\stm32f1xx_hal_gpio.c 0x00000000   Number         0  stm32f1xx_hal_gpio.o ABSOLUTE
    ..\Drivers\STM32F1xx_HAL_Driver\Src\stm32f1xx_hal_gpio_ex.c 0x00000000   Number         0  stm32f1xx_hal_gpio_ex.o ABSOLUTE
    ..\Drivers\STM32F1xx_HAL_Driver\Src\stm32f1xx_hal_pwr.c 0x00000000   Number         0  stm32f1xx_hal_pwr.o ABSOLUTE
    ..\Drivers\STM32F1xx_HAL_Driver\Src\stm32f1xx_hal_rcc.c 0x00000000   Number         0  stm32f1xx_hal_rcc.o ABSOLUTE
    ..\Drivers\STM32F1xx_HAL_Driver\Src\stm32f1xx_hal_rcc_ex.c 0x00000000   Number         0  stm32f1xx_hal_rcc_ex.o ABSOLUTE
    ..\Drivers\STM32F1xx_HAL_Driver\Src\stm32f1xx_hal_uart.c 0x00000000   Number         0  stm32f1xx_hal_uart.o ABSOLUTE
    ..\\App\\dht11.c                         0x00000000   Number         0  dht11.o ABSOLUTE
    ..\\App\\flash.c                         0x00000000   Number         0  flash.o ABSOLUTE
    ..\\App\\oled.c                          0x00000000   Number         0  oled.o ABSOLUTE
    ..\\App\\ui.c                            0x00000000   Number         0  ui.o ABSOLUTE
    dc.s                                     0x00000000   Number         0  dc.o ABSOLUTE
    startup_stm32f103xb.s                    0x00000000   Number         0  startup_stm32f103xb.o ABSOLUTE
    RESET                                    0x08000000   Section      236  startup_stm32f103xb.o(RESET)
    !!!main                                  0x080000ec   Section        8  __main.o(!!!main)
    !!!scatter                               0x080000f4   Section       52  __scatter.o(!!!scatter)
    !!handler_copy                           0x08000128   Section       26  __scatter_copy.o(!!handler_copy)
    !!handler_zi                             0x08000144   Section       28  __scatter_zi.o(!!handler_zi)
    .ARM.Collect$$_printf_percent$$00000000  0x08000160   Section        0  _printf_percent.o(.ARM.Collect$$_printf_percent$$00000000)
    .ARM.Collect$$_printf_percent$$00000009  0x08000160   Section        6  _printf_d.o(.ARM.Collect$$_printf_percent$$00000009)
    .ARM.Collect$$_printf_percent$$00000017  0x08000166   Section        4  _printf_percent_end.o(.ARM.Collect$$_printf_percent$$00000017)
    .ARM.Collect$$libinit$$00000000          0x0800016a   Section        2  libinit.o(.ARM.Collect$$libinit$$00000000)
    .ARM.Collect$$libinit$$00000002          0x0800016c   Section        0  libinit2.o(.ARM.Collect$$libinit$$00000002)
    .ARM.Collect$$libinit$$00000004          0x0800016c   Section        0  libinit2.o(.ARM.Collect$$libinit$$00000004)
    .ARM.Collect$$libinit$$0000000A          0x0800016c   Section        0  libinit2.o(.ARM.Collect$$libinit$$0000000A)
    .ARM.Collect$$libinit$$0000000C          0x0800016c   Section        0  libinit2.o(.ARM.Collect$$libinit$$0000000C)
    .ARM.Collect$$libinit$$0000000E          0x0800016c   Section        0  libinit2.o(.ARM.Collect$$libinit$$0000000E)
    .ARM.Collect$$libinit$$00000011          0x0800016c   Section        0  libinit2.o(.ARM.Collect$$libinit$$00000011)
    .ARM.Collect$$libinit$$00000013          0x0800016c   Section        0  libinit2.o(.ARM.Collect$$libinit$$00000013)
    .ARM.Collect$$libinit$$00000015          0x0800016c   Section        0  libinit2.o(.ARM.Collect$$libinit$$00000015)
    .ARM.Collect$$libinit$$00000017          0x0800016c   Section        0  libinit2.o(.ARM.Collect$$libinit$$00000017)
    .ARM.Collect$$libinit$$00000019          0x0800016c   Section        0  libinit2.o(.ARM.Collect$$libinit$$00000019)
    .ARM.Collect$$libinit$$0000001B          0x0800016c   Section        0  libinit2.o(.ARM.Collect$$libinit$$0000001B)
    .ARM.Collect$$libinit$$0000001D          0x0800016c   Section        0  libinit2.o(.ARM.Collect$$libinit$$0000001D)
    .ARM.Collect$$libinit$$0000001F          0x0800016c   Section        0  libinit2.o(.ARM.Collect$$libinit$$0000001F)
    .ARM.Collect$$libinit$$00000021          0x0800016c   Section        0  libinit2.o(.ARM.Collect$$libinit$$00000021)
    .ARM.Collect$$libinit$$00000023          0x0800016c   Section        0  libinit2.o(.ARM.Collect$$libinit$$00000023)
    .ARM.Collect$$libinit$$00000025          0x0800016c   Section        0  libinit2.o(.ARM.Collect$$libinit$$00000025)
    .ARM.Collect$$libinit$$0000002C          0x0800016c   Section        0  libinit2.o(.ARM.Collect$$libinit$$0000002C)
    .ARM.Collect$$libinit$$0000002E          0x0800016c   Section        0  libinit2.o(.ARM.Collect$$libinit$$0000002E)
    .ARM.Collect$$libinit$$00000030          0x0800016c   Section        0  libinit2.o(.ARM.Collect$$libinit$$00000030)
    .ARM.Collect$$libinit$$00000032          0x0800016c   Section        0  libinit2.o(.ARM.Collect$$libinit$$00000032)
    .ARM.Collect$$libinit$$00000033          0x0800016c   Section        2  libinit2.o(.ARM.Collect$$libinit$$00000033)
    .ARM.Collect$$libshutdown$$00000000      0x0800016e   Section        2  libshutdown.o(.ARM.Collect$$libshutdown$$00000000)
    .ARM.Collect$$libshutdown$$00000002      0x08000170   Section        0  libshutdown2.o(.ARM.Collect$$libshutdown$$00000002)
    .ARM.Collect$$libshutdown$$00000004      0x08000170   Section        0  libshutdown2.o(.ARM.Collect$$libshutdown$$00000004)
    .ARM.Collect$$libshutdown$$00000007      0x08000170   Section        0  libshutdown2.o(.ARM.Collect$$libshutdown$$00000007)
    .ARM.Collect$$libshutdown$$0000000A      0x08000170   Section        0  libshutdown2.o(.ARM.Collect$$libshutdown$$0000000A)
    .ARM.Collect$$libshutdown$$0000000C      0x08000170   Section        0  libshutdown2.o(.ARM.Collect$$libshutdown$$0000000C)
    .ARM.Collect$$libshutdown$$0000000F      0x08000170   Section        0  libshutdown2.o(.ARM.Collect$$libshutdown$$0000000F)
    .ARM.Collect$$libshutdown$$00000010      0x08000170   Section        2  libshutdown2.o(.ARM.Collect$$libshutdown$$00000010)
    .ARM.Collect$$rtentry$$00000000          0x08000172   Section        0  __rtentry.o(.ARM.Collect$$rtentry$$00000000)
    .ARM.Collect$$rtentry$$00000002          0x08000172   Section        0  __rtentry2.o(.ARM.Collect$$rtentry$$00000002)
    .ARM.Collect$$rtentry$$00000004          0x08000172   Section        6  __rtentry4.o(.ARM.Collect$$rtentry$$00000004)
    .ARM.Collect$$rtentry$$00000009          0x08000178   Section        0  __rtentry2.o(.ARM.Collect$$rtentry$$00000009)
    .ARM.Collect$$rtentry$$0000000A          0x08000178   Section        4  __rtentry2.o(.ARM.Collect$$rtentry$$0000000A)
    .ARM.Collect$$rtentry$$0000000C          0x0800017c   Section        0  __rtentry2.o(.ARM.Collect$$rtentry$$0000000C)
    .ARM.Collect$$rtentry$$0000000D          0x0800017c   Section        8  __rtentry2.o(.ARM.Collect$$rtentry$$0000000D)
    .ARM.Collect$$rtexit$$00000000           0x08000184   Section        2  rtexit.o(.ARM.Collect$$rtexit$$00000000)
    .ARM.Collect$$rtexit$$00000002           0x08000186   Section        0  rtexit2.o(.ARM.Collect$$rtexit$$00000002)
    .ARM.Collect$$rtexit$$00000003           0x08000186   Section        4  rtexit2.o(.ARM.Collect$$rtexit$$00000003)
    .ARM.Collect$$rtexit$$00000004           0x0800018a   Section        6  rtexit2.o(.ARM.Collect$$rtexit$$00000004)
    .text                                    0x08000190   Section       64  startup_stm32f103xb.o(.text)
    .text                                    0x080001d0   Section       38  llushr.o(.text)
    .text                                    0x080001f8   Section        0  noretval__2sprintf.o(.text)
    .text                                    0x08000220   Section        0  __printf.o(.text)
    .text                                    0x08000288   Section        0  _printf_dec.o(.text)
    .text                                    0x08000300   Section       78  rt_memclr_w.o(.text)
    .text                                    0x0800034e   Section        0  heapauxi.o(.text)
    .text                                    0x08000354   Section        0  _printf_intcommon.o(.text)
    .text                                    0x08000408   Section        0  _printf_char_common.o(.text)
    _printf_input_char                       0x08000409   Thumb Code    10  _printf_char_common.o(.text)
    .text                                    0x08000438   Section        0  _sputc.o(.text)
    .text                                    0x08000442   Section       74  sys_stackheap_outer.o(.text)
    .text                                    0x0800048c   Section        0  exit.o(.text)
    .text                                    0x080004a0   Section        8  libspace.o(.text)
    .text                                    0x080004a8   Section        0  sys_exit.o(.text)
    .text                                    0x080004b4   Section        2  use_no_semi.o(.text)
    .text                                    0x080004b6   Section        0  indicate_semi.o(.text)
    i.ADC_ConversionStop_Disable             0x080004b8   Section        0  stm32f1xx_hal_adc.o(i.ADC_ConversionStop_Disable)
    i.ADC_Enable                             0x08000510   Section        0  stm32f1xx_hal_adc.o(i.ADC_Enable)
    i.BusFault_Handler                       0x0800058c   Section        0  stm32f1xx_it.o(i.BusFault_Handler)
    i.DHT11_GPIO_Input                       0x08000590   Section        0  dht11.o(i.DHT11_GPIO_Input)
    i.DHT11_GPIO_Output                      0x080005b0   Section        0  dht11.o(i.DHT11_GPIO_Output)
    i.DHT11_Read_Data                        0x080005d0   Section        0  dht11.o(i.DHT11_Read_Data)
    i.DMA1_Channel6_IRQHandler               0x08000714   Section        0  stm32f1xx_it.o(i.DMA1_Channel6_IRQHandler)
    i.DMA1_Channel7_IRQHandler               0x08000720   Section        0  stm32f1xx_it.o(i.DMA1_Channel7_IRQHandler)
    i.DebugMon_Handler                       0x0800072c   Section        0  stm32f1xx_it.o(i.DebugMon_Handler)
    i.EXTI15_10_IRQHandler                   0x0800072e   Section        0  stm32f1xx_it.o(i.EXTI15_10_IRQHandler)
    i.Error_Handler                          0x0800074c   Section        0  main.o(i.Error_Handler)
    i.FLASH_MassErase                        0x08000750   Section        0  stm32f1xx_hal_flash_ex.o(i.FLASH_MassErase)
    FLASH_MassErase                          0x08000751   Thumb Code    26  stm32f1xx_hal_flash_ex.o(i.FLASH_MassErase)
    i.FLASH_PageErase                        0x08000774   Section        0  stm32f1xx_hal_flash_ex.o(i.FLASH_PageErase)
    i.FLASH_Program_HalfWord                 0x08000798   Section        0  stm32f1xx_hal_flash.o(i.FLASH_Program_HalfWord)
    FLASH_Program_HalfWord                   0x08000799   Thumb Code    20  stm32f1xx_hal_flash.o(i.FLASH_Program_HalfWord)
    i.FLASH_Read_Thresholds                  0x080007b4   Section        0  flash.o(i.FLASH_Read_Thresholds)
    i.FLASH_SetErrorCode                     0x080007fc   Section        0  stm32f1xx_hal_flash.o(i.FLASH_SetErrorCode)
    FLASH_SetErrorCode                       0x080007fd   Thumb Code    84  stm32f1xx_hal_flash.o(i.FLASH_SetErrorCode)
    i.FLASH_WaitForLastOperation             0x08000858   Section        0  stm32f1xx_hal_flash.o(i.FLASH_WaitForLastOperation)
    i.FLASH_Write_Thresholds                 0x080008ac   Section        0  flash.o(i.FLASH_Write_Thresholds)
    i.HAL_ADC_ConfigChannel                  0x080008e4   Section        0  stm32f1xx_hal_adc.o(i.HAL_ADC_ConfigChannel)
    i.HAL_ADC_GetValue                       0x080009e0   Section        0  stm32f1xx_hal_adc.o(i.HAL_ADC_GetValue)
    i.HAL_ADC_Init                           0x080009e8   Section        0  stm32f1xx_hal_adc.o(i.HAL_ADC_Init)
    i.HAL_ADC_MspInit                        0x08000b04   Section        0  adc.o(i.HAL_ADC_MspInit)
    i.HAL_ADC_PollForConversion              0x08000b5c   Section        0  stm32f1xx_hal_adc.o(i.HAL_ADC_PollForConversion)
    i.HAL_ADC_Start                          0x08000c98   Section        0  stm32f1xx_hal_adc.o(i.HAL_ADC_Start)
    i.HAL_ADC_Stop                           0x08000d58   Section        0  stm32f1xx_hal_adc.o(i.HAL_ADC_Stop)
    i.HAL_DMA_Abort                          0x08000d8c   Section        0  stm32f1xx_hal_dma.o(i.HAL_DMA_Abort)
    i.HAL_DMA_Abort_IT                       0x08000dd4   Section        0  stm32f1xx_hal_dma.o(i.HAL_DMA_Abort_IT)
    i.HAL_DMA_IRQHandler                     0x08000e6c   Section        0  stm32f1xx_hal_dma.o(i.HAL_DMA_IRQHandler)
    i.HAL_DMA_Init                           0x08000fc0   Section        0  stm32f1xx_hal_dma.o(i.HAL_DMA_Init)
    i.HAL_Delay                              0x0800101c   Section        0  stm32f1xx_hal.o(i.HAL_Delay)
    i.HAL_FLASHEx_Erase                      0x08001040   Section        0  stm32f1xx_hal_flash_ex.o(i.HAL_FLASHEx_Erase)
    i.HAL_FLASH_Lock                         0x080010e8   Section        0  stm32f1xx_hal_flash.o(i.HAL_FLASH_Lock)
    i.HAL_FLASH_Program                      0x080010fc   Section        0  stm32f1xx_hal_flash.o(i.HAL_FLASH_Program)
    i.HAL_FLASH_Unlock                       0x0800117c   Section        0  stm32f1xx_hal_flash.o(i.HAL_FLASH_Unlock)
    i.HAL_GPIO_EXTI_Callback                 0x080011a4   Section        0  ui.o(i.HAL_GPIO_EXTI_Callback)
    i.HAL_GPIO_EXTI_IRQHandler               0x080011cc   Section        0  stm32f1xx_hal_gpio.o(i.HAL_GPIO_EXTI_IRQHandler)
    i.HAL_GPIO_Init                          0x080011e4   Section        0  stm32f1xx_hal_gpio.o(i.HAL_GPIO_Init)
    i.HAL_GPIO_ReadPin                       0x080013c4   Section        0  stm32f1xx_hal_gpio.o(i.HAL_GPIO_ReadPin)
    i.HAL_GPIO_WritePin                      0x080013ce   Section        0  stm32f1xx_hal_gpio.o(i.HAL_GPIO_WritePin)
    i.HAL_GetTick                            0x080013d8   Section        0  stm32f1xx_hal.o(i.HAL_GetTick)
    i.HAL_IncTick                            0x080013e4   Section        0  stm32f1xx_hal.o(i.HAL_IncTick)
    i.HAL_Init                               0x080013f4   Section        0  stm32f1xx_hal.o(i.HAL_Init)
    i.HAL_InitTick                           0x08001418   Section        0  stm32f1xx_hal.o(i.HAL_InitTick)
    i.HAL_MspInit                            0x08001458   Section        0  stm32f1xx_hal_msp.o(i.HAL_MspInit)
    i.HAL_NVIC_EnableIRQ                     0x08001494   Section        0  stm32f1xx_hal_cortex.o(i.HAL_NVIC_EnableIRQ)
    i.HAL_NVIC_SetPriority                   0x080014b0   Section        0  stm32f1xx_hal_cortex.o(i.HAL_NVIC_SetPriority)
    i.HAL_NVIC_SetPriorityGrouping           0x080014f0   Section        0  stm32f1xx_hal_cortex.o(i.HAL_NVIC_SetPriorityGrouping)
    i.HAL_RCCEx_GetPeriphCLKFreq             0x08001514   Section        0  stm32f1xx_hal_rcc_ex.o(i.HAL_RCCEx_GetPeriphCLKFreq)
    i.HAL_RCCEx_PeriphCLKConfig              0x080015b8   Section        0  stm32f1xx_hal_rcc_ex.o(i.HAL_RCCEx_PeriphCLKConfig)
    i.HAL_RCC_ClockConfig                    0x080016a4   Section        0  stm32f1xx_hal_rcc.o(i.HAL_RCC_ClockConfig)
    i.HAL_RCC_GetPCLK1Freq                   0x080017d0   Section        0  stm32f1xx_hal_rcc.o(i.HAL_RCC_GetPCLK1Freq)
    i.HAL_RCC_GetPCLK2Freq                   0x080017f0   Section        0  stm32f1xx_hal_rcc.o(i.HAL_RCC_GetPCLK2Freq)
    i.HAL_RCC_GetSysClockFreq                0x08001810   Section        0  stm32f1xx_hal_rcc.o(i.HAL_RCC_GetSysClockFreq)
    i.HAL_RCC_OscConfig                      0x0800185c   Section        0  stm32f1xx_hal_rcc.o(i.HAL_RCC_OscConfig)
    i.HAL_SYSTICK_Config                     0x08001b7c   Section        0  stm32f1xx_hal_cortex.o(i.HAL_SYSTICK_Config)
    i.HAL_UARTEx_RxEventCallback             0x08001ba4   Section        0  stm32f1xx_hal_uart.o(i.HAL_UARTEx_RxEventCallback)
    i.HAL_UART_ErrorCallback                 0x08001ba6   Section        0  stm32f1xx_hal_uart.o(i.HAL_UART_ErrorCallback)
    i.HAL_UART_IRQHandler                    0x08001ba8   Section        0  stm32f1xx_hal_uart.o(i.HAL_UART_IRQHandler)
    i.HAL_UART_Init                          0x08001e14   Section        0  stm32f1xx_hal_uart.o(i.HAL_UART_Init)
    i.HAL_UART_MspInit                       0x08001e78   Section        0  usart.o(i.HAL_UART_MspInit)
    i.HAL_UART_Receive_IT                    0x08001fa8   Section        0  stm32f1xx_hal_uart.o(i.HAL_UART_Receive_IT)
    i.HAL_UART_RxCpltCallback                0x08001fc4   Section        0  stm32f1xx_it.o(i.HAL_UART_RxCpltCallback)
    i.HAL_UART_TxCpltCallback                0x08002008   Section        0  stm32f1xx_hal_uart.o(i.HAL_UART_TxCpltCallback)
    i.HardFault_Handler                      0x0800200a   Section        0  stm32f1xx_it.o(i.HardFault_Handler)
    i.I2C_Start                              0x0800200c   Section        0  oled.o(i.I2C_Start)
    i.I2C_Stop                               0x08002050   Section        0  oled.o(i.I2C_Stop)
    i.I2C_WaitAck                            0x08002084   Section        0  oled.o(i.I2C_WaitAck)
    i.IIC_delay                              0x080020bc   Section        0  oled.o(i.IIC_delay)
    i.MQ5_Read_Value                         0x080020c8   Section        0  adc.o(i.MQ5_Read_Value)
    i.MX_ADC1_Init                           0x080020f4   Section        0  adc.o(i.MX_ADC1_Init)
    i.MX_DMA_Init                            0x08002144   Section        0  dma.o(i.MX_DMA_Init)
    i.MX_GPIO_Init                           0x08002180   Section        0  gpio.o(i.MX_GPIO_Init)
    i.MX_USART1_UART_Init                    0x0800224c   Section        0  usart.o(i.MX_USART1_UART_Init)
    i.MX_USART2_UART_Init                    0x08002284   Section        0  usart.o(i.MX_USART2_UART_Init)
    i.MemManage_Handler                      0x080022bc   Section        0  stm32f1xx_it.o(i.MemManage_Handler)
    i.NMI_Handler                            0x080022be   Section        0  stm32f1xx_it.o(i.NMI_Handler)
    i.OLED_Clear                             0x080022c0   Section        0  oled.o(i.OLED_Clear)
    i.OLED_DrawPoint                         0x080022ec   Section        0  oled.o(i.OLED_DrawPoint)
    i.OLED_Init                              0x08002318   Section        0  oled.o(i.OLED_Init)
    i.OLED_Pow                               0x080023f2   Section        0  oled.o(i.OLED_Pow)
    i.OLED_Refresh                           0x08002404   Section        0  oled.o(i.OLED_Refresh)
    i.OLED_Refresh_Line                      0x0800246c   Section        0  oled.o(i.OLED_Refresh_Line)
    i.OLED_ShowChar                          0x080024cc   Section        0  oled.o(i.OLED_ShowChar)
    i.OLED_ShowGasConcentration              0x080025b0   Section        0  oled.o(i.OLED_ShowGasConcentration)
    i.OLED_ShowMQ5Value                      0x080026d8   Section        0  oled.o(i.OLED_ShowMQ5Value)
    i.OLED_ShowNum                           0x08002740   Section        0  oled.o(i.OLED_ShowNum)
    i.OLED_ShowString                        0x080027ae   Section        0  oled.o(i.OLED_ShowString)
    i.OLED_ShowTempHumidity                  0x080027ec   Section        0  oled.o(i.OLED_ShowTempHumidity)
    i.OLED_WR_Byte                           0x080028bc   Section        0  oled.o(i.OLED_WR_Byte)
    i.PendSV_Handler                         0x080028f2   Section        0  stm32f1xx_it.o(i.PendSV_Handler)
    i.SVC_Handler                            0x080028f4   Section        0  stm32f1xx_it.o(i.SVC_Handler)
    i.Send_Byte                              0x080028f8   Section        0  oled.o(i.Send_Byte)
    i.SysTick_Handler                        0x0800294c   Section        0  stm32f1xx_it.o(i.SysTick_Handler)
    i.SystemClock_Config                     0x08002950   Section        0  main.o(i.SystemClock_Config)
    i.SystemInit                             0x080029c2   Section        0  system_stm32f1xx.o(i.SystemInit)
    i.UART_DMAAbortOnError                   0x080029c4   Section        0  stm32f1xx_hal_uart.o(i.UART_DMAAbortOnError)
    UART_DMAAbortOnError                     0x080029c5   Thumb Code    16  stm32f1xx_hal_uart.o(i.UART_DMAAbortOnError)
    i.UART_EndRxTransfer                     0x080029d4   Section        0  stm32f1xx_hal_uart.o(i.UART_EndRxTransfer)
    UART_EndRxTransfer                       0x080029d5   Thumb Code    78  stm32f1xx_hal_uart.o(i.UART_EndRxTransfer)
    i.UART_Get_CO2                           0x08002a24   Section        0  usart.o(i.UART_Get_CO2)
    i.UART_Parse_Data                        0x08002a40   Section        0  usart.o(i.UART_Parse_Data)
    i.UART_Receive_IT                        0x08002a8c   Section        0  stm32f1xx_hal_uart.o(i.UART_Receive_IT)
    UART_Receive_IT                          0x08002a8d   Thumb Code   194  stm32f1xx_hal_uart.o(i.UART_Receive_IT)
    i.UART_SetConfig                         0x08002b50   Section        0  stm32f1xx_hal_uart.o(i.UART_SetConfig)
    UART_SetConfig                           0x08002b51   Thumb Code   178  stm32f1xx_hal_uart.o(i.UART_SetConfig)
    i.UART_Start_Receive                     0x08002c08   Section        0  usart.o(i.UART_Start_Receive)
    i.UART_Start_Receive_IT                  0x08002c24   Section        0  stm32f1xx_hal_uart.o(i.UART_Start_Receive_IT)
    i.UI_Handle_Key_Events                   0x08002c5c   Section        0  ui.o(i.UI_Handle_Key_Events)
    i.UI_Init                                0x08002d7c   Section        0  ui.o(i.UI_Init)
    i.UI_Update                              0x08002e2c   Section        0  ui.o(i.UI_Update)
    i.UI_Update_Main_Display                 0x08002e54   Section        0  ui.o(i.UI_Update_Main_Display)
    i.USART1_IRQHandler                      0x08002eb8   Section        0  stm32f1xx_it.o(i.USART1_IRQHandler)
    i.USART2_IRQHandler                      0x08002ec4   Section        0  stm32f1xx_it.o(i.USART2_IRQHandler)
    i.Update_Setting_Display                 0x08002ed0   Section        0  ui.o(i.Update_Setting_Display)
    i.UsageFault_Handler                     0x08003164   Section        0  stm32f1xx_it.o(i.UsageFault_Handler)
    i.__NVIC_SetPriority                     0x08003166   Section        0  stm32f1xx_hal_cortex.o(i.__NVIC_SetPriority)
    __NVIC_SetPriority                       0x08003167   Thumb Code    32  stm32f1xx_hal_cortex.o(i.__NVIC_SetPriority)
    i.main                                   0x08003186   Section        0  main.o(i.main)
    x$fpl$fadd                               0x080031b8   Section      196  faddsub_clz.o(x$fpl$fadd)
    _fadd1                                   0x080031c7   Thumb Code     0  faddsub_clz.o(x$fpl$fadd)
    x$fpl$ffixu                              0x0800327c   Section       62  ffixu.o(x$fpl$ffixu)
    x$fpl$ffltu                              0x080032bc   Section       38  fflt_clz.o(x$fpl$ffltu)
    x$fpl$fmul                               0x080032e4   Section      258  fmul.o(x$fpl$fmul)
    x$fpl$fnaninf                            0x080033e6   Section      140  fnaninf.o(x$fpl$fnaninf)
    x$fpl$fretinf                            0x08003472   Section       10  fretinf.o(x$fpl$fretinf)
    x$fpl$frsb                               0x0800347c   Section       20  faddsub_clz.o(x$fpl$frsb)
    x$fpl$fsub                               0x08003490   Section      234  faddsub_clz.o(x$fpl$fsub)
    _fsub1                                   0x0800349f   Thumb Code     0  faddsub_clz.o(x$fpl$fsub)
    .constdata                               0x0800357a   Section       18  stm32f1xx_hal_rcc.o(.constdata)
    x$fpl$usenofp                            0x0800357a   Section        0  usenofp.o(x$fpl$usenofp)
    aPredivFactorTable                       0x0800357a   Data           2  stm32f1xx_hal_rcc.o(.constdata)
    aPLLMULFactorTable                       0x0800357c   Data          16  stm32f1xx_hal_rcc.o(.constdata)
    .constdata                               0x0800358c   Section       18  stm32f1xx_hal_rcc_ex.o(.constdata)
    aPredivFactorTable                       0x0800358c   Data           2  stm32f1xx_hal_rcc_ex.o(.constdata)
    aPLLMULFactorTable                       0x0800358e   Data          16  stm32f1xx_hal_rcc_ex.o(.constdata)
    .constdata                               0x0800359e   Section       16  system_stm32f1xx.o(.constdata)
    .constdata                               0x080035ae   Section        8  system_stm32f1xx.o(.constdata)
    .constdata                               0x080035b6   Section     6632  oled.o(.constdata)
    .data                                    0x20000000   Section       12  stm32f1xx_hal.o(.data)
    .data                                    0x2000000c   Section        4  system_stm32f1xx.o(.data)
    .data                                    0x20000010   Section       34  ui.o(.data)
    last_edit                                0x20000016   Data           1  ui.o(.data)
    last_thresholds                          0x2000002c   Data           6  ui.o(.data)
    .bss                                     0x20000034   Section       48  adc.o(.bss)
    .bss                                     0x20000064   Section      320  usart.o(.bss)
    .bss                                     0x200001a8   Section       32  stm32f1xx_hal_flash.o(.bss)
    .bss                                     0x200001c8   Section     1152  oled.o(.bss)
    .bss                                     0x20000648   Section       96  libspace.o(.bss)
    HEAP                                     0x200006a8   Section      512  startup_stm32f103xb.o(HEAP)
    Heap_Mem                                 0x200006a8   Data         512  startup_stm32f103xb.o(HEAP)
    STACK                                    0x200008a8   Section     1024  startup_stm32f103xb.o(STACK)
    Stack_Mem                                0x200008a8   Data        1024  startup_stm32f103xb.o(STACK)
    __initial_sp                             0x20000ca8   Data           0  startup_stm32f103xb.o(STACK)

    Global Symbols

    Symbol Name                              Value     Ov Type        Size  Object(Section)

    BuildAttributes$$THM_ISAv4$P$D$K$B$S$PE$A:L22UL41UL21$X:L11$S22US41US21$IEEE1$IW$USESV6$~STKCKD$USESV7$~SHL$OSPACE$ROPI$EBA8$UX$STANDARDLIB$REQ8$PRES8$EABIv2 0x00000000   Number         0  anon$$obj.o ABSOLUTE
    __ARM_use_no_argv                        0x00000000   Number         0  main.o ABSOLUTE
    __ARM_exceptions_init                     - Undefined Weak Reference
    __alloca_initialize                       - Undefined Weak Reference
    __arm_preinit_                            - Undefined Weak Reference
    __cpp_initialize__aeabi_                  - Undefined Weak Reference
    __cxa_finalize                            - Undefined Weak Reference
    __rt_locale                               - Undefined Weak Reference
    __sigvec_lookup                           - Undefined Weak Reference
    _atexit_init                              - Undefined Weak Reference
    _call_atexit_fns                          - Undefined Weak Reference
    _clock_init                               - Undefined Weak Reference
    _fp_trap_init                             - Undefined Weak Reference
    _fp_trap_shutdown                         - Undefined Weak Reference
    _get_lc_collate                           - Undefined Weak Reference
    _get_lc_ctype                             - Undefined Weak Reference
    _get_lc_monetary                          - Undefined Weak Reference
    _get_lc_numeric                           - Undefined Weak Reference
    _get_lc_time                              - Undefined Weak Reference
    _getenv_init                              - Undefined Weak Reference
    _handle_redirection                       - Undefined Weak Reference
    _init_alloc                               - Undefined Weak Reference
    _init_user_alloc                          - Undefined Weak Reference
    _initio                                   - Undefined Weak Reference
    _printf_post_padding                      - Undefined Weak Reference
    _printf_pre_padding                       - Undefined Weak Reference
    _printf_truncate_signed                   - Undefined Weak Reference
    _printf_truncate_unsigned                 - Undefined Weak Reference
    _rand_init                                - Undefined Weak Reference
    _signal_finish                            - Undefined Weak Reference
    _signal_init                              - Undefined Weak Reference
    _terminate_alloc                          - Undefined Weak Reference
    _terminate_user_alloc                     - Undefined Weak Reference
    _terminateio                              - Undefined Weak Reference
    __Vectors_Size                           0x000000ec   Number         0  startup_stm32f103xb.o ABSOLUTE
    __Vectors                                0x08000000   Data           4  startup_stm32f103xb.o(RESET)
    __Vectors_End                            0x080000ec   Data           0  startup_stm32f103xb.o(RESET)
    __main                                   0x080000ed   Thumb Code     8  __main.o(!!!main)
    __scatterload                            0x080000f5   Thumb Code     0  __scatter.o(!!!scatter)
    __scatterload_rt2                        0x080000f5   Thumb Code    44  __scatter.o(!!!scatter)
    __scatterload_rt2_thumb_only             0x080000f5   Thumb Code     0  __scatter.o(!!!scatter)
    __scatterload_null                       0x08000103   Thumb Code     0  __scatter.o(!!!scatter)
    __scatterload_copy                       0x08000129   Thumb Code    26  __scatter_copy.o(!!handler_copy)
    __scatterload_zeroinit                   0x08000145   Thumb Code    28  __scatter_zi.o(!!handler_zi)
    _printf_d                                0x08000161   Thumb Code     0  _printf_d.o(.ARM.Collect$$_printf_percent$$00000009)
    _printf_percent                          0x08000161   Thumb Code     0  _printf_percent.o(.ARM.Collect$$_printf_percent$$00000000)
    _printf_percent_end                      0x08000167   Thumb Code     0  _printf_percent_end.o(.ARM.Collect$$_printf_percent$$00000017)
    __rt_lib_init                            0x0800016b   Thumb Code     0  libinit.o(.ARM.Collect$$libinit$$00000000)
    __rt_lib_init_alloca_1                   0x0800016d   Thumb Code     0  libinit2.o(.ARM.Collect$$libinit$$0000002E)
    __rt_lib_init_argv_1                     0x0800016d   Thumb Code     0  libinit2.o(.ARM.Collect$$libinit$$0000002C)
    __rt_lib_init_atexit_1                   0x0800016d   Thumb Code     0  libinit2.o(.ARM.Collect$$libinit$$0000001B)
    __rt_lib_init_clock_1                    0x0800016d   Thumb Code     0  libinit2.o(.ARM.Collect$$libinit$$00000021)
    __rt_lib_init_cpp_1                      0x0800016d   Thumb Code     0  libinit2.o(.ARM.Collect$$libinit$$00000032)
    __rt_lib_init_exceptions_1               0x0800016d   Thumb Code     0  libinit2.o(.ARM.Collect$$libinit$$00000030)
    __rt_lib_init_fp_1                       0x0800016d   Thumb Code     0  libinit2.o(.ARM.Collect$$libinit$$00000002)
    __rt_lib_init_fp_trap_1                  0x0800016d   Thumb Code     0  libinit2.o(.ARM.Collect$$libinit$$0000001F)
    __rt_lib_init_getenv_1                   0x0800016d   Thumb Code     0  libinit2.o(.ARM.Collect$$libinit$$00000023)
    __rt_lib_init_heap_1                     0x0800016d   Thumb Code     0  libinit2.o(.ARM.Collect$$libinit$$0000000A)
    __rt_lib_init_lc_collate_1               0x0800016d   Thumb Code     0  libinit2.o(.ARM.Collect$$libinit$$00000011)
    __rt_lib_init_lc_ctype_1                 0x0800016d   Thumb Code     0  libinit2.o(.ARM.Collect$$libinit$$00000013)
    __rt_lib_init_lc_monetary_1              0x0800016d   Thumb Code     0  libinit2.o(.ARM.Collect$$libinit$$00000015)
    __rt_lib_init_lc_numeric_1               0x0800016d   Thumb Code     0  libinit2.o(.ARM.Collect$$libinit$$00000017)
    __rt_lib_init_lc_time_1                  0x0800016d   Thumb Code     0  libinit2.o(.ARM.Collect$$libinit$$00000019)
    __rt_lib_init_preinit_1                  0x0800016d   Thumb Code     0  libinit2.o(.ARM.Collect$$libinit$$00000004)
    __rt_lib_init_rand_1                     0x0800016d   Thumb Code     0  libinit2.o(.ARM.Collect$$libinit$$0000000E)
    __rt_lib_init_return                     0x0800016d   Thumb Code     0  libinit2.o(.ARM.Collect$$libinit$$00000033)
    __rt_lib_init_signal_1                   0x0800016d   Thumb Code     0  libinit2.o(.ARM.Collect$$libinit$$0000001D)
    __rt_lib_init_stdio_1                    0x0800016d   Thumb Code     0  libinit2.o(.ARM.Collect$$libinit$$00000025)
    __rt_lib_init_user_alloc_1               0x0800016d   Thumb Code     0  libinit2.o(.ARM.Collect$$libinit$$0000000C)
    __rt_lib_shutdown                        0x0800016f   Thumb Code     0  libshutdown.o(.ARM.Collect$$libshutdown$$00000000)
    __rt_lib_shutdown_cpp_1                  0x08000171   Thumb Code     0  libshutdown2.o(.ARM.Collect$$libshutdown$$00000002)
    __rt_lib_shutdown_fp_trap_1              0x08000171   Thumb Code     0  libshutdown2.o(.ARM.Collect$$libshutdown$$00000007)
    __rt_lib_shutdown_heap_1                 0x08000171   Thumb Code     0  libshutdown2.o(.ARM.Collect$$libshutdown$$0000000F)
    __rt_lib_shutdown_return                 0x08000171   Thumb Code     0  libshutdown2.o(.ARM.Collect$$libshutdown$$00000010)
    __rt_lib_shutdown_signal_1               0x08000171   Thumb Code     0  libshutdown2.o(.ARM.Collect$$libshutdown$$0000000A)
    __rt_lib_shutdown_stdio_1                0x08000171   Thumb Code     0  libshutdown2.o(.ARM.Collect$$libshutdown$$00000004)
    __rt_lib_shutdown_user_alloc_1           0x08000171   Thumb Code     0  libshutdown2.o(.ARM.Collect$$libshutdown$$0000000C)
    __rt_entry                               0x08000173   Thumb Code     0  __rtentry.o(.ARM.Collect$$rtentry$$00000000)
    __rt_entry_presh_1                       0x08000173   Thumb Code     0  __rtentry2.o(.ARM.Collect$$rtentry$$00000002)
    __rt_entry_sh                            0x08000173   Thumb Code     0  __rtentry4.o(.ARM.Collect$$rtentry$$00000004)
    __rt_entry_li                            0x08000179   Thumb Code     0  __rtentry2.o(.ARM.Collect$$rtentry$$0000000A)
    __rt_entry_postsh_1                      0x08000179   Thumb Code     0  __rtentry2.o(.ARM.Collect$$rtentry$$00000009)
    __rt_entry_main                          0x0800017d   Thumb Code     0  __rtentry2.o(.ARM.Collect$$rtentry$$0000000D)
    __rt_entry_postli_1                      0x0800017d   Thumb Code     0  __rtentry2.o(.ARM.Collect$$rtentry$$0000000C)
    __rt_exit                                0x08000185   Thumb Code     0  rtexit.o(.ARM.Collect$$rtexit$$00000000)
    __rt_exit_ls                             0x08000187   Thumb Code     0  rtexit2.o(.ARM.Collect$$rtexit$$00000003)
    __rt_exit_prels_1                        0x08000187   Thumb Code     0  rtexit2.o(.ARM.Collect$$rtexit$$00000002)
    __rt_exit_exit                           0x0800018b   Thumb Code     0  rtexit2.o(.ARM.Collect$$rtexit$$00000004)
    Reset_Handler                            0x08000191   Thumb Code     8  startup_stm32f103xb.o(.text)
    ADC1_2_IRQHandler                        0x080001ab   Thumb Code     0  startup_stm32f103xb.o(.text)
    CAN1_RX1_IRQHandler                      0x080001ab   Thumb Code     0  startup_stm32f103xb.o(.text)
    CAN1_SCE_IRQHandler                      0x080001ab   Thumb Code     0  startup_stm32f103xb.o(.text)
    DMA1_Channel1_IRQHandler                 0x080001ab   Thumb Code     0  startup_stm32f103xb.o(.text)
    DMA1_Channel2_IRQHandler                 0x080001ab   Thumb Code     0  startup_stm32f103xb.o(.text)
    DMA1_Channel3_IRQHandler                 0x080001ab   Thumb Code     0  startup_stm32f103xb.o(.text)
    DMA1_Channel4_IRQHandler                 0x080001ab   Thumb Code     0  startup_stm32f103xb.o(.text)
    DMA1_Channel5_IRQHandler                 0x080001ab   Thumb Code     0  startup_stm32f103xb.o(.text)
    EXTI0_IRQHandler                         0x080001ab   Thumb Code     0  startup_stm32f103xb.o(.text)
    EXTI1_IRQHandler                         0x080001ab   Thumb Code     0  startup_stm32f103xb.o(.text)
    EXTI2_IRQHandler                         0x080001ab   Thumb Code     0  startup_stm32f103xb.o(.text)
    EXTI3_IRQHandler                         0x080001ab   Thumb Code     0  startup_stm32f103xb.o(.text)
    EXTI4_IRQHandler                         0x080001ab   Thumb Code     0  startup_stm32f103xb.o(.text)
    EXTI9_5_IRQHandler                       0x080001ab   Thumb Code     0  startup_stm32f103xb.o(.text)
    FLASH_IRQHandler                         0x080001ab   Thumb Code     0  startup_stm32f103xb.o(.text)
    I2C1_ER_IRQHandler                       0x080001ab   Thumb Code     0  startup_stm32f103xb.o(.text)
    I2C1_EV_IRQHandler                       0x080001ab   Thumb Code     0  startup_stm32f103xb.o(.text)
    I2C2_ER_IRQHandler                       0x080001ab   Thumb Code     0  startup_stm32f103xb.o(.text)
    I2C2_EV_IRQHandler                       0x080001ab   Thumb Code     0  startup_stm32f103xb.o(.text)
    PVD_IRQHandler                           0x080001ab   Thumb Code     0  startup_stm32f103xb.o(.text)
    RCC_IRQHandler                           0x080001ab   Thumb Code     0  startup_stm32f103xb.o(.text)
    RTC_Alarm_IRQHandler                     0x080001ab   Thumb Code     0  startup_stm32f103xb.o(.text)
    RTC_IRQHandler                           0x080001ab   Thumb Code     0  startup_stm32f103xb.o(.text)
    SPI1_IRQHandler                          0x080001ab   Thumb Code     0  startup_stm32f103xb.o(.text)
    SPI2_IRQHandler                          0x080001ab   Thumb Code     0  startup_stm32f103xb.o(.text)
    TAMPER_IRQHandler                        0x080001ab   Thumb Code     0  startup_stm32f103xb.o(.text)
    TIM1_BRK_IRQHandler                      0x080001ab   Thumb Code     0  startup_stm32f103xb.o(.text)
    TIM1_CC_IRQHandler                       0x080001ab   Thumb Code     0  startup_stm32f103xb.o(.text)
    TIM1_TRG_COM_IRQHandler                  0x080001ab   Thumb Code     0  startup_stm32f103xb.o(.text)
    TIM1_UP_IRQHandler                       0x080001ab   Thumb Code     0  startup_stm32f103xb.o(.text)
    TIM2_IRQHandler                          0x080001ab   Thumb Code     0  startup_stm32f103xb.o(.text)
    TIM3_IRQHandler                          0x080001ab   Thumb Code     0  startup_stm32f103xb.o(.text)
    TIM4_IRQHandler                          0x080001ab   Thumb Code     0  startup_stm32f103xb.o(.text)
    USART3_IRQHandler                        0x080001ab   Thumb Code     0  startup_stm32f103xb.o(.text)
    USBWakeUp_IRQHandler                     0x080001ab   Thumb Code     0  startup_stm32f103xb.o(.text)
    USB_HP_CAN1_TX_IRQHandler                0x080001ab   Thumb Code     0  startup_stm32f103xb.o(.text)
    USB_LP_CAN1_RX0_IRQHandler               0x080001ab   Thumb Code     0  startup_stm32f103xb.o(.text)
    WWDG_IRQHandler                          0x080001ab   Thumb Code     0  startup_stm32f103xb.o(.text)
    __user_initial_stackheap                 0x080001ad   Thumb Code     0  startup_stm32f103xb.o(.text)
    __aeabi_llsr                             0x080001d1   Thumb Code     0  llushr.o(.text)
    _ll_ushift_r                             0x080001d1   Thumb Code    38  llushr.o(.text)
    __2sprintf                               0x080001f9   Thumb Code    34  noretval__2sprintf.o(.text)
    __printf                                 0x08000221   Thumb Code   104  __printf.o(.text)
    _printf_int_dec                          0x08000289   Thumb Code   104  _printf_dec.o(.text)
    __aeabi_memclr4                          0x08000301   Thumb Code     0  rt_memclr_w.o(.text)
    __aeabi_memclr8                          0x08000301   Thumb Code     0  rt_memclr_w.o(.text)
    __rt_memclr_w                            0x08000301   Thumb Code    78  rt_memclr_w.o(.text)
    _memset_w                                0x08000305   Thumb Code     0  rt_memclr_w.o(.text)
    __use_two_region_memory                  0x0800034f   Thumb Code     2  heapauxi.o(.text)
    __rt_heap_escrow$2region                 0x08000351   Thumb Code     2  heapauxi.o(.text)
    __rt_heap_expand$2region                 0x08000353   Thumb Code     2  heapauxi.o(.text)
    _printf_int_common                       0x08000355   Thumb Code   178  _printf_intcommon.o(.text)
    _printf_char_common                      0x08000413   Thumb Code    32  _printf_char_common.o(.text)
    _sputc                                   0x08000439   Thumb Code    10  _sputc.o(.text)
    __user_setup_stackheap                   0x08000443   Thumb Code    74  sys_stackheap_outer.o(.text)
    exit                                     0x0800048d   Thumb Code    18  exit.o(.text)
    __user_libspace                          0x080004a1   Thumb Code     8  libspace.o(.text)
    __user_perproc_libspace                  0x080004a1   Thumb Code     0  libspace.o(.text)
    __user_perthread_libspace                0x080004a1   Thumb Code     0  libspace.o(.text)
    _sys_exit                                0x080004a9   Thumb Code     8  sys_exit.o(.text)
    __I$use$semihosting                      0x080004b5   Thumb Code     0  use_no_semi.o(.text)
    __use_no_semihosting_swi                 0x080004b5   Thumb Code     2  use_no_semi.o(.text)
    __semihosting_library_function           0x080004b7   Thumb Code     0  indicate_semi.o(.text)
    ADC_ConversionStop_Disable               0x080004b9   Thumb Code    86  stm32f1xx_hal_adc.o(i.ADC_ConversionStop_Disable)
    ADC_Enable                               0x08000511   Thumb Code   114  stm32f1xx_hal_adc.o(i.ADC_Enable)
    BusFault_Handler                         0x0800058d   Thumb Code     2  stm32f1xx_it.o(i.BusFault_Handler)
    DHT11_GPIO_Input                         0x08000591   Thumb Code    26  dht11.o(i.DHT11_GPIO_Input)
    DHT11_GPIO_Output                        0x080005b1   Thumb Code    28  dht11.o(i.DHT11_GPIO_Output)
    DHT11_Read_Data                          0x080005d1   Thumb Code   312  dht11.o(i.DHT11_Read_Data)
    DMA1_Channel6_IRQHandler                 0x08000715   Thumb Code     6  stm32f1xx_it.o(i.DMA1_Channel6_IRQHandler)
    DMA1_Channel7_IRQHandler                 0x08000721   Thumb Code     6  stm32f1xx_it.o(i.DMA1_Channel7_IRQHandler)
    DebugMon_Handler                         0x0800072d   Thumb Code     2  stm32f1xx_it.o(i.DebugMon_Handler)
    EXTI15_10_IRQHandler                     0x0800072f   Thumb Code    30  stm32f1xx_it.o(i.EXTI15_10_IRQHandler)
    Error_Handler                            0x0800074d   Thumb Code     4  main.o(i.Error_Handler)
    FLASH_PageErase                          0x08000775   Thumb Code    28  stm32f1xx_hal_flash_ex.o(i.FLASH_PageErase)
    FLASH_Read_Thresholds                    0x080007b5   Thumb Code    68  flash.o(i.FLASH_Read_Thresholds)
    FLASH_WaitForLastOperation               0x08000859   Thumb Code    80  stm32f1xx_hal_flash.o(i.FLASH_WaitForLastOperation)
    FLASH_Write_Thresholds                   0x080008ad   Thumb Code    52  flash.o(i.FLASH_Write_Thresholds)
    HAL_ADC_ConfigChannel                    0x080008e5   Thumb Code   240  stm32f1xx_hal_adc.o(i.HAL_ADC_ConfigChannel)
    HAL_ADC_GetValue                         0x080009e1   Thumb Code     6  stm32f1xx_hal_adc.o(i.HAL_ADC_GetValue)
    HAL_ADC_Init                             0x080009e9   Thumb Code   272  stm32f1xx_hal_adc.o(i.HAL_ADC_Init)
    HAL_ADC_MspInit                          0x08000b05   Thumb Code    76  adc.o(i.HAL_ADC_MspInit)
    HAL_ADC_PollForConversion                0x08000b5d   Thumb Code   304  stm32f1xx_hal_adc.o(i.HAL_ADC_PollForConversion)
    HAL_ADC_Start                            0x08000c99   Thumb Code   184  stm32f1xx_hal_adc.o(i.HAL_ADC_Start)
    HAL_ADC_Stop                             0x08000d59   Thumb Code    52  stm32f1xx_hal_adc.o(i.HAL_ADC_Stop)
    HAL_DMA_Abort                            0x08000d8d   Thumb Code    70  stm32f1xx_hal_dma.o(i.HAL_DMA_Abort)
    HAL_DMA_Abort_IT                         0x08000dd5   Thumb Code   148  stm32f1xx_hal_dma.o(i.HAL_DMA_Abort_IT)
    HAL_DMA_IRQHandler                       0x08000e6d   Thumb Code   316  stm32f1xx_hal_dma.o(i.HAL_DMA_IRQHandler)
    HAL_DMA_Init                             0x08000fc1   Thumb Code    84  stm32f1xx_hal_dma.o(i.HAL_DMA_Init)
    HAL_Delay                                0x0800101d   Thumb Code    32  stm32f1xx_hal.o(i.HAL_Delay)
    HAL_FLASHEx_Erase                        0x08001041   Thumb Code   160  stm32f1xx_hal_flash_ex.o(i.HAL_FLASHEx_Erase)
    HAL_FLASH_Lock                           0x080010e9   Thumb Code    14  stm32f1xx_hal_flash.o(i.HAL_FLASH_Lock)
    HAL_FLASH_Program                        0x080010fd   Thumb Code   120  stm32f1xx_hal_flash.o(i.HAL_FLASH_Program)
    HAL_FLASH_Unlock                         0x0800117d   Thumb Code    28  stm32f1xx_hal_flash.o(i.HAL_FLASH_Unlock)
    HAL_GPIO_EXTI_Callback                   0x080011a5   Thumb Code    34  ui.o(i.HAL_GPIO_EXTI_Callback)
    HAL_GPIO_EXTI_IRQHandler                 0x080011cd   Thumb Code    18  stm32f1xx_hal_gpio.o(i.HAL_GPIO_EXTI_IRQHandler)
    HAL_GPIO_Init                            0x080011e5   Thumb Code   446  stm32f1xx_hal_gpio.o(i.HAL_GPIO_Init)
    HAL_GPIO_ReadPin                         0x080013c5   Thumb Code    10  stm32f1xx_hal_gpio.o(i.HAL_GPIO_ReadPin)
    HAL_GPIO_WritePin                        0x080013cf   Thumb Code    10  stm32f1xx_hal_gpio.o(i.HAL_GPIO_WritePin)
    HAL_GetTick                              0x080013d9   Thumb Code     6  stm32f1xx_hal.o(i.HAL_GetTick)
    HAL_IncTick                              0x080013e5   Thumb Code    12  stm32f1xx_hal.o(i.HAL_IncTick)
    HAL_Init                                 0x080013f5   Thumb Code    32  stm32f1xx_hal.o(i.HAL_Init)
    HAL_InitTick                             0x08001419   Thumb Code    54  stm32f1xx_hal.o(i.HAL_InitTick)
    HAL_MspInit                              0x08001459   Thumb Code    52  stm32f1xx_hal_msp.o(i.HAL_MspInit)
    HAL_NVIC_EnableIRQ                       0x08001495   Thumb Code    26  stm32f1xx_hal_cortex.o(i.HAL_NVIC_EnableIRQ)
    HAL_NVIC_SetPriority                     0x080014b1   Thumb Code    60  stm32f1xx_hal_cortex.o(i.HAL_NVIC_SetPriority)
    HAL_NVIC_SetPriorityGrouping             0x080014f1   Thumb Code    26  stm32f1xx_hal_cortex.o(i.HAL_NVIC_SetPriorityGrouping)
    HAL_RCCEx_GetPeriphCLKFreq               0x08001515   Thumb Code   148  stm32f1xx_hal_rcc_ex.o(i.HAL_RCCEx_GetPeriphCLKFreq)
    HAL_RCCEx_PeriphCLKConfig                0x080015b9   Thumb Code   224  stm32f1xx_hal_rcc_ex.o(i.HAL_RCCEx_PeriphCLKConfig)
    HAL_RCC_ClockConfig                      0x080016a5   Thumb Code   280  stm32f1xx_hal_rcc.o(i.HAL_RCC_ClockConfig)
    HAL_RCC_GetPCLK1Freq                     0x080017d1   Thumb Code    20  stm32f1xx_hal_rcc.o(i.HAL_RCC_GetPCLK1Freq)
    HAL_RCC_GetPCLK2Freq                     0x080017f1   Thumb Code    20  stm32f1xx_hal_rcc.o(i.HAL_RCC_GetPCLK2Freq)
    HAL_RCC_GetSysClockFreq                  0x08001811   Thumb Code    58  stm32f1xx_hal_rcc.o(i.HAL_RCC_GetSysClockFreq)
    HAL_RCC_OscConfig                        0x0800185d   Thumb Code   778  stm32f1xx_hal_rcc.o(i.HAL_RCC_OscConfig)
    HAL_SYSTICK_Config                       0x08001b7d   Thumb Code    40  stm32f1xx_hal_cortex.o(i.HAL_SYSTICK_Config)
    HAL_UARTEx_RxEventCallback               0x08001ba5   Thumb Code     2  stm32f1xx_hal_uart.o(i.HAL_UARTEx_RxEventCallback)
    HAL_UART_ErrorCallback                   0x08001ba7   Thumb Code     2  stm32f1xx_hal_uart.o(i.HAL_UART_ErrorCallback)
    HAL_UART_IRQHandler                      0x08001ba9   Thumb Code   616  stm32f1xx_hal_uart.o(i.HAL_UART_IRQHandler)
    HAL_UART_Init                            0x08001e15   Thumb Code   100  stm32f1xx_hal_uart.o(i.HAL_UART_Init)
    HAL_UART_MspInit                         0x08001e79   Thumb Code   280  usart.o(i.HAL_UART_MspInit)
    HAL_UART_Receive_IT                      0x08001fa9   Thumb Code    28  stm32f1xx_hal_uart.o(i.HAL_UART_Receive_IT)
    HAL_UART_RxCpltCallback                  0x08001fc5   Thumb Code    56  stm32f1xx_it.o(i.HAL_UART_RxCpltCallback)
    HAL_UART_TxCpltCallback                  0x08002009   Thumb Code     2  stm32f1xx_hal_uart.o(i.HAL_UART_TxCpltCallback)
    HardFault_Handler                        0x0800200b   Thumb Code     2  stm32f1xx_it.o(i.HardFault_Handler)
    I2C_Start                                0x0800200d   Thumb Code    64  oled.o(i.I2C_Start)
    I2C_Stop                                 0x08002051   Thumb Code    46  oled.o(i.I2C_Stop)
    I2C_WaitAck                              0x08002085   Thumb Code    52  oled.o(i.I2C_WaitAck)
    IIC_delay                                0x080020bd   Thumb Code    10  oled.o(i.IIC_delay)
    MQ5_Read_Value                           0x080020c9   Thumb Code    40  adc.o(i.MQ5_Read_Value)
    MX_ADC1_Init                             0x080020f5   Thumb Code    70  adc.o(i.MX_ADC1_Init)
    MX_DMA_Init                              0x08002145   Thumb Code    56  dma.o(i.MX_DMA_Init)
    MX_GPIO_Init                             0x08002181   Thumb Code   186  gpio.o(i.MX_GPIO_Init)
    MX_USART1_UART_Init                      0x0800224d   Thumb Code    48  usart.o(i.MX_USART1_UART_Init)
    MX_USART2_UART_Init                      0x08002285   Thumb Code    48  usart.o(i.MX_USART2_UART_Init)
    MemManage_Handler                        0x080022bd   Thumb Code     2  stm32f1xx_it.o(i.MemManage_Handler)
    NMI_Handler                              0x080022bf   Thumb Code     2  stm32f1xx_it.o(i.NMI_Handler)
    OLED_Clear                               0x080022c1   Thumb Code    40  oled.o(i.OLED_Clear)
    OLED_DrawPoint                           0x080022ed   Thumb Code    40  oled.o(i.OLED_DrawPoint)
    OLED_Init                                0x08002319   Thumb Code   218  oled.o(i.OLED_Init)
    OLED_Pow                                 0x080023f3   Thumb Code    16  oled.o(i.OLED_Pow)
    OLED_Refresh                             0x08002405   Thumb Code   100  oled.o(i.OLED_Refresh)
    OLED_Refresh_Line                        0x0800246d   Thumb Code    90  oled.o(i.OLED_Refresh_Line)
    OLED_ShowChar                            0x080024cd   Thumb Code   212  oled.o(i.OLED_ShowChar)
    OLED_ShowGasConcentration                0x080025b1   Thumb Code   270  oled.o(i.OLED_ShowGasConcentration)
    OLED_ShowMQ5Value                        0x080026d9   Thumb Code    84  oled.o(i.OLED_ShowMQ5Value)
    OLED_ShowNum                             0x08002741   Thumb Code   110  oled.o(i.OLED_ShowNum)
    OLED_ShowString                          0x080027af   Thumb Code    60  oled.o(i.OLED_ShowString)
    OLED_ShowTempHumidity                    0x080027ed   Thumb Code   198  oled.o(i.OLED_ShowTempHumidity)
    OLED_WR_Byte                             0x080028bd   Thumb Code    54  oled.o(i.OLED_WR_Byte)
    PendSV_Handler                           0x080028f3   Thumb Code     2  stm32f1xx_it.o(i.PendSV_Handler)
    SVC_Handler                              0x080028f5   Thumb Code     2  stm32f1xx_it.o(i.SVC_Handler)
    Send_Byte                                0x080028f9   Thumb Code    78  oled.o(i.Send_Byte)
    SysTick_Handler                          0x0800294d   Thumb Code     4  stm32f1xx_it.o(i.SysTick_Handler)
    SystemClock_Config                       0x08002951   Thumb Code   114  main.o(i.SystemClock_Config)
    SystemInit                               0x080029c3   Thumb Code     2  system_stm32f1xx.o(i.SystemInit)
    UART_Get_CO2                             0x08002a25   Thumb Code    20  usart.o(i.UART_Get_CO2)
    UART_Parse_Data                          0x08002a41   Thumb Code    70  usart.o(i.UART_Parse_Data)
    UART_Start_Receive                       0x08002c09   Thumb Code    22  usart.o(i.UART_Start_Receive)
    UART_Start_Receive_IT                    0x08002c25   Thumb Code    54  stm32f1xx_hal_uart.o(i.UART_Start_Receive_IT)
    UI_Handle_Key_Events                     0x08002c5d   Thumb Code   284  ui.o(i.UI_Handle_Key_Events)
    UI_Init                                  0x08002d7d   Thumb Code   118  ui.o(i.UI_Init)
    UI_Update                                0x08002e2d   Thumb Code    36  ui.o(i.UI_Update)
    UI_Update_Main_Display                   0x08002e55   Thumb Code    90  ui.o(i.UI_Update_Main_Display)
    USART1_IRQHandler                        0x08002eb9   Thumb Code     6  stm32f1xx_it.o(i.USART1_IRQHandler)
    USART2_IRQHandler                        0x08002ec5   Thumb Code     6  stm32f1xx_it.o(i.USART2_IRQHandler)
    Update_Setting_Display                   0x08002ed1   Thumb Code   472  ui.o(i.Update_Setting_Display)
    UsageFault_Handler                       0x08003165   Thumb Code     2  stm32f1xx_it.o(i.UsageFault_Handler)
    main                                     0x08003187   Thumb Code    48  main.o(i.main)
    __aeabi_fadd                             0x080031b9   Thumb Code     0  faddsub_clz.o(x$fpl$fadd)
    _fadd                                    0x080031b9   Thumb Code   196  faddsub_clz.o(x$fpl$fadd)
    __aeabi_f2uiz                            0x0800327d   Thumb Code     0  ffixu.o(x$fpl$ffixu)
    _ffixu                                   0x0800327d   Thumb Code    62  ffixu.o(x$fpl$ffixu)
    __aeabi_ui2f                             0x080032bd   Thumb Code     0  fflt_clz.o(x$fpl$ffltu)
    _ffltu                                   0x080032bd   Thumb Code    38  fflt_clz.o(x$fpl$ffltu)
    __aeabi_fmul                             0x080032e5   Thumb Code     0  fmul.o(x$fpl$fmul)
    _fmul                                    0x080032e5   Thumb Code   258  fmul.o(x$fpl$fmul)
    __fpl_fnaninf                            0x080033e7   Thumb Code   140  fnaninf.o(x$fpl$fnaninf)
    __fpl_fretinf                            0x08003473   Thumb Code    10  fretinf.o(x$fpl$fretinf)
    __aeabi_frsub                            0x0800347d   Thumb Code     0  faddsub_clz.o(x$fpl$frsb)
    _frsb                                    0x0800347d   Thumb Code    20  faddsub_clz.o(x$fpl$frsb)
    __aeabi_fsub                             0x08003491   Thumb Code     0  faddsub_clz.o(x$fpl$fsub)
    _fsub                                    0x08003491   Thumb Code   234  faddsub_clz.o(x$fpl$fsub)
    __I$use$fp                               0x0800357a   Number         0  usenofp.o(x$fpl$usenofp)
    AHBPrescTable                            0x0800359e   Data          16  system_stm32f1xx.o(.constdata)
    APBPrescTable                            0x080035ae   Data           8  system_stm32f1xx.o(.constdata)
    asc2_0806                                0x080035b6   Data         552  oled.o(.constdata)
    asc2_1206                                0x080037de   Data        1140  oled.o(.constdata)
    asc2_1608                                0x08003c52   Data        1520  oled.o(.constdata)
    asc2_2412                                0x08004242   Data        3420  oled.o(.constdata)
    Region$$Table$$Base                      0x08004fa0   Number         0  anon$$obj.o(Region$$Table)
    Region$$Table$$Limit                     0x08004fc0   Number         0  anon$$obj.o(Region$$Table)
    uwTickFreq                               0x20000000   Data           1  stm32f1xx_hal.o(.data)
    uwTickPrio                               0x20000004   Data           4  stm32f1xx_hal.o(.data)
    uwTick                                   0x20000008   Data           4  stm32f1xx_hal.o(.data)
    SystemCoreClock                          0x2000000c   Data           4  system_stm32f1xx.o(.data)
    setting_state                            0x20000010   Data           1  ui.o(.data)
    current_edit                             0x20000011   Data           1  ui.o(.data)
    key1_pressed                             0x20000012   Data           1  ui.o(.data)
    key2_pressed                             0x20000013   Data           1  ui.o(.data)
    key3_pressed                             0x20000014   Data           1  ui.o(.data)
    update_display                           0x20000015   Data           1  ui.o(.data)
    result                                   0x20000017   Data           1  ui.o(.data)
    dht11_timer                              0x20000018   Data           4  ui.o(.data)
    uart_error_count                         0x2000001c   Data           4  ui.o(.data)
    dht11_data                               0x20000020   Data           5  ui.o(.data)
    thresholds                               0x20000026   Data           6  ui.o(.data)
    hadc1                                    0x20000034   Data          48  adc.o(.bss)
    uart_data                                0x20000064   Data          40  usart.o(.bss)
    huart1                                   0x2000008c   Data          72  usart.o(.bss)
    huart2                                   0x200000d4   Data          72  usart.o(.bss)
    hdma_usart2_rx                           0x2000011c   Data          68  usart.o(.bss)
    hdma_usart2_tx                           0x20000160   Data          68  usart.o(.bss)
    pFlash                                   0x200001a8   Data          32  stm32f1xx_hal_flash.o(.bss)
    OLED_GRAM                                0x200001c8   Data        1152  oled.o(.bss)
    __libspace_start                         0x20000648   Data          96  libspace.o(.bss)
    __temporary_stack_top$libspace           0x200006a8   Data           0  libspace.o(.bss)



==============================================================================

Memory Map of the image

  Image Entry point : 0x080000ed

  Load Region LR_IROM1 (Base: 0x08000000, Size: 0x00004ff4, Max: 0x00010000, ABSOLUTE)

    Execution Region ER_IROM1 (Exec base: 0x08000000, Load base: 0x08000000, Size: 0x00004fc0, Max: 0x00010000, ABSOLUTE)

    Exec Addr    Load Addr    Size         Type   Attr      Idx    E Section Name        Object

    0x08000000   0x08000000   0x000000ec   Data   RO            3    RESET               startup_stm32f103xb.o
    0x080000ec   0x080000ec   0x00000008   Code   RO         2524  * !!!main             c_w.l(__main.o)
    0x080000f4   0x080000f4   0x00000034   Code   RO         2713    !!!scatter          c_w.l(__scatter.o)
    0x08000128   0x08000128   0x0000001a   Code   RO         2715    !!handler_copy      c_w.l(__scatter_copy.o)
    0x08000142   0x08000142   0x00000002   PAD
    0x08000144   0x08000144   0x0000001c   Code   RO         2717    !!handler_zi        c_w.l(__scatter_zi.o)
    0x08000160   0x08000160   0x00000000   Code   RO         2519    .ARM.Collect$$_printf_percent$$00000000  c_w.l(_printf_percent.o)
    0x08000160   0x08000160   0x00000006   Code   RO         2518    .ARM.Collect$$_printf_percent$$00000009  c_w.l(_printf_d.o)
    0x08000166   0x08000166   0x00000004   Code   RO         2551    .ARM.Collect$$_printf_percent$$00000017  c_w.l(_printf_percent_end.o)
    0x0800016a   0x0800016a   0x00000002   Code   RO         2583    .ARM.Collect$$libinit$$00000000  c_w.l(libinit.o)
    0x0800016c   0x0800016c   0x00000000   Code   RO         2590    .ARM.Collect$$libinit$$00000002  c_w.l(libinit2.o)
    0x0800016c   0x0800016c   0x00000000   Code   RO         2592    .ARM.Collect$$libinit$$00000004  c_w.l(libinit2.o)
    0x0800016c   0x0800016c   0x00000000   Code   RO         2595    .ARM.Collect$$libinit$$0000000A  c_w.l(libinit2.o)
    0x0800016c   0x0800016c   0x00000000   Code   RO         2597    .ARM.Collect$$libinit$$0000000C  c_w.l(libinit2.o)
    0x0800016c   0x0800016c   0x00000000   Code   RO         2599    .ARM.Collect$$libinit$$0000000E  c_w.l(libinit2.o)
    0x0800016c   0x0800016c   0x00000000   Code   RO         2602    .ARM.Collect$$libinit$$00000011  c_w.l(libinit2.o)
    0x0800016c   0x0800016c   0x00000000   Code   RO         2604    .ARM.Collect$$libinit$$00000013  c_w.l(libinit2.o)
    0x0800016c   0x0800016c   0x00000000   Code   RO         2606    .ARM.Collect$$libinit$$00000015  c_w.l(libinit2.o)
    0x0800016c   0x0800016c   0x00000000   Code   RO         2608    .ARM.Collect$$libinit$$00000017  c_w.l(libinit2.o)
    0x0800016c   0x0800016c   0x00000000   Code   RO         2610    .ARM.Collect$$libinit$$00000019  c_w.l(libinit2.o)
    0x0800016c   0x0800016c   0x00000000   Code   RO         2612    .ARM.Collect$$libinit$$0000001B  c_w.l(libinit2.o)
    0x0800016c   0x0800016c   0x00000000   Code   RO         2614    .ARM.Collect$$libinit$$0000001D  c_w.l(libinit2.o)
    0x0800016c   0x0800016c   0x00000000   Code   RO         2616    .ARM.Collect$$libinit$$0000001F  c_w.l(libinit2.o)
    0x0800016c   0x0800016c   0x00000000   Code   RO         2618    .ARM.Collect$$libinit$$00000021  c_w.l(libinit2.o)
    0x0800016c   0x0800016c   0x00000000   Code   RO         2620    .ARM.Collect$$libinit$$00000023  c_w.l(libinit2.o)
    0x0800016c   0x0800016c   0x00000000   Code   RO         2622    .ARM.Collect$$libinit$$00000025  c_w.l(libinit2.o)
    0x0800016c   0x0800016c   0x00000000   Code   RO         2626    .ARM.Collect$$libinit$$0000002C  c_w.l(libinit2.o)
    0x0800016c   0x0800016c   0x00000000   Code   RO         2628    .ARM.Collect$$libinit$$0000002E  c_w.l(libinit2.o)
    0x0800016c   0x0800016c   0x00000000   Code   RO         2630    .ARM.Collect$$libinit$$00000030  c_w.l(libinit2.o)
    0x0800016c   0x0800016c   0x00000000   Code   RO         2632    .ARM.Collect$$libinit$$00000032  c_w.l(libinit2.o)
    0x0800016c   0x0800016c   0x00000002   Code   RO         2633    .ARM.Collect$$libinit$$00000033  c_w.l(libinit2.o)
    0x0800016e   0x0800016e   0x00000002   Code   RO         2653    .ARM.Collect$$libshutdown$$00000000  c_w.l(libshutdown.o)
    0x08000170   0x08000170   0x00000000   Code   RO         2666    .ARM.Collect$$libshutdown$$00000002  c_w.l(libshutdown2.o)
    0x08000170   0x08000170   0x00000000   Code   RO         2668    .ARM.Collect$$libshutdown$$00000004  c_w.l(libshutdown2.o)
    0x08000170   0x08000170   0x00000000   Code   RO         2671    .ARM.Collect$$libshutdown$$00000007  c_w.l(libshutdown2.o)
    0x08000170   0x08000170   0x00000000   Code   RO         2674    .ARM.Collect$$libshutdown$$0000000A  c_w.l(libshutdown2.o)
    0x08000170   0x08000170   0x00000000   Code   RO         2676    .ARM.Collect$$libshutdown$$0000000C  c_w.l(libshutdown2.o)
    0x08000170   0x08000170   0x00000000   Code   RO         2679    .ARM.Collect$$libshutdown$$0000000F  c_w.l(libshutdown2.o)
    0x08000170   0x08000170   0x00000002   Code   RO         2680    .ARM.Collect$$libshutdown$$00000010  c_w.l(libshutdown2.o)
    0x08000172   0x08000172   0x00000000   Code   RO         2544    .ARM.Collect$$rtentry$$00000000  c_w.l(__rtentry.o)
    0x08000172   0x08000172   0x00000000   Code   RO         2558    .ARM.Collect$$rtentry$$00000002  c_w.l(__rtentry2.o)
    0x08000172   0x08000172   0x00000006   Code   RO         2570    .ARM.Collect$$rtentry$$00000004  c_w.l(__rtentry4.o)
    0x08000178   0x08000178   0x00000000   Code   RO         2560    .ARM.Collect$$rtentry$$00000009  c_w.l(__rtentry2.o)
    0x08000178   0x08000178   0x00000004   Code   RO         2561    .ARM.Collect$$rtentry$$0000000A  c_w.l(__rtentry2.o)
    0x0800017c   0x0800017c   0x00000000   Code   RO         2563    .ARM.Collect$$rtentry$$0000000C  c_w.l(__rtentry2.o)
    0x0800017c   0x0800017c   0x00000008   Code   RO         2564    .ARM.Collect$$rtentry$$0000000D  c_w.l(__rtentry2.o)
    0x08000184   0x08000184   0x00000002   Code   RO         2587    .ARM.Collect$$rtexit$$00000000  c_w.l(rtexit.o)
    0x08000186   0x08000186   0x00000000   Code   RO         2635    .ARM.Collect$$rtexit$$00000002  c_w.l(rtexit2.o)
    0x08000186   0x08000186   0x00000004   Code   RO         2636    .ARM.Collect$$rtexit$$00000003  c_w.l(rtexit2.o)
    0x0800018a   0x0800018a   0x00000006   Code   RO         2637    .ARM.Collect$$rtexit$$00000004  c_w.l(rtexit2.o)
    0x08000190   0x08000190   0x00000040   Code   RO            4    .text               startup_stm32f103xb.o
    0x080001d0   0x080001d0   0x00000026   Code   RO         2488    .text               c_w.l(llushr.o)
    0x080001f6   0x080001f6   0x00000002   PAD
    0x080001f8   0x080001f8   0x00000028   Code   RO         2492    .text               c_w.l(noretval__2sprintf.o)
    0x08000220   0x08000220   0x00000068   Code   RO         2494    .text               c_w.l(__printf.o)
    0x08000288   0x08000288   0x00000078   Code   RO         2496    .text               c_w.l(_printf_dec.o)
    0x08000300   0x08000300   0x0000004e   Code   RO         2520    .text               c_w.l(rt_memclr_w.o)
    0x0800034e   0x0800034e   0x00000006   Code   RO         2522    .text               c_w.l(heapauxi.o)
    0x08000354   0x08000354   0x000000b2   Code   RO         2545    .text               c_w.l(_printf_intcommon.o)
    0x08000406   0x08000406   0x00000002   PAD
    0x08000408   0x08000408   0x00000030   Code   RO         2547    .text               c_w.l(_printf_char_common.o)
    0x08000438   0x08000438   0x0000000a   Code   RO         2549    .text               c_w.l(_sputc.o)
    0x08000442   0x08000442   0x0000004a   Code   RO         2574    .text               c_w.l(sys_stackheap_outer.o)
    0x0800048c   0x0800048c   0x00000012   Code   RO         2576    .text               c_w.l(exit.o)
    0x0800049e   0x0800049e   0x00000002   PAD
    0x080004a0   0x080004a0   0x00000008   Code   RO         2584    .text               c_w.l(libspace.o)
    0x080004a8   0x080004a8   0x0000000c   Code   RO         2645    .text               c_w.l(sys_exit.o)
    0x080004b4   0x080004b4   0x00000002   Code   RO         2656    .text               c_w.l(use_no_semi.o)
    0x080004b6   0x080004b6   0x00000000   Code   RO         2658    .text               c_w.l(indicate_semi.o)
    0x080004b6   0x080004b6   0x00000002   PAD
    0x080004b8   0x080004b8   0x00000056   Code   RO          521    i.ADC_ConversionStop_Disable  stm32f1xx_hal_adc.o
    0x0800050e   0x0800050e   0x00000002   PAD
    0x08000510   0x08000510   0x0000007c   Code   RO          525    i.ADC_Enable        stm32f1xx_hal_adc.o
    0x0800058c   0x0800058c   0x00000002   Code   RO          349    i.BusFault_Handler  stm32f1xx_it.o
    0x0800058e   0x0800058e   0x00000002   PAD
    0x08000590   0x08000590   0x00000020   Code   RO         2357    i.DHT11_GPIO_Input  dht11.o
    0x080005b0   0x080005b0   0x00000020   Code   RO         2358    i.DHT11_GPIO_Output  dht11.o
    0x080005d0   0x080005d0   0x00000144   Code   RO         2359    i.DHT11_Read_Data   dht11.o
    0x08000714   0x08000714   0x0000000c   Code   RO          350    i.DMA1_Channel6_IRQHandler  stm32f1xx_it.o
    0x08000720   0x08000720   0x0000000c   Code   RO          351    i.DMA1_Channel7_IRQHandler  stm32f1xx_it.o
    0x0800072c   0x0800072c   0x00000002   Code   RO          352    i.DebugMon_Handler  stm32f1xx_it.o
    0x0800072e   0x0800072e   0x0000001e   Code   RO          353    i.EXTI15_10_IRQHandler  stm32f1xx_it.o
    0x0800074c   0x0800074c   0x00000004   Code   RO           13    i.Error_Handler     main.o
    0x08000750   0x08000750   0x00000024   Code   RO         1617    i.FLASH_MassErase   stm32f1xx_hal_flash_ex.o
    0x08000774   0x08000774   0x00000024   Code   RO         1622    i.FLASH_PageErase   stm32f1xx_hal_flash_ex.o
    0x08000798   0x08000798   0x0000001c   Code   RO         1514    i.FLASH_Program_HalfWord  stm32f1xx_hal_flash.o
    0x080007b4   0x080007b4   0x00000048   Code   RO         2392    i.FLASH_Read_Thresholds  flash.o
    0x080007fc   0x080007fc   0x0000005c   Code   RO         1515    i.FLASH_SetErrorCode  stm32f1xx_hal_flash.o
    0x08000858   0x08000858   0x00000054   Code   RO         1516    i.FLASH_WaitForLastOperation  stm32f1xx_hal_flash.o
    0x080008ac   0x080008ac   0x00000038   Code   RO         2393    i.FLASH_Write_Thresholds  flash.o
    0x080008e4   0x080008e4   0x000000fc   Code   RO          527    i.HAL_ADC_ConfigChannel  stm32f1xx_hal_adc.o
    0x080009e0   0x080009e0   0x00000006   Code   RO          534    i.HAL_ADC_GetValue  stm32f1xx_hal_adc.o
    0x080009e6   0x080009e6   0x00000002   PAD
    0x080009e8   0x080009e8   0x0000011c   Code   RO          536    i.HAL_ADC_Init      stm32f1xx_hal_adc.o
    0x08000b04   0x08000b04   0x00000058   Code   RO          194    i.HAL_ADC_MspInit   adc.o
    0x08000b5c   0x08000b5c   0x0000013c   Code   RO          540    i.HAL_ADC_PollForConversion  stm32f1xx_hal_adc.o
    0x08000c98   0x08000c98   0x000000c0   Code   RO          542    i.HAL_ADC_Start     stm32f1xx_hal_adc.o
    0x08000d58   0x08000d58   0x00000034   Code   RO          545    i.HAL_ADC_Stop      stm32f1xx_hal_adc.o
    0x08000d8c   0x08000d8c   0x00000046   Code   RO         1178    i.HAL_DMA_Abort     stm32f1xx_hal_dma.o
    0x08000dd2   0x08000dd2   0x00000002   PAD
    0x08000dd4   0x08000dd4   0x00000098   Code   RO         1179    i.HAL_DMA_Abort_IT  stm32f1xx_hal_dma.o
    0x08000e6c   0x08000e6c   0x00000154   Code   RO         1183    i.HAL_DMA_IRQHandler  stm32f1xx_hal_dma.o
    0x08000fc0   0x08000fc0   0x0000005c   Code   RO         1184    i.HAL_DMA_Init      stm32f1xx_hal_dma.o
    0x0800101c   0x0800101c   0x00000024   Code   RO          804    i.HAL_Delay         stm32f1xx_hal.o
    0x08001040   0x08001040   0x000000a8   Code   RO         1623    i.HAL_FLASHEx_Erase  stm32f1xx_hal_flash_ex.o
    0x080010e8   0x080010e8   0x00000014   Code   RO         1520    i.HAL_FLASH_Lock    stm32f1xx_hal_flash.o
    0x080010fc   0x080010fc   0x00000080   Code   RO         1525    i.HAL_FLASH_Program  stm32f1xx_hal_flash.o
    0x0800117c   0x0800117c   0x00000028   Code   RO         1527    i.HAL_FLASH_Unlock  stm32f1xx_hal_flash.o
    0x080011a4   0x080011a4   0x00000028   Code   RO         2425    i.HAL_GPIO_EXTI_Callback  ui.o
    0x080011cc   0x080011cc   0x00000018   Code   RO         1113    i.HAL_GPIO_EXTI_IRQHandler  stm32f1xx_hal_gpio.o
    0x080011e4   0x080011e4   0x000001e0   Code   RO         1114    i.HAL_GPIO_Init     stm32f1xx_hal_gpio.o
    0x080013c4   0x080013c4   0x0000000a   Code   RO         1116    i.HAL_GPIO_ReadPin  stm32f1xx_hal_gpio.o
    0x080013ce   0x080013ce   0x0000000a   Code   RO         1118    i.HAL_GPIO_WritePin  stm32f1xx_hal_gpio.o
    0x080013d8   0x080013d8   0x0000000c   Code   RO          808    i.HAL_GetTick       stm32f1xx_hal.o
    0x080013e4   0x080013e4   0x00000010   Code   RO          814    i.HAL_IncTick       stm32f1xx_hal.o
    0x080013f4   0x080013f4   0x00000024   Code   RO          815    i.HAL_Init          stm32f1xx_hal.o
    0x08001418   0x08001418   0x00000040   Code   RO          816    i.HAL_InitTick      stm32f1xx_hal.o
    0x08001458   0x08001458   0x0000003c   Code   RO          461    i.HAL_MspInit       stm32f1xx_hal_msp.o
    0x08001494   0x08001494   0x0000001a   Code   RO         1274    i.HAL_NVIC_EnableIRQ  stm32f1xx_hal_cortex.o
    0x080014ae   0x080014ae   0x00000002   PAD
    0x080014b0   0x080014b0   0x00000040   Code   RO         1280    i.HAL_NVIC_SetPriority  stm32f1xx_hal_cortex.o
    0x080014f0   0x080014f0   0x00000024   Code   RO         1281    i.HAL_NVIC_SetPriorityGrouping  stm32f1xx_hal_cortex.o
    0x08001514   0x08001514   0x000000a4   Code   RO         1075    i.HAL_RCCEx_GetPeriphCLKFreq  stm32f1xx_hal_rcc_ex.o
    0x080015b8   0x080015b8   0x000000ec   Code   RO         1076    i.HAL_RCCEx_PeriphCLKConfig  stm32f1xx_hal_rcc_ex.o
    0x080016a4   0x080016a4   0x0000012c   Code   RO          972    i.HAL_RCC_ClockConfig  stm32f1xx_hal_rcc.o
    0x080017d0   0x080017d0   0x00000020   Code   RO          979    i.HAL_RCC_GetPCLK1Freq  stm32f1xx_hal_rcc.o
    0x080017f0   0x080017f0   0x00000020   Code   RO          980    i.HAL_RCC_GetPCLK2Freq  stm32f1xx_hal_rcc.o
    0x08001810   0x08001810   0x0000004c   Code   RO          981    i.HAL_RCC_GetSysClockFreq  stm32f1xx_hal_rcc.o
    0x0800185c   0x0800185c   0x00000320   Code   RO          984    i.HAL_RCC_OscConfig  stm32f1xx_hal_rcc.o
    0x08001b7c   0x08001b7c   0x00000028   Code   RO         1285    i.HAL_SYSTICK_Config  stm32f1xx_hal_cortex.o
    0x08001ba4   0x08001ba4   0x00000002   Code   RO         1786    i.HAL_UARTEx_RxEventCallback  stm32f1xx_hal_uart.o
    0x08001ba6   0x08001ba6   0x00000002   Code   RO         1800    i.HAL_UART_ErrorCallback  stm32f1xx_hal_uart.o
    0x08001ba8   0x08001ba8   0x0000026c   Code   RO         1803    i.HAL_UART_IRQHandler  stm32f1xx_hal_uart.o
    0x08001e14   0x08001e14   0x00000064   Code   RO         1804    i.HAL_UART_Init     stm32f1xx_hal_uart.o
    0x08001e78   0x08001e78   0x00000130   Code   RO          266    i.HAL_UART_MspInit  usart.o
    0x08001fa8   0x08001fa8   0x0000001c   Code   RO         1809    i.HAL_UART_Receive_IT  stm32f1xx_hal_uart.o
    0x08001fc4   0x08001fc4   0x00000044   Code   RO          354    i.HAL_UART_RxCpltCallback  stm32f1xx_it.o
    0x08002008   0x08002008   0x00000002   Code   RO         1815    i.HAL_UART_TxCpltCallback  stm32f1xx_hal_uart.o
    0x0800200a   0x0800200a   0x00000002   Code   RO          355    i.HardFault_Handler  stm32f1xx_it.o
    0x0800200c   0x0800200c   0x00000044   Code   RO         2175    i.I2C_Start         oled.o
    0x08002050   0x08002050   0x00000034   Code   RO         2176    i.I2C_Stop          oled.o
    0x08002084   0x08002084   0x00000038   Code   RO         2177    i.I2C_WaitAck       oled.o
    0x080020bc   0x080020bc   0x0000000a   Code   RO         2178    i.IIC_delay         oled.o
    0x080020c6   0x080020c6   0x00000002   PAD
    0x080020c8   0x080020c8   0x0000002c   Code   RO          195    i.MQ5_Read_Value    adc.o
    0x080020f4   0x080020f4   0x00000050   Code   RO          196    i.MX_ADC1_Init      adc.o
    0x08002144   0x08002144   0x0000003c   Code   RO          241    i.MX_DMA_Init       dma.o
    0x08002180   0x08002180   0x000000cc   Code   RO          169    i.MX_GPIO_Init      gpio.o
    0x0800224c   0x0800224c   0x00000038   Code   RO          267    i.MX_USART1_UART_Init  usart.o
    0x08002284   0x08002284   0x00000038   Code   RO          268    i.MX_USART2_UART_Init  usart.o
    0x080022bc   0x080022bc   0x00000002   Code   RO          356    i.MemManage_Handler  stm32f1xx_it.o
    0x080022be   0x080022be   0x00000002   Code   RO          357    i.NMI_Handler       stm32f1xx_it.o
    0x080022c0   0x080022c0   0x0000002c   Code   RO         2179    i.OLED_Clear        oled.o
    0x080022ec   0x080022ec   0x0000002c   Code   RO         2186    i.OLED_DrawPoint    oled.o
    0x08002318   0x08002318   0x000000da   Code   RO         2187    i.OLED_Init         oled.o
    0x080023f2   0x080023f2   0x00000010   Code   RO         2188    i.OLED_Pow          oled.o
    0x08002402   0x08002402   0x00000002   PAD
    0x08002404   0x08002404   0x00000068   Code   RO         2189    i.OLED_Refresh      oled.o
    0x0800246c   0x0800246c   0x00000060   Code   RO         2190    i.OLED_Refresh_Line  oled.o
    0x080024cc   0x080024cc   0x000000e4   Code   RO         2191    i.OLED_ShowChar     oled.o
    0x080025b0   0x080025b0   0x00000128   Code   RO         2192    i.OLED_ShowGasConcentration  oled.o
    0x080026d8   0x080026d8   0x00000068   Code   RO         2193    i.OLED_ShowMQ5Value  oled.o
    0x08002740   0x08002740   0x0000006e   Code   RO         2194    i.OLED_ShowNum      oled.o
    0x080027ae   0x080027ae   0x0000003c   Code   RO         2196    i.OLED_ShowString   oled.o
    0x080027ea   0x080027ea   0x00000002   PAD
    0x080027ec   0x080027ec   0x000000d0   Code   RO         2197    i.OLED_ShowTempHumidity  oled.o
    0x080028bc   0x080028bc   0x00000036   Code   RO         2198    i.OLED_WR_Byte      oled.o
    0x080028f2   0x080028f2   0x00000002   Code   RO          358    i.PendSV_Handler    stm32f1xx_it.o
    0x080028f4   0x080028f4   0x00000002   Code   RO          359    i.SVC_Handler       stm32f1xx_it.o
    0x080028f6   0x080028f6   0x00000002   PAD
    0x080028f8   0x080028f8   0x00000054   Code   RO         2199    i.Send_Byte         oled.o
    0x0800294c   0x0800294c   0x00000004   Code   RO          360    i.SysTick_Handler   stm32f1xx_it.o
    0x08002950   0x08002950   0x00000072   Code   RO           14    i.SystemClock_Config  main.o
    0x080029c2   0x080029c2   0x00000002   Code   RO         2138    i.SystemInit        system_stm32f1xx.o
    0x080029c4   0x080029c4   0x00000010   Code   RO         1817    i.UART_DMAAbortOnError  stm32f1xx_hal_uart.o
    0x080029d4   0x080029d4   0x0000004e   Code   RO         1827    i.UART_EndRxTransfer  stm32f1xx_hal_uart.o
    0x08002a22   0x08002a22   0x00000002   PAD
    0x08002a24   0x08002a24   0x0000001c   Code   RO          270    i.UART_Get_CO2      usart.o
    0x08002a40   0x08002a40   0x0000004c   Code   RO          272    i.UART_Parse_Data   usart.o
    0x08002a8c   0x08002a8c   0x000000c2   Code   RO         1829    i.UART_Receive_IT   stm32f1xx_hal_uart.o
    0x08002b4e   0x08002b4e   0x00000002   PAD
    0x08002b50   0x08002b50   0x000000b8   Code   RO         1830    i.UART_SetConfig    stm32f1xx_hal_uart.o
    0x08002c08   0x08002c08   0x0000001c   Code   RO          274    i.UART_Start_Receive  usart.o
    0x08002c24   0x08002c24   0x00000036   Code   RO         1832    i.UART_Start_Receive_IT  stm32f1xx_hal_uart.o
    0x08002c5a   0x08002c5a   0x00000002   PAD
    0x08002c5c   0x08002c5c   0x00000120   Code   RO         2426    i.UI_Handle_Key_Events  ui.o
    0x08002d7c   0x08002d7c   0x000000b0   Code   RO         2427    i.UI_Init           ui.o
    0x08002e2c   0x08002e2c   0x00000028   Code   RO         2428    i.UI_Update         ui.o
    0x08002e54   0x08002e54   0x00000064   Code   RO         2429    i.UI_Update_Main_Display  ui.o
    0x08002eb8   0x08002eb8   0x0000000c   Code   RO          361    i.USART1_IRQHandler  stm32f1xx_it.o
    0x08002ec4   0x08002ec4   0x0000000c   Code   RO          362    i.USART2_IRQHandler  stm32f1xx_it.o
    0x08002ed0   0x08002ed0   0x00000294   Code   RO         2430    i.Update_Setting_Display  ui.o
    0x08003164   0x08003164   0x00000002   Code   RO          363    i.UsageFault_Handler  stm32f1xx_it.o
    0x08003166   0x08003166   0x00000020   Code   RO         1287    i.__NVIC_SetPriority  stm32f1xx_hal_cortex.o
    0x08003186   0x08003186   0x00000030   Code   RO           15    i.main              main.o
    0x080031b6   0x080031b6   0x00000002   PAD
    0x080031b8   0x080031b8   0x000000c4   Code   RO         2526    x$fpl$fadd          fz_ws.l(faddsub_clz.o)
    0x0800327c   0x0800327c   0x0000003e   Code   RO         2532    x$fpl$ffixu         fz_ws.l(ffixu.o)
    0x080032ba   0x080032ba   0x00000002   PAD
    0x080032bc   0x080032bc   0x00000026   Code   RO         2536    x$fpl$ffltu         fz_ws.l(fflt_clz.o)
    0x080032e2   0x080032e2   0x00000002   PAD
    0x080032e4   0x080032e4   0x00000102   Code   RO         2542    x$fpl$fmul          fz_ws.l(fmul.o)
    0x080033e6   0x080033e6   0x0000008c   Code   RO         2552    x$fpl$fnaninf       fz_ws.l(fnaninf.o)
    0x08003472   0x08003472   0x0000000a   Code   RO         2554    x$fpl$fretinf       fz_ws.l(fretinf.o)
    0x0800347c   0x0800347c   0x00000014   Code   RO         2527    x$fpl$frsb          fz_ws.l(faddsub_clz.o)
    0x08003490   0x08003490   0x000000ea   Code   RO         2528    x$fpl$fsub          fz_ws.l(faddsub_clz.o)
    0x0800357a   0x0800357a   0x00000000   Code   RO         2556    x$fpl$usenofp       fz_ws.l(usenofp.o)
    0x0800357a   0x0800357a   0x00000012   Data   RO          985    .constdata          stm32f1xx_hal_rcc.o
    0x0800358c   0x0800358c   0x00000012   Data   RO         1077    .constdata          stm32f1xx_hal_rcc_ex.o
    0x0800359e   0x0800359e   0x00000010   Data   RO         2139    .constdata          system_stm32f1xx.o
    0x080035ae   0x080035ae   0x00000008   Data   RO         2140    .constdata          system_stm32f1xx.o
    0x080035b6   0x080035b6   0x000019e8   Data   RO         2201    .constdata          oled.o
    0x08004f9e   0x08004f9e   0x00000002   PAD
    0x08004fa0   0x08004fa0   0x00000020   Data   RO         2711    Region$$Table       anon$$obj.o


    Execution Region RW_IRAM1 (Exec base: 0x20000000, Load base: 0x08004fc0, Size: 0x00000ca8, Max: 0x00005000, ABSOLUTE)

    Exec Addr    Load Addr    Size         Type   Attr      Idx    E Section Name        Object

    0x20000000   0x08004fc0   0x0000000c   Data   RW          822    .data               stm32f1xx_hal.o
    0x2000000c   0x08004fcc   0x00000004   Data   RW         2141    .data               system_stm32f1xx.o
    0x20000010   0x08004fd0   0x00000022   Data   RW         2431    .data               ui.o
    0x20000032   0x08004ff2   0x00000002   PAD
    0x20000034        -       0x00000030   Zero   RW          197    .bss                adc.o
    0x20000064        -       0x00000140   Zero   RW          275    .bss                usart.o
    0x200001a4   0x08004ff2   0x00000004   PAD
    0x200001a8        -       0x00000020   Zero   RW         1528    .bss                stm32f1xx_hal_flash.o
    0x200001c8        -       0x00000480   Zero   RW         2200    .bss                oled.o
    0x20000648        -       0x00000060   Zero   RW         2585    .bss                c_w.l(libspace.o)
    0x200006a8        -       0x00000200   Zero   RW            2    HEAP                startup_stm32f103xb.o
    0x200008a8        -       0x00000400   Zero   RW            1    STACK               startup_stm32f103xb.o


==============================================================================

Image component sizes


      Code (inc. data)   RO Data    RW Data    ZI Data      Debug   Object Name

       212         26          0          0         48       2170   adc.o
       388         22          0          0          0       2567   dht11.o
        60          4          0          0          0        774   dma.o
       128          8          0          0          0       2109   flash.o
       204         18          0          0          0        987   gpio.o
       166          0          0          0          0     418256   main.o
      1852        110       6632          0       1152      12595   oled.o
        64         26        236          0       1536        816   startup_stm32f103xb.o
       164         28          0         12          0       5941   stm32f1xx_hal.o
      1312         54          0          0          0       7271   stm32f1xx_hal_adc.o
       198         14          0          0          0      28983   stm32f1xx_hal_cortex.o
       654         36          0          0          0       3411   stm32f1xx_hal_dma.o
       392         46          0          0         32       4770   stm32f1xx_hal_flash.o
       240         26          0          0          0       3269   stm32f1xx_hal_flash_ex.o
       524         40          0          0          0       4134   stm32f1xx_hal_gpio.o
        60          8          0          0          0        886   stm32f1xx_hal_msp.o
      1240         84         18          0          0       5140   stm32f1xx_hal_rcc.o
       400         28         18          0          0       2485   stm32f1xx_hal_rcc_ex.o
      1280         10          0          0          0       8904   stm32f1xx_hal_uart.o
       166         36          0          0          0       7157   stm32f1xx_it.o
         2          0         24          4          0       1131   system_stm32f1xx.o
      1304        270          0         34          0       5149   ui.o
       548         60          0          0        320       4201   usart.o

    ----------------------------------------------------------------------
     11584        954       6962         52       3092     533106   Object Totals
         0          0         32          0          0          0   (incl. Generated)
        26          0          2          2          4          0   (incl. Padding)

    ----------------------------------------------------------------------

      Code (inc. data)   RO Data    RW Data    ZI Data      Debug   Library Member Name

         8          0          0          0          0         68   __main.o
       104          0          0          0          0         84   __printf.o
         0          0          0          0          0          0   __rtentry.o
        12          0          0          0          0          0   __rtentry2.o
         6          0          0          0          0          0   __rtentry4.o
        52          8          0          0          0          0   __scatter.o
        26          0          0          0          0          0   __scatter_copy.o
        28          0          0          0          0          0   __scatter_zi.o
        48          6          0          0          0         96   _printf_char_common.o
         6          0          0          0          0          0   _printf_d.o
       120         16          0          0          0         92   _printf_dec.o
       178          0          0          0          0         88   _printf_intcommon.o
         0          0          0          0          0          0   _printf_percent.o
         4          0          0          0          0          0   _printf_percent_end.o
        10          0          0          0          0         68   _sputc.o
        18          0          0          0          0         80   exit.o
         6          0          0          0          0        152   heapauxi.o
         0          0          0          0          0          0   indicate_semi.o
         2          0          0          0          0          0   libinit.o
         2          0          0          0          0          0   libinit2.o
         2          0          0          0          0          0   libshutdown.o
         2          0          0          0          0          0   libshutdown2.o
         8          4          0          0         96         68   libspace.o
        38          0          0          0          0         68   llushr.o
        40          6          0          0          0         84   noretval__2sprintf.o
        78          0          0          0          0         80   rt_memclr_w.o
         2          0          0          0          0          0   rtexit.o
        10          0          0          0          0          0   rtexit2.o
        12          4          0          0          0         68   sys_exit.o
        74          0          0          0          0         80   sys_stackheap_outer.o
         2          0          0          0          0         68   use_no_semi.o
       450          8          0          0          0        236   faddsub_clz.o
        62          4          0          0          0         84   ffixu.o
        38          0          0          0          0         68   fflt_clz.o
       258          4          0          0          0         84   fmul.o
       140          4          0          0          0         84   fnaninf.o
        10          0          0          0          0         68   fretinf.o
         0          0          0          0          0          0   usenofp.o

    ----------------------------------------------------------------------
      1870         64          0          0         96       1868   Library Totals
        14          0          0          0          0          0   (incl. Padding)

    ----------------------------------------------------------------------

      Code (inc. data)   RO Data    RW Data    ZI Data      Debug   Library Name

       898         44          0          0         96       1244   c_w.l
       958         20          0          0          0        624   fz_ws.l

    ----------------------------------------------------------------------
      1870         64          0          0         96       1868   Library Totals

    ----------------------------------------------------------------------

==============================================================================


      Code (inc. data)   RO Data    RW Data    ZI Data      Debug   

     13454       1018       6962         52       3188     528418   Grand Totals
     13454       1018       6962         52       3188     528418   ELF Image Totals
     13454       1018       6962         52          0          0   ROM Totals

==============================================================================

    Total RO  Size (Code + RO Data)                20416 (  19.94kB)
    Total RW  Size (RW Data + ZI Data)              3240 (   3.16kB)
    Total ROM Size (Code + RO Data + RW Data)      20468 (  19.99kB)

==============================================================================

